Archive member included to satisfy reference by file (symbol)

/opt/devkitpro/libctru/lib/libcitro2d.a(base.o)
                              main.o (C2D_Init)
/opt/devkitpro/libctru/lib/libcitro2d.a(spritesheet.o)
                              main.o (C2D_SpriteSheetLoad)
/opt/devkitpro/libctru/lib/libcitro2d.a(render2d.shbin.o)
                              /opt/devkitpro/libctru/lib/libcitro2d.a(base.o) (render2d_shbin)
/opt/devkitpro/libctru/lib/libcitro3d.a(attribs.o)
                              /opt/devkitpro/libctru/lib/libcitro2d.a(base.o) (AttrInfo_Init)
/opt/devkitpro/libctru/lib/libcitro3d.a(base.o)
                              /opt/devkitpro/libctru/lib/libcitro3d.a(attribs.o) (__C3D_Context)
/opt/devkitpro/libctru/lib/libcitro3d.a(buffers.o)
                              /opt/devkitpro/libctru/lib/libcitro2d.a(base.o) (BufInfo_Init)
/opt/devkitpro/libctru/lib/libcitro3d.a(drawElements.o)
                              /opt/devkitpro/libctru/lib/libcitro2d.a(base.o) (C3D_DrawElements)
/opt/devkitpro/libctru/lib/libcitro3d.a(effect.o)
                              /opt/devkitpro/libctru/lib/libcitro3d.a(base.o) (C3D_DepthMap)
/opt/devkitpro/libctru/lib/libcitro3d.a(framebuffer.o)
                              /opt/devkitpro/libctru/lib/libcitro3d.a(base.o) (C3Di_FrameBufBind)
/opt/devkitpro/libctru/lib/libcitro3d.a(immediate.o)
                              /opt/devkitpro/libctru/lib/libcitro3d.a(base.o) (C3D_ImmSendAttrib)
/opt/devkitpro/libctru/lib/libcitro3d.a(proctex.o)
                              /opt/devkitpro/libctru/lib/libcitro2d.a(base.o) (C3D_ProcTexInit)
/opt/devkitpro/libctru/lib/libcitro3d.a(renderqueue.o)
                              /opt/devkitpro/libctru/lib/libcitro3d.a(base.o) (C3Di_RenderQueueEnableVBlank)
/opt/devkitpro/libctru/lib/libcitro3d.a(tex3ds.o)
                              /opt/devkitpro/libctru/lib/libcitro2d.a(spritesheet.o) (Tex3DS_TextureImport)
/opt/devkitpro/libctru/lib/libcitro3d.a(texenv.o)
                              /opt/devkitpro/libctru/lib/libcitro2d.a(base.o) (C3D_GetTexEnv)
/opt/devkitpro/libctru/lib/libcitro3d.a(texture.o)
                              /opt/devkitpro/libctru/lib/libcitro3d.a(tex3ds.o) (C3D_TexInitWithParams)
/opt/devkitpro/libctru/lib/libcitro3d.a(uniforms.o)
                              /opt/devkitpro/libctru/lib/libcitro3d.a(base.o) (C3D_UpdateUniforms)
/opt/devkitpro/libctru/lib/libcitro3d.a(mtx_multiply.o)
                              /opt/devkitpro/libctru/lib/libcitro2d.a(base.o) (Mtx_Multiply)
/opt/devkitpro/libctru/lib/libcitro3d.a(mtx_ortho.o)
                              /opt/devkitpro/libctru/lib/libcitro2d.a(base.o) (Mtx_Ortho)
/opt/devkitpro/libctru/lib/libcitro3d.a(mtx_orthotilt.o)
                              /opt/devkitpro/libctru/lib/libcitro2d.a(base.o) (Mtx_OrthoTilt)
/opt/devkitpro/libctru/lib/libcitro3d.a(mtx_rotatez.o)
                              /opt/devkitpro/libctru/lib/libcitro2d.a(base.o) (Mtx_RotateZ)
/opt/devkitpro/libctru/lib/libcitro3d.a(mtx_scale.o)
                              /opt/devkitpro/libctru/lib/libcitro2d.a(base.o) (Mtx_Scale)
/opt/devkitpro/libctru/lib/libcitro3d.a(mtx_translate.o)
                              /opt/devkitpro/libctru/lib/libcitro2d.a(base.o) (Mtx_Translate)
/opt/devkitpro/libctru/lib/libctru.a(vram.o)
                              /opt/devkitpro/libctru/lib/libcitro3d.a(renderqueue.o) (vramAlloc)
/opt/devkitpro/libctru/lib/libctru.a(linear.o)
                              /opt/devkitpro/libctru/lib/libcitro2d.a(base.o) (linearAlloc)
/opt/devkitpro/libctru/lib/libctru.a(mem_pool.o)
                              /opt/devkitpro/libctru/lib/libctru.a(vram.o) (MemPool::Allocate(MemChunk&, unsigned long, int))
/opt/devkitpro/libctru/lib/libctru.a(romfs_dev.o)
                              main.o (romfsMountSelf)
/opt/devkitpro/libctru/lib/libctru.a(os.o)
                              /opt/devkitpro/libctru/lib/libcitro3d.a(buffers.o) (osConvertVirtToPhys)
/opt/devkitpro/libctru/lib/libctru.a(console.o)
                              main.o (consoleInit)
/opt/devkitpro/libctru/lib/libctru.a(path_buf.o)
                              /opt/devkitpro/libctru/lib/libctru.a(romfs_dev.o) (__ctru_dev_utf16_buf)
/opt/devkitpro/libctru/lib/libctru.a(gfx.o)
                              /opt/devkitpro/libctru/lib/libcitro2d.a(base.o) (gfxIsWide)
/opt/devkitpro/libctru/lib/libctru.a(shaderProgram.o)
                              /opt/devkitpro/libctru/lib/libcitro2d.a(base.o) (shaderInstanceGetUniformLocation)
/opt/devkitpro/libctru/lib/libctru.a(shbin.o)
                              /opt/devkitpro/libctru/lib/libcitro2d.a(base.o) (DVLB_ParseFile)
/opt/devkitpro/libctru/lib/libctru.a(gx.o)
                              /opt/devkitpro/libctru/lib/libcitro3d.a(renderqueue.o) (GX_BindQueue)
/opt/devkitpro/libctru/lib/libctru.a(gxqueue.o)
                              /opt/devkitpro/libctru/lib/libcitro3d.a(renderqueue.o) (gxCmdQueueClear)
/opt/devkitpro/libctru/lib/libctru.a(gpu.o)
[...]
Memory Configuration

Name             Origin             Length             Attributes
*default*        0x00000000         0xffffffff

Linker script and memory map

                0x00000000                        __sync_synchronize = __sync_synchronize_dmb
                0x00100000                        PROVIDE (__start__ = 0x100000)
                0x00100000                        . = __start__

.text           0x00100000    0x20de0
 *(.crt0)
 .crt0          0x00100000       0x94 /opt/devkitpro/devkitARM/bin/../lib/gcc/arm-none-eabi/14.2.0/../../../../arm-none-eabi/lib/armv6k/fpu/3dsx_crt0.o
                0x00100000                _start
                0x00100008                __service_ptr
                0x0010000c                __apt_appid
                0x00100010                __heap_size
                0x00100014                __linear_heap_size
                0x00100018                __system_arglist
                0x0010001c                __system_runflags
 *(.init)
 .init          0x00100094        0xc /opt/devkitpro/devkitARM/bin/../lib/gcc/arm-none-eabi/14.2.0/armv6k/fpu/crti.o
                0x00100094                _init
 .init          0x001000a0        0xc /opt/devkitpro/devkitARM/bin/../lib/gcc/arm-none-eabi/14.2.0/armv6k/fpu/crtn.o
                0x001000ac                        . = ALIGN (0x4)
 *(.text)
 .text          0x001000ac      0x20c /opt/devkitpro/devkitARM/bin/../lib/gcc/arm-none-eabi/14.2.0/armv6k/fpu/libgcc.a(_udivsi3.o)
                0x001000ac                __udivsi3
                0x001000ac                __aeabi_uidiv
                0x00100298                __aeabi_uidivmod
 .text          0x001002b8      0x240 /opt/devkitpro/devkitARM/bin/../lib/gcc/arm-none-eabi/14.2.0/armv6k/fpu/libgcc.a(_divsi3.o)
                0x001002b8                __aeabi_idiv
                0x001002b8                __divsi3
                0x001004d8                __aeabi_idivmod
 .text          0x001004f8        0x4 /opt/devkitpro/devkitARM/bin/../lib/gcc/arm-none-eabi/14.2.0/armv6k/fpu/libgcc.a(_dvmd_tls.o)
                0x001004f8                __aeabi_ldiv0
                0x001004f8                __aeabi_idiv0
 .text          0x001004fc      0x3c0 /opt/devkitpro/devkitARM/bin/../lib/gcc/arm-none-eabi/14.2.0/armv6k/fpu/libgcc.a(_arm_addsubdf3.o)
                0x001004fc                __aeabi_drsub
                0x00100504                __aeabi_dsub
                0x00100504                __subdf3
                0x00100508                __adddf3
                0x00100508                __aeabi_dadd
                0x001007b4                __aeabi_ui2d
                0x001007b4                __floatunsidf
                0x001007d8                __floatsidf
                0x001007d8                __aeabi_i2d
                0x00100800                __extendsfdf2
                0x00100800                __aeabi_f2d
                0x00100848                __aeabi_ul2d
                0x00100848                __floatundidf
                0x0010085c                __floatdidf
                0x0010085c                __aeabi_l2d
 .text          0x001008bc       0xd4 /opt/devkitpro/devkitARM/bin/../lib/gcc/arm-none-eabi/14.2.0/armv6k/fpu/libgcc.a(_aeabi_ldivmod.o)
                0x001008bc                __aeabi_ldivmod
 .text          0x00100990       0x3c /opt/devkitpro/devkitARM/bin/../lib/gcc/arm-none-eabi/14.2.0/armv6k/fpu/libgcc.a(_aeabi_uldivmod.o)
                0x00100990                __aeabi_uldivmod
 *fill*         0x001009cc       0x14 
 .text          0x001009e0      0x390 /opt/devkitpro/devkitARM/bin/../lib/gcc/arm-none-eabi/14.2.0/../../../../arm-none-eabi/lib/armv6k/fpu/libg.a(libc_a-strcmp.o)
                0x001009e8                strcmp
 *(.text.*)
 .text.__do_global_dtors_aux
                0x00100d70       0x40 /opt/devkitpro/devkitARM/bin/../lib/gcc/arm-none-eabi/14.2.0/armv6k/fpu/crtbegin.o
 .text.frame_dummy
                0x00100db0       0x2c /opt/devkitpro/devkitARM/bin/../lib/gcc/arm-none-eabi/14.2.0/armv6k/fpu/crtbegin.o
 .text.startup.main
                0x00100ddc      0x1dc main.o
                0x00100ddc                main
 .text.C2Di_FrameEndHook
                0x00100fb8       0x44 /opt/devkitpro/libctru/lib/libcitro2d.a(base.o)
 *fill*         0x00100ffc        0x4 
 .text.C2D_Init
                0x00101000      0x36c /opt/devkitpro/libctru/lib/libcitro2d.a(base.o)
                0x00101000                C2D_Init
 .text.C2D_Fini
                0x0010136c       0x4c /opt/devkitpro/libctru/lib/libcitro2d.a(base.o)
                0x0010136c                C2D_Fini
 .text.C2D_Prepare
                0x001013b8       0xb8 /opt/devkitpro/libctru/lib/libcitro2d.a(base.o)
                0x001013b8                C2D_Prepare
 .text.C2D_Flush
                0x00101470       0x48 /opt/devkitpro/libctru/lib/libcitro2d.a(base.o)
                0x00101470                C2D_Flush
 .text.C2D_SceneSize
                0x001014b8      0x104 /opt/devkitpro/libctru/lib/libcitro2d.a(base.o)
                0x001014b8                C2D_SceneSize
 .text.C2D_CreateScreenTarget
                0x001015bc       0x58 /opt/devkitpro/libctru/lib/libcitro2d.a(base.o)
                0x001015bc                C2D_CreateScreenTarget
 .text.C2D_TargetClear
                0x00101614       0x64 /opt/devkitpro/libctru/lib/libcitro2d.a(base.o)
                0x00101614                C2D_TargetClear
 .text.C2Di_CalcQuad
                0x00101678      0x13c /opt/devkitpro/libctru/lib/libcitro2d.a(base.o)
                0x00101678                C2Di_CalcQuad
 .text.C2Di_AppendQuad
                0x001017b4       0x58 /opt/devkitpro/libctru/lib/libcitro2d.a(base.o)
                0x001017b4                C2Di_AppendQuad
 .text.C2Di_Update
                0x0010180c      0x550 /opt/devkitpro/libctru/lib/libcitro2d.a(base.o)
                0x0010180c                C2Di_Update
 .text.C2D_DrawImage
                0x00101d5c      0x2b0 /opt/devkitpro/libctru/lib/libcitro2d.a(base.o)
                0x00101d5c                C2D_DrawImage
 .text.C2D_SpriteSheetLoadFromHandle
                0x0010200c       0x6c /opt/devkitpro/libctru/lib/libcitro2d.a(spritesheet.o)
                0x0010200c                C2D_SpriteSheetLoadFromHandle
 .text.C2D_SpriteSheetLoad
                0x00102078       0x48 /opt/devkitpro/libctru/lib/libcitro2d.a(spritesheet.o)
                0x00102078                C2D_SpriteSheetLoad
 .text.C2D_SpriteSheetFree
                0x001020c0       0x28 /opt/devkitpro/libctru/lib/libcitro2d.a(spritesheet.o)
                0x001020c0                C2D_SpriteSheetFree
 .text.C2D_SpriteSheetGetImage
                0x001020e8       0x2c /opt/devkitpro/libctru/lib/libcitro2d.a(spritesheet.o)
                0x001020e8                C2D_SpriteSheetGetImage
 .text.AttrInfo_Init
                0x00102114       0x28 /opt/devkitpro/libctru/lib/libcitro3d.a(attribs.o)
                0x00102114                AttrInfo_Init
 .text.AttrInfo_AddLoader
                0x0010213c       0x94 /opt/devkitpro/libctru/lib/libcitro3d.a(attribs.o)
                0x0010213c                AttrInfo_AddLoader
 .text.C3D_SetAttrInfo
                0x001021d0       0x54 /opt/devkitpro/libctru/lib/libcitro3d.a(attribs.o)
                0x001021d0                C3D_SetAttrInfo
 .text.C3Di_AttrInfoBind
                0x00102224       0x80 /opt/devkitpro/libctru/lib/libcitro3d.a(attribs.o)
                0x00102224                C3Di_AttrInfoBind
 .text.C3Di_LightEnvUpdate
                0x001022a4        0x4 /opt/devkitpro/libctru/lib/libcitro3d.a(base.o)
                0x001022a4                C3Di_LightEnvUpdate
 .text.C3Di_LightEnvDirty
                0x001022a8        0x4 /opt/devkitpro/libctru/lib/libcitro3d.a(base.o)
                0x001022a8                C3Di_LightEnvDirty
 .text.C3Di_AptEventHook
                0x001022ac       0xb4 /opt/devkitpro/libctru/lib/libcitro3d.a(base.o)
 .text.C3Di_GasUpdate
                0x00102360        0x4 /opt/devkitpro/libctru/lib/libcitro3d.a(base.o)
                0x00102360                C3Di_GasUpdate
 .text.C3D_Init
                0x00102364      0x1d0 /opt/devkitpro/libctru/lib/libcitro3d.a(base.o)
                0x00102364                C3D_Init
 .text.C3D_SetViewport
                0x00102534       0x98 /opt/devkitpro/libctru/lib/libcitro3d.a(base.o)
                0x00102534                C3D_SetViewport
 .text.C3Di_UpdateContext
                0x001025cc      0x4e8 /opt/devkitpro/libctru/lib/libcitro3d.a(base.o)
                0x001025cc                C3Di_UpdateContext
 .text.C3Di_SplitFrame
                0x00102ab4       0xe0 /opt/devkitpro/libctru/lib/libcitro3d.a(base.o)
                0x00102ab4                C3Di_SplitFrame
 .text.C3D_GetCmdBufUsage
                0x00102b94       0x10 /opt/devkitpro/libctru/lib/libcitro3d.a(base.o)
                0x00102b94                C3D_GetCmdBufUsage
 .text.C3D_Fini
                0x00102ba4       0x44 /opt/devkitpro/libctru/lib/libcitro3d.a(base.o)
                0x00102ba4                C3D_Fini
 .text.C3D_BindProgram
                0x00102be8      0x194 /opt/devkitpro/libctru/lib/libcitro3d.a(base.o)
                0x00102be8                C3D_BindProgram
 .text.BufInfo_Init
                0x00102d7c       0x24 /opt/devkitpro/libctru/lib/libcitro3d.a(buffers.o)
                0x00102d7c                BufInfo_Init
 .text.BufInfo_Add
                0x00102da0       0x80 /opt/devkitpro/libctru/lib/libcitro3d.a(buffers.o)
                0x00102da0                BufInfo_Add
 .text.C3D_SetBufInfo
                0x00102e20       0x3c /opt/devkitpro/libctru/lib/libcitro3d.a(buffers.o)
                0x00102e20                C3D_SetBufInfo
 .text.C3Di_BufInfoBind
                0x00102e5c       0x48 /opt/devkitpro/libctru/lib/libcitro3d.a(buffers.o)
                0x00102e5c                C3Di_BufInfoBind
 .text.C3D_DrawElements
                0x00102ea4      0x21c /opt/devkitpro/libctru/lib/libcitro3d.a(drawElements.o)
                0x00102ea4                C3D_DrawElements
 .text.C3D_DepthMap
                0x001030c0       0x40 /opt/devkitpro/libctru/lib/libcitro3d.a(effect.o)
                0x001030c0                C3D_DepthMap
 .text.C3D_CullFace
                0x00103100       0x1c /opt/devkitpro/libctru/lib/libcitro3d.a(effect.o)
                0x00103100                C3D_CullFace
 .text.C3D_StencilTest
                0x0010311c       0x40 /opt/devkitpro/libctru/lib/libcitro3d.a(effect.o)
                0x0010311c                C3D_StencilTest
 .text.C3D_StencilOp
                0x0010315c       0x24 /opt/devkitpro/libctru/lib/libcitro3d.a(effect.o)
                0x0010315c                C3D_StencilOp
 .text.C3D_BlendingColor
                0x00103180       0x1c /opt/devkitpro/libctru/lib/libcitro3d.a(effect.o)
                0x00103180                C3D_BlendingColor
 .text.C3D_EarlyDepthTest
                0x0010319c       0x24 /opt/devkitpro/libctru/lib/libcitro3d.a(effect.o)
                0x0010319c                C3D_EarlyDepthTest
 .text.C3D_DepthTest
                0x001031c0       0x2c /opt/devkitpro/libctru/lib/libcitro3d.a(effect.o)
                0x001031c0                C3D_DepthTest
 .text.C3D_AlphaTest
                0x001031ec       0x2c /opt/devkitpro/libctru/lib/libcitro3d.a(effect.o)
                0x001031ec                C3D_AlphaTest
 .text.C3D_AlphaBlend
                0x00103218       0x50 /opt/devkitpro/libctru/lib/libcitro3d.a(effect.o)
                0x00103218                C3D_AlphaBlend
 .text.C3D_FragOpMode
                0x00103268       0x30 /opt/devkitpro/libctru/lib/libcitro3d.a(effect.o)
                0x00103268                C3D_FragOpMode
 .text.C3D_FragOpShadow
                0x00103298       0x44 /opt/devkitpro/libctru/lib/libcitro3d.a(effect.o)
                0x00103298                C3D_FragOpShadow
 .text.C3Di_EffectBind
                0x001032dc      0x1ac /opt/devkitpro/libctru/lib/libcitro3d.a(effect.o)
                0x001032dc                C3Di_EffectBind
 .text.C3D_CalcColorBufSize
                0x00103488       0x1c /opt/devkitpro/libctru/lib/libcitro3d.a(framebuffer.o)
                0x00103488                C3D_CalcColorBufSize
 .text.C3D_CalcDepthBufSize
                0x001034a4       0x1c /opt/devkitpro/libctru/lib/libcitro3d.a(framebuffer.o)
                0x001034a4                C3D_CalcDepthBufSize
 .text.C3D_SetFrameBuf
                0x001034c0       0x44 /opt/devkitpro/libctru/lib/libcitro3d.a(framebuffer.o)
                0x001034c0                C3D_SetFrameBuf
 .text.C3Di_FrameBufBind
                0x00103504      0x16c /opt/devkitpro/libctru/lib/libcitro3d.a(framebuffer.o)
                0x00103504                C3Di_FrameBufBind
 .text.C3D_FrameBufClear
                0x00103670       0xc8 /opt/devkitpro/libctru/lib/libcitro3d.a(framebuffer.o)
                0x00103670                C3D_FrameBufClear
 .text.C3D_FrameBufTransfer
                0x00103738       0x44 /opt/devkitpro/libctru/lib/libcitro3d.a(framebuffer.o)
                0x00103738                C3D_FrameBufTransfer
 .text.C3D_ImmSendAttrib
                0x0010377c       0xa8 /opt/devkitpro/libctru/lib/libcitro3d.a(immediate.o)
                0x0010377c                C3D_ImmSendAttrib
 .text.C3D_ProcTexInit
                0x00103824       0x70 /opt/devkitpro/libctru/lib/libcitro3d.a(proctex.o)
                0x00103824                C3D_ProcTexInit
 .text.C3D_ProcTexBind
                0x00103894       0x54 /opt/devkitpro/libctru/lib/libcitro3d.a(proctex.o)
                0x00103894                C3D_ProcTexBind
 .text.C3D_ProcTexLutBind
                0x001038e8       0x5c /opt/devkitpro/libctru/lib/libcitro3d.a(proctex.o)
                0x001038e8                C3D_ProcTexLutBind
 .text.ProcTexLut_FromArray
                0x00103944       0xa4 /opt/devkitpro/libctru/lib/libcitro3d.a(proctex.o)
                0x00103944                ProcTexLut_FromArray
 .text.C3Di_ProcTexUpdate
                0x001039e8      0x178 /opt/devkitpro/libctru/lib/libcitro3d.a(proctex.o)
                0x001039e8                C3Di_ProcTexUpdate
 .text.C3Di_ProcTexDirty
                0x00103b60       0x68 /opt/devkitpro/libctru/lib/libcitro3d.a(proctex.o)
                0x00103b60                C3Di_ProcTexDirty
 .text.onVBlank0
                0x00103bc8       0x4c /opt/devkitpro/libctru/lib/libcitro3d.a(renderqueue.o)
 .text.onVBlank1
                0x00103c14       0x4c /opt/devkitpro/libctru/lib/libcitro3d.a(renderqueue.o)
 .text.C3Di_RenderTargetDestroy
                0x00103c60       0x80 /opt/devkitpro/libctru/lib/libcitro3d.a(renderqueue.o)
 .text.onQueueFinish
                0x00103ce0       0xf4 /opt/devkitpro/libctru/lib/libcitro3d.a(renderqueue.o)
 .text.C3Di_RenderQueueEnableVBlank
                0x00103dd4       0x38 /opt/devkitpro/libctru/lib/libcitro3d.a(renderqueue.o)
                0x00103dd4                C3Di_RenderQueueEnableVBlank
 .text.C3Di_RenderQueueDisableVBlank
                0x00103e0c       0x30 /opt/devkitpro/libctru/lib/libcitro3d.a(renderqueue.o)
                0x00103e0c                C3Di_RenderQueueDisableVBlank
 .text.C3Di_RenderQueueInit
                0x00103e3c       0x60 /opt/devkitpro/libctru/lib/libcitro3d.a(renderqueue.o)
                0x00103e3c                C3Di_RenderQueueInit
 .text.C3Di_RenderQueueExit
                0x00103e9c       0xb4 /opt/devkitpro/libctru/lib/libcitro3d.a(renderqueue.o)
                0x00103e9c                C3Di_RenderQueueExit
 .text.C3Di_RenderQueueWaitDone
                0x00103f50       0x34 /opt/devkitpro/libctru/lib/libcitro3d.a(renderqueue.o)
                0x00103f50                C3Di_RenderQueueWaitDone
 .text.C3D_FrameBegin
                0x00103f84       0xe8 /opt/devkitpro/libctru/lib/libcitro3d.a(renderqueue.o)
                0x00103f84                C3D_FrameBegin
 .text.C3D_FrameDrawOn
                0x0010406c       0x48 /opt/devkitpro/libctru/lib/libcitro3d.a(renderqueue.o)
                0x0010406c                C3D_FrameDrawOn
 .text.C3D_FrameSplit
                0x001040b4       0x58 /opt/devkitpro/libctru/lib/libcitro3d.a(renderqueue.o)
                0x001040b4                C3D_FrameSplit
 .text.C3D_FrameEnd
                0x0010410c      0x1d0 /opt/devkitpro/libctru/lib/libcitro3d.a(renderqueue.o)
                0x0010410c                C3D_FrameEnd
 .text.C3D_FrameEndHook
                0x001042dc       0x1c /opt/devkitpro/libctru/lib/libcitro3d.a(renderqueue.o)
                0x001042dc                C3D_FrameEndHook
 .text.C3D_GetDrawingTime
                0x001042f8       0x18 /opt/devkitpro/libctru/lib/libcitro3d.a(renderqueue.o)
                0x001042f8                C3D_GetDrawingTime
 .text.C3D_GetProcessingTime
                0x00104310       0x18 /opt/devkitpro/libctru/lib/libcitro3d.a(renderqueue.o)
                0x00104310                C3D_GetProcessingTime
 .text.C3D_RenderTargetCreate
                0x00104328      0x170 /opt/devkitpro/libctru/lib/libcitro3d.a(renderqueue.o)
                0x00104328                C3D_RenderTargetCreate
 .text.C3D_RenderTargetSetOutput
                0x00104498       0xa8 /opt/devkitpro/libctru/lib/libcitro3d.a(renderqueue.o)
                0x00104498                C3D_RenderTargetSetOutput
 .text.C3D_SyncTextureCopy
                0x00104540       0xfc /opt/devkitpro/libctru/lib/libcitro3d.a(renderqueue.o)
                0x00104540                C3D_SyncTextureCopy
 .text.Tex3DSi_ImportCommon
                0x0010463c      0x3d8 /opt/devkitpro/libctru/lib/libcitro3d.a(tex3ds.o)
 .text.Tex3DS_TextureImportStdio
                0x00104a14       0x38 /opt/devkitpro/libctru/lib/libcitro3d.a(tex3ds.o)
                0x00104a14                Tex3DS_TextureImportStdio
 .text.Tex3DS_GetSubTexture
                0x00104a4c       0x1c /opt/devkitpro/libctru/lib/libcitro3d.a(tex3ds.o)
                0x00104a4c                Tex3DS_GetSubTexture
 .text.Tex3DS_TextureFree
                0x00104a68        0x4 /opt/devkitpro/libctru/lib/libcitro3d.a(tex3ds.o)
                0x00104a68                Tex3DS_TextureFree
 .text.C3D_GetTexEnv
                0x00104a6c       0x34 /opt/devkitpro/libctru/lib/libcitro3d.a(texenv.o)
                0x00104a6c                C3D_GetTexEnv
 .text.C3Di_TexEnvBind
                0x00104aa0       0x24 /opt/devkitpro/libctru/lib/libcitro3d.a(texenv.o)
                0x00104aa0                C3Di_TexEnvBind
 .text.C3D_TexInitWithParams
                0x00104ac4      0x290 /opt/devkitpro/libctru/lib/libcitro3d.a(texture.o)
                0x00104ac4                C3D_TexInitWithParams
 .text.C3D_TexLoadImage
                0x00104d54       0xc8 /opt/devkitpro/libctru/lib/libcitro3d.a(texture.o)
                0x00104d54                C3D_TexLoadImage
 .text.C3D_TexBind
                0x00104e1c       0x44 /opt/devkitpro/libctru/lib/libcitro3d.a(texture.o)
                0x00104e1c                C3D_TexBind
 .text.C3D_TexDelete
                0x00104e60       0x74 /opt/devkitpro/libctru/lib/libcitro3d.a(texture.o)
                0x00104e60                C3D_TexDelete
 .text.C3Di_SetTex
                0x00104ed4      0x14c /opt/devkitpro/libctru/lib/libcitro3d.a(texture.o)
                0x00104ed4                C3Di_SetTex
 .text.C3D_UpdateUniforms
                0x00105020      0x290 /opt/devkitpro/libctru/lib/libcitro3d.a(uniforms.o)
                0x00105020                C3D_UpdateUniforms
 .text.C3Di_DirtyUniforms
                0x001052b0       0xc0 /opt/devkitpro/libctru/lib/libcitro3d.a(uniforms.o)
                0x001052b0                C3Di_DirtyUniforms
 .text.C3Di_LoadShaderUniforms
                0x00105370       0xd8 /opt/devkitpro/libctru/lib/libcitro3d.a(uniforms.o)
                0x00105370                C3Di_LoadShaderUniforms
 .text.C3Di_ClearShaderUniforms
                0x00105448       0x28 /opt/devkitpro/libctru/lib/libcitro3d.a(uniforms.o)
                0x00105448                C3Di_ClearShaderUniforms
 .text.Mtx_Ortho
                0x00105470       0xcc /opt/devkitpro/libctru/lib/libcitro3d.a(mtx_ortho.o)
                0x00105470                Mtx_Ortho
 .text.Mtx_OrthoTilt
                0x0010553c       0xcc /opt/devkitpro/libctru/lib/libcitro3d.a(mtx_orthotilt.o)
                0x0010553c                Mtx_OrthoTilt
 .text._ZL21addrMapNodeComparatorPK11rbtree_nodeS1_
                0x00105608       0x24 /opt/devkitpro/libctru/lib/libctru.a(vram.o)
 .text._ZL21addrMapNodeDestructorP11rbtree_node
                0x0010562c        0x4 /opt/devkitpro/libctru/lib/libctru.a(vram.o)
 .text.vramMemAlignAt
                0x00105630      0x244 /opt/devkitpro/libctru/lib/libctru.a(vram.o)
                0x00105630                vramMemAlignAt
 .text.vramAlloc
                0x00105874        0xc /opt/devkitpro/libctru/lib/libctru.a(vram.o)
                0x00105874                vramAlloc
 .text.vramAllocAt
                0x00105880        0xc /opt/devkitpro/libctru/lib/libctru.a(vram.o)
                0x00105880                vramAllocAt
 .text.vramFree
                0x0010588c       0x90 /opt/devkitpro/libctru/lib/libctru.a(vram.o)
                0x0010588c                vramFree
 .text._ZL21addrMapNodeComparatorPK11rbtree_nodeS1_
                0x0010591c       0x24 /opt/devkitpro/libctru/lib/libctru.a(linear.o)
 .text._ZL21addrMapNodeDestructorP11rbtree_node
                0x00105940        0x4 /opt/devkitpro/libctru/lib/libctru.a(linear.o)
 .text.linearMemAlign
                0x00105944      0x120 /opt/devkitpro/libctru/lib/libctru.a(linear.o)
                0x00105944                linearMemAlign
 .text.linearAlloc
                0x00105a64        0x8 /opt/devkitpro/libctru/lib/libctru.a(linear.o)
                0x00105a64                linearAlloc
 .text.linearFree
                0x00105a6c       0x5c /opt/devkitpro/libctru/lib/libctru.a(linear.o)
                0x00105a6c                linearFree
 .text._ZN7MemPool13CoalesceRightEP8MemBlock
                0x00105ac8       0x84 /opt/devkitpro/libctru/lib/libctru.a(mem_pool.o)
                0x00105ac8                MemPool::CoalesceRight(MemBlock*)
 .text._ZN7MemPool8AllocateER8MemChunkmi
                0x00105b4c      0x150 /opt/devkitpro/libctru/lib/libctru.a(mem_pool.o)
                0x00105b4c                MemPool::Allocate(MemChunk&, unsigned long, int)
 .text._ZN7MemPool10DeallocateERK8MemChunk
                0x00105c9c       0xfc /opt/devkitpro/libctru/lib/libctru.a(mem_pool.o)
                0x00105c9c                MemPool::Deallocate(MemChunk const&)
 .text._ZN7MemPool12GetFreeSpaceEv
                0x00105d98       0x30 /opt/devkitpro/libctru/lib/libctru.a(mem_pool.o)
                0x00105d98                MemPool::GetFreeSpace()
 .text.romfs_close
                0x00105dc8        0x8 /opt/devkitpro/libctru/lib/libctru.a(romfs_dev.o)
 .text.romfs_seek
                0x00105dd0       0xc4 /opt/devkitpro/libctru/lib/libctru.a(romfs_dev.o)
 .text.romfs_dirreset
                0x00105e94       0x24 /opt/devkitpro/libctru/lib/libctru.a(romfs_dev.o)
 .text.fill_dir
                0x00105eb8       0xc8 /opt/devkitpro/libctru/lib/libctru.a(romfs_dev.o)
 .text.romfs_dirnext
                0x00105f80      0x2a8 /opt/devkitpro/libctru/lib/libctru.a(romfs_dev.o)
 .text.romfs_free
                0x00106228       0x74 /opt/devkitpro/libctru/lib/libctru.a(romfs_dev.o)
 .text.searchForFile.constprop.0
                0x0010629c       0xd4 /opt/devkitpro/libctru/lib/libctru.a(romfs_dev.o)
 .text.searchForDir.constprop.0
                0x00106370       0xd8 /opt/devkitpro/libctru/lib/libctru.a(romfs_dev.o)
 .text.navigateToDir.constprop.0
                0x00106448      0x1c0 /opt/devkitpro/libctru/lib/libctru.a(romfs_dev.o)
 .text.romfs_open
                0x00106608      0x10c /opt/devkitpro/libctru/lib/libctru.a(romfs_dev.o)
 .text.romfs_chdir
                0x00106714       0x4c /opt/devkitpro/libctru/lib/libctru.a(romfs_dev.o)
 .text.romfs_diropen
                0x00106760       0x70 /opt/devkitpro/libctru/lib/libctru.a(romfs_dev.o)
 .text.romfs_stat
                0x001067d0      0x174 /opt/devkitpro/libctru/lib/libctru.a(romfs_dev.o)
 .text.romfs_dirclose
                0x00106944        0x8 /opt/devkitpro/libctru/lib/libctru.a(romfs_dev.o)
 *fill*         0x0010694c        0x4 
 .text.romfs_fstat
                0x00106950       0x84 /opt/devkitpro/libctru/lib/libctru.a(romfs_dev.o)
 .text.romfs_read
                0x001069d4       0xd0 /opt/devkitpro/libctru/lib/libctru.a(romfs_dev.o)
 .text.romfsMountFromFile
                0x00106aa4      0x28c /opt/devkitpro/libctru/lib/libctru.a(romfs_dev.o)
                0x00106aa4                romfsMountFromFile
 .text.romfsMountFromCurrentProcess
                0x00106d30       0x98 /opt/devkitpro/libctru/lib/libctru.a(romfs_dev.o)
                0x00106d30                romfsMountFromCurrentProcess
 .text.romfsMountSelf
                0x00106dc8      0x260 /opt/devkitpro/libctru/lib/libctru.a(romfs_dev.o)
                0x00106dc8                romfsMountSelf
 .text.romfsUnmount
                0x00107028       0xa4 /opt/devkitpro/libctru/lib/libctru.a(romfs_dev.o)
                0x00107028                romfsUnmount
 .text.osConvertVirtToPhys
                0x001070cc       0x74 /opt/devkitpro/libctru/lib/libctru.a(os.o)
                0x001070cc                osConvertVirtToPhys
 .text.osGetTimeRef
                0x00107140       0x54 /opt/devkitpro/libctru/lib/libctru.a(os.o)
                0x00107140                osGetTimeRef
 .text.osGetTime
                0x00107194       0xec /opt/devkitpro/libctru/lib/libctru.a(os.o)
                0x00107194                osGetTime
 .text.osTickCounterRead
                0x00107280       0x38 /opt/devkitpro/libctru/lib/libctru.a(os.o)
                0x00107280                osTickCounterRead
 .text.__ctru_speedup_config
                0x001072b8       0x34 /opt/devkitpro/libctru/lib/libctru.a(os.o)
                0x001072b8                __ctru_speedup_config
 .text.consoleHandleColorEsc
                0x001072ec      0x45c /opt/devkitpro/libctru/lib/libctru.a(console.o)
 .text.consoleColorStateShift
                0x00107748       0xb8 /opt/devkitpro/libctru/lib/libctru.a(console.o)
 .text.consoleDrawChar
                0x00107800      0x1ac /opt/devkitpro/libctru/lib/libctru.a(console.o)
                0x00107800                consoleDrawChar
 .text.consolePrintChar
                0x001079ac      0x11c /opt/devkitpro/libctru/lib/libctru.a(console.o)
                0x001079ac                consolePrintChar
 .text.con_write
                0x00107ac8      0x5ec /opt/devkitpro/libctru/lib/libctru.a(console.o)
                0x00107ac8                con_write
 .text.newRow   0x001080b4      0x124 /opt/devkitpro/libctru/lib/libctru.a(console.o)
 .text.consoleInit
                0x001081d8      0x18c /opt/devkitpro/libctru/lib/libctru.a(console.o)
                0x001081d8                consoleInit
 .text.gfxPresentFramebuffer
                0x00108364       0xd0 /opt/devkitpro/libctru/lib/libctru.a(gfx.o)
 .text.gfxIsWide
                0x00108434       0x1c /opt/devkitpro/libctru/lib/libctru.a(gfx.o)
                0x00108434                gfxIsWide
 .text.gfxSetScreenFormat
                0x00108450       0xec /opt/devkitpro/libctru/lib/libctru.a(gfx.o)
                0x00108450                gfxSetScreenFormat
 .text.gfxSetDoubleBuffering
                0x0010853c       0x10 /opt/devkitpro/libctru/lib/libctru.a(gfx.o)
                0x0010853c                gfxSetDoubleBuffering
 .text.gfxInit  0x0010854c       0xd8 /opt/devkitpro/libctru/lib/libctru.a(gfx.o)
                0x0010854c                gfxInit
 .text.gfxInitDefault
                0x00108624       0x10 /opt/devkitpro/libctru/lib/libctru.a(gfx.o)
                0x00108624                gfxInitDefault
 .text.gfxExit  0x00108634       0xb4 /opt/devkitpro/libctru/lib/libctru.a(gfx.o)
                0x00108634                gfxExit
 .text.gfxGetFramebuffer
                0x001086e8       0xa0 /opt/devkitpro/libctru/lib/libctru.a(gfx.o)
                0x001086e8                gfxGetFramebuffer
 .text.gfxFlushBuffers
                0x00108788      0x100 /opt/devkitpro/libctru/lib/libctru.a(gfx.o)
                0x00108788                gfxFlushBuffers
 .text.gfxScreenSwapBuffers
                0x00108888       0x30 /opt/devkitpro/libctru/lib/libctru.a(gfx.o)
                0x00108888                gfxScreenSwapBuffers
 .text.gfxSwapBuffersGpu
                0x001088b8       0x50 /opt/devkitpro/libctru/lib/libctru.a(gfx.o)
                0x001088b8                gfxSwapBuffersGpu
 .text.shaderInstanceInit
                0x00108908      0x1d0 /opt/devkitpro/libctru/lib/libctru.a(shaderProgram.o)
                0x00108908                shaderInstanceInit
 .text.shaderInstanceGetUniformLocation
                0x00108ad8       0x18 /opt/devkitpro/libctru/lib/libctru.a(shaderProgram.o)
                0x00108ad8                shaderInstanceGetUniformLocation
 .text.shaderProgramInit
                0x00108af0       0x1c /opt/devkitpro/libctru/lib/libctru.a(shaderProgram.o)
                0x00108af0                shaderProgramInit
 .text.shaderProgramFree
                0x00108b0c       0x64 /opt/devkitpro/libctru/lib/libctru.a(shaderProgram.o)
                0x00108b0c                shaderProgramFree
 .text.shaderProgramSetVsh
                0x00108b70       0x80 /opt/devkitpro/libctru/lib/libctru.a(shaderProgram.o)
                0x00108b70                shaderProgramSetVsh
 .text.shaderProgramConfigure
                0x00108bf0      0x8d0 /opt/devkitpro/libctru/lib/libctru.a(shaderProgram.o)
                0x00108bf0                shaderProgramConfigure
 .text.DVLE_GenerateOutmap.part.0
                0x001094c0      0x1dc /opt/devkitpro/libctru/lib/libctru.a(shbin.o)
 .text.DVLB_ParseFile
                0x0010969c      0x1b0 /opt/devkitpro/libctru/lib/libctru.a(shbin.o)
                0x0010969c                DVLB_ParseFile
 .text.DVLB_Free
                0x0010984c       0x38 /opt/devkitpro/libctru/lib/libctru.a(shbin.o)
                0x0010984c                DVLB_Free
 .text.DVLE_GetUniformRegister
                0x00109884       0x74 /opt/devkitpro/libctru/lib/libctru.a(shbin.o)
                0x00109884                DVLE_GetUniformRegister
 .text.GX_BindQueue
                0x001098f8       0x10 /opt/devkitpro/libctru/lib/libctru.a(gx.o)
                0x001098f8                GX_BindQueue
 .text.GX_ProcessCommandList
                0x00109908       0x78 /opt/devkitpro/libctru/lib/libctru.a(gx.o)
                0x00109908                GX_ProcessCommandList
 .text.GX_MemoryFill
                0x00109980       0x74 /opt/devkitpro/libctru/lib/libctru.a(gx.o)
                0x00109980                GX_MemoryFill
 .text.GX_DisplayTransfer
                0x001099f4       0x70 /opt/devkitpro/libctru/lib/libctru.a(gx.o)
                0x001099f4                GX_DisplayTransfer
 .text.GX_TextureCopy
                0x00109a64       0x74 /opt/devkitpro/libctru/lib/libctru.a(gx.o)
                0x00109a64                GX_TextureCopy
 .text.gxCmdQueueDoCommands.part.0
                0x00109ad8       0x68 /opt/devkitpro/libctru/lib/libctru.a(gxqueue.o)
 .text.gxCmdQueueInterrupt
                0x00109b40       0xc8 /opt/devkitpro/libctru/lib/libctru.a(gxqueue.o)
                0x00109b40                gxCmdQueueInterrupt
 .text.gxCmdQueueClear
                0x00109c08       0x4c /opt/devkitpro/libctru/lib/libctru.a(gxqueue.o)
                0x00109c08                gxCmdQueueClear
 .text.gxCmdQueueAdd
                0x00109c54       0xf8 /opt/devkitpro/libctru/lib/libctru.a(gxqueue.o)
                0x00109c54                gxCmdQueueAdd
 .text.gxCmdQueueRun
                0x00109d4c       0x80 /opt/devkitpro/libctru/lib/libctru.a(gxqueue.o)
                0x00109d4c                gxCmdQueueRun
 .text.gxCmdQueueStop
                0x00109dcc       0x60 /opt/devkitpro/libctru/lib/libctru.a(gxqueue.o)
                0x00109dcc                gxCmdQueueStop
 .text.gxCmdQueueWait
                0x00109e2c       0x8c /opt/devkitpro/libctru/lib/libctru.a(gxqueue.o)
                0x00109e2c                gxCmdQueueWait
 .text.GPUCMD_Add
                0x00109eb8      0x13c /opt/devkitpro/libctru/lib/libctru.a(gpu.o)
                0x00109eb8                GPUCMD_Add
 .text.GPUCMD_Split
                0x00109ff4       0xb0 /opt/devkitpro/libctru/lib/libctru.a(gpu.o)
                0x00109ff4                GPUCMD_Split
 .text.f32tof16
                0x0010a0a4       0x34 /opt/devkitpro/libctru/lib/libctru.a(gpu.o)
                0x0010a0a4                f32tof16
 .text.f32tof24
                0x0010a0d8       0x34 /opt/devkitpro/libctru/lib/libctru.a(gpu.o)
                0x0010a0d8                f32tof24
 .text.f32tof31
                0x0010a10c       0x38 /opt/devkitpro/libctru/lib/libctru.a(gpu.o)
                0x0010a10c                f32tof31
 .text.gspHardwareInit
                0x0010a144      0xc70 /opt/devkitpro/libctru/lib/libctru.a(gspgpu.o)
 .text.gspInit  0x0010adb4      0x248 /opt/devkitpro/libctru/lib/libctru.a(gspgpu.o)
                0x0010adb4                gspInit
 .text.gspExit  0x0010affc       0xe4 /opt/devkitpro/libctru/lib/libctru.a(gspgpu.o)
                0x0010affc                gspExit
 .text.gspHasGpuRight
                0x0010b0e0       0x10 /opt/devkitpro/libctru/lib/libctru.a(gspgpu.o)
                0x0010b0e0                gspHasGpuRight
 .text.gspPresentBuffer
                0x0010b0f0       0xa0 /opt/devkitpro/libctru/lib/libctru.a(gspgpu.o)
                0x0010b0f0                gspPresentBuffer
 .text.gspSetEventCallback
                0x0010b190       0x30 /opt/devkitpro/libctru/lib/libctru.a(gspgpu.o)
                0x0010b190                gspSetEventCallback
 .text.gspWaitForEvent
                0x0010b1c0       0x44 /opt/devkitpro/libctru/lib/libctru.a(gspgpu.o)
                0x0010b1c0                gspWaitForEvent
 .text.gspWaitForAnyEvent
                0x0010b204       0x4c /opt/devkitpro/libctru/lib/libctru.a(gspgpu.o)
                0x0010b204                gspWaitForAnyEvent
 .text.gspEventThreadMain
                0x0010b250      0x160 /opt/devkitpro/libctru/lib/libctru.a(gspgpu.o)
 .text.gspSubmitGxCommand
                0x0010b3b0      0x130 /opt/devkitpro/libctru/lib/libctru.a(gspgpu.o)
                0x0010b3b0                gspSubmitGxCommand
 .text.GSPGPU_FlushDataCache
                0x0010b4e0       0x50 /opt/devkitpro/libctru/lib/libctru.a(gspgpu.o)
                0x0010b4e0                GSPGPU_FlushDataCache
 .text.GSPGPU_SetLcdForceBlack
                0x0010b530       0x34 /opt/devkitpro/libctru/lib/libctru.a(gspgpu.o)
                0x0010b530                GSPGPU_SetLcdForceBlack
 .text.GSPGPU_AcquireRight
                0x0010b564       0x68 /opt/devkitpro/libctru/lib/libctru.a(gspgpu.o)
                0x0010b564                GSPGPU_AcquireRight
 .text.GSPGPU_ReleaseRight
                0x0010b5cc       0x48 /opt/devkitpro/libctru/lib/libctru.a(gspgpu.o)
                0x0010b5cc                GSPGPU_ReleaseRight
 .text.GSPGPU_ImportDisplayCaptureInfo
                0x0010b614       0x7c /opt/devkitpro/libctru/lib/libctru.a(gspgpu.o)
                0x0010b614                GSPGPU_ImportDisplayCaptureInfo
 .text.GSPGPU_SaveVramSysArea
                0x0010b690       0x2c /opt/devkitpro/libctru/lib/libctru.a(gspgpu.o)
                0x0010b690                GSPGPU_SaveVramSysArea
 .text.GSPGPU_RestoreVramSysArea
                0x0010b6bc       0x2c /opt/devkitpro/libctru/lib/libctru.a(gspgpu.o)
                0x0010b6bc                GSPGPU_RestoreVramSysArea
 .text.aptConvertScreenForCapture
                0x0010b6e8      0x1b0 /opt/devkitpro/libctru/lib/libctru.a(apt.o)
 .text.aptDspSleep
                0x0010b898        0x8 /opt/devkitpro/libctru/lib/libctru.a(apt.o)
                0x0010b898                aptDspSleep
 .text.aptDspWakeup
                0x0010b8a0        0x4 /opt/devkitpro/libctru/lib/libctru.a(apt.o)
                0x0010b8a0                aptDspWakeup
 .text.aptDspCancel
                0x0010b8a4        0x4 /opt/devkitpro/libctru/lib/libctru.a(apt.o)
                0x0010b8a4                aptDspCancel
 .text.aptSendCommand
                0x0010b8a8      0x158 /opt/devkitpro/libctru/lib/libctru.a(apt.o)
                0x0010b8a8                aptSendCommand
 .text.aptExitProcess
                0x0010ba00       0x44 /opt/devkitpro/libctru/lib/libctru.a(apt.o)
 .text.aptExit  0x0010ba44      0x380 /opt/devkitpro/libctru/lib/libctru.a(apt.o)
                0x0010ba44                aptExit
 .text.aptHandleSleep
                0x0010bdc4       0xd8 /opt/devkitpro/libctru/lib/libctru.a(apt.o)
                0x0010bdc4                aptHandleSleep
 .text.aptHook  0x0010be9c       0x30 /opt/devkitpro/libctru/lib/libctru.a(apt.o)
                0x0010be9c                aptHook
 .text.aptUnhook
                0x0010becc       0x30 /opt/devkitpro/libctru/lib/libctru.a(apt.o)
                0x0010becc                aptUnhook
 .text.APT_SleepIfShellClosed
                0x0010befc       0x84 /opt/devkitpro/libctru/lib/libctru.a(apt.o)
                0x0010befc                APT_SleepIfShellClosed
 .text.aptSetSleepAllowed
                0x0010bf80       0x78 /opt/devkitpro/libctru/lib/libctru.a(apt.o)
                0x0010bf80                aptSetSleepAllowed
 .text.APT_UnlockTransition
                0x0010bff8       0x84 /opt/devkitpro/libctru/lib/libctru.a(apt.o)
                0x0010bff8                APT_UnlockTransition
 *fill*         0x0010c07c        0x4 
 .text.aptEventHandler
                0x0010c080      0x478 /opt/devkitpro/libctru/lib/libctru.a(apt.o)
 .text.APT_ReceiveParameter
                0x0010c4f8       0xb0 /opt/devkitpro/libctru/lib/libctru.a(apt.o)
                0x0010c4f8                APT_ReceiveParameter
 .text.aptReceiveParameter.constprop.0
                0x0010c5a8       0xac /opt/devkitpro/libctru/lib/libctru.a(apt.o)
 *fill*         0x0010c654        0x4 
 .text.aptScreenTransfer
                0x0010c658      0x294 /opt/devkitpro/libctru/lib/libctru.a(apt.o)
 .text.aptWaitForWakeUp.isra.0
                0x0010c8ec      0x2c8 /opt/devkitpro/libctru/lib/libctru.a(apt.o)
 .text.aptJumpToHomeMenu
                0x0010cbb4       0xf4 /opt/devkitpro/libctru/lib/libctru.a(apt.o)
                0x0010cbb4                aptJumpToHomeMenu
 .text.aptMainLoop
                0x0010cca8       0x48 /opt/devkitpro/libctru/lib/libctru.a(apt.o)
                0x0010cca8                aptMainLoop
 .text.aptInit  0x0010ccf0      0x22c /opt/devkitpro/libctru/lib/libctru.a(apt.o)
                0x0010ccf0                aptInit
 .text.APT_CheckNew3DS
                0x0010cf1c       0x7c /opt/devkitpro/libctru/lib/libctru.a(apt.o)
                0x0010cf1c                APT_CheckNew3DS
 .text.ptmSysmInit
                0x0010cf98       0x74 /opt/devkitpro/libctru/lib/libctru.a(ptmsysm.o)
                0x0010cf98                ptmSysmInit
 .text.ptmSysmExit
                0x0010d00c       0x3c /opt/devkitpro/libctru/lib/libctru.a(ptmsysm.o)
                0x0010d00c                ptmSysmExit
 .text.PTMSYSM_ConfigureNew3DSCPU
                0x0010d048       0x34 /opt/devkitpro/libctru/lib/libctru.a(ptmsysm.o)
                0x0010d048                PTMSYSM_ConfigureNew3DSCPU
 .text.fsInit   0x0010d07c       0xd0 /opt/devkitpro/libctru/lib/libctru.a(fs.o)
                0x0010d07c                fsInit
 .text.fsExit   0x0010d14c       0x3c /opt/devkitpro/libctru/lib/libctru.a(fs.o)
                0x0010d14c                fsExit
 .text.fsExemptFromSession
                0x0010d188       0x60 /opt/devkitpro/libctru/lib/libctru.a(fs.o)
                0x0010d188                fsExemptFromSession
 .text.fsUnexemptFromSession
                0x0010d1e8       0x50 /opt/devkitpro/libctru/lib/libctru.a(fs.o)
                0x0010d1e8                fsUnexemptFromSession
 .text.FSUSER_OpenFile
                0x0010d238       0xcc /opt/devkitpro/libctru/lib/libctru.a(fs.o)
                0x0010d238                FSUSER_OpenFile
 .text.FSUSER_OpenFileDirectly
                0x0010d304       0xd4 /opt/devkitpro/libctru/lib/libctru.a(fs.o)
                0x0010d304                FSUSER_OpenFileDirectly
 .text.FSUSER_DeleteFile
                0x0010d3d8       0xbc /opt/devkitpro/libctru/lib/libctru.a(fs.o)
                0x0010d3d8                FSUSER_DeleteFile
 .text.FSUSER_RenameFile
                0x0010d494       0xf8 /opt/devkitpro/libctru/lib/libctru.a(fs.o)
                0x0010d494                FSUSER_RenameFile
 .text.FSUSER_DeleteDirectory
                0x0010d58c       0xbc /opt/devkitpro/libctru/lib/libctru.a(fs.o)
                0x0010d58c                FSUSER_DeleteDirectory
 .text.FSUSER_CreateFile
                0x0010d648       0xd4 /opt/devkitpro/libctru/lib/libctru.a(fs.o)
                0x0010d648                FSUSER_CreateFile
 .text.FSUSER_CreateDirectory
                0x0010d71c       0xc4 /opt/devkitpro/libctru/lib/libctru.a(fs.o)
                0x0010d71c                FSUSER_CreateDirectory
 .text.FSUSER_RenameDirectory
                0x0010d7e0       0xf8 /opt/devkitpro/libctru/lib/libctru.a(fs.o)
                0x0010d7e0                FSUSER_RenameDirectory
 .text.FSUSER_OpenDirectory
                0x0010d8d8       0xb4 /opt/devkitpro/libctru/lib/libctru.a(fs.o)
                0x0010d8d8                FSUSER_OpenDirectory
 .text.FSUSER_OpenArchive
                0x0010d98c       0x94 /opt/devkitpro/libctru/lib/libctru.a(fs.o)
                0x0010d98c                FSUSER_OpenArchive
 .text.FSUSER_CloseArchive
                0x0010da20       0x8c /opt/devkitpro/libctru/lib/libctru.a(fs.o)
                0x0010da20                FSUSER_CloseArchive
 .text.FSUSER_GetSdmcArchiveResource
                0x0010daac       0x74 /opt/devkitpro/libctru/lib/libctru.a(fs.o)
                0x0010daac                FSUSER_GetSdmcArchiveResource
 .text.FSUSER_IsSdmcWritable
                0x0010db20       0x64 /opt/devkitpro/libctru/lib/libctru.a(fs.o)
                0x0010db20                FSUSER_IsSdmcWritable
 .text.FSFILE_Read
                0x0010db84       0x58 /opt/devkitpro/libctru/lib/libctru.a(fs.o)
                0x0010db84                FSFILE_Read
 .text.FSFILE_Write
                0x0010dbdc       0x60 /opt/devkitpro/libctru/lib/libctru.a(fs.o)
                0x0010dbdc                FSFILE_Write
 .text.FSFILE_GetSize
                0x0010dc3c       0x38 /opt/devkitpro/libctru/lib/libctru.a(fs.o)
                0x0010dc3c                FSFILE_GetSize
 .text.FSFILE_SetSize
                0x0010dc74       0x28 /opt/devkitpro/libctru/lib/libctru.a(fs.o)
                0x0010dc74                FSFILE_SetSize
 .text.FSFILE_Close
                0x0010dc9c       0x3c /opt/devkitpro/libctru/lib/libctru.a(fs.o)
                0x0010dc9c                FSFILE_Close
 .text.FSFILE_Flush
                0x0010dcd8       0x24 /opt/devkitpro/libctru/lib/libctru.a(fs.o)
                0x0010dcd8                FSFILE_Flush
 .text.FSDIR_Read
                0x0010dcfc       0x50 /opt/devkitpro/libctru/lib/libctru.a(fs.o)
                0x0010dcfc                FSDIR_Read
 .text.FSDIR_Close
                0x0010dd4c       0x3c /opt/devkitpro/libctru/lib/libctru.a(fs.o)
                0x0010dd4c                FSDIR_Close
 .text.buffer_read
                0x0010dd88       0xe0 /opt/devkitpro/libctru/lib/libctru.a(decompress.o)
 .text.iov_read
                0x0010de68       0xcc /opt/devkitpro/libctru/lib/libctru.a(decompress.o)
 .text.iov_memmove
                0x0010df34      0x148 /opt/devkitpro/libctru/lib/libctru.a(decompress.o)
 .text.decompress_rle
                0x0010e07c      0x1dc /opt/devkitpro/libctru/lib/libctru.a(decompress.o)
 .text.decompress_lzss
                0x0010e258      0x26c /opt/devkitpro/libctru/lib/libctru.a(decompress.o)
 .text.decompress_lz11
                0x0010e4c4      0x42c /opt/devkitpro/libctru/lib/libctru.a(decompress.o)
 .text.decompress_huff
                0x0010e8f0      0x36c /opt/devkitpro/libctru/lib/libctru.a(decompress.o)
 .text.decompressCallback_Stdio
                0x0010ec5c       0x10 /opt/devkitpro/libctru/lib/libctru.a(decompress.o)
                0x0010ec5c                decompressCallback_Stdio
 .text.decompressHeader
                0x0010ec6c       0xe4 /opt/devkitpro/libctru/lib/libctru.a(decompress.o)
                0x0010ec6c                decompressHeader
 .text.decompressV
                0x0010ed50      0x200 /opt/devkitpro/libctru/lib/libctru.a(decompress.o)
                0x0010ed50                decompressV
 .text.rbtree_init
                0x0010ef50       0x10 /opt/devkitpro/libctru/lib/libctru.a(rbtree_init.o)
                0x0010ef50                rbtree_init
 .text.do_insert
                0x0010ef60      0x19c /opt/devkitpro/libctru/lib/libctru.a(rbtree_insert.o)
 .text.rbtree_insert
                0x0010f0fc        0x8 /opt/devkitpro/libctru/lib/libctru.a(rbtree_insert.o)
                0x0010f0fc                rbtree_insert
 .text.rbtree_rotate
                0x0010f104       0x90 /opt/devkitpro/libctru/lib/libctru.a(rbtree_rotate.o)
                0x0010f104                rbtree_rotate
 .text.rbtree_remove
                0x0010f194      0x310 /opt/devkitpro/libctru/lib/libctru.a(rbtree_remove.o)
                0x0010f194                rbtree_remove
 .text.rbtree_find
                0x0010f4a4       0x74 /opt/devkitpro/libctru/lib/libctru.a(rbtree_find.o)
                0x0010f4a4                rbtree_find
 .text.utf16_to_utf8
                0x0010f518       0xe8 /opt/devkitpro/libctru/lib/libctru.a(utf16_to_utf8.o)
                0x0010f518                utf16_to_utf8
 .text.decode_utf16
                0x0010f600       0x64 /opt/devkitpro/libctru/lib/libctru.a(decode_utf16.o)
                0x0010f600                decode_utf16
 .text.utf8_to_utf16
                0x0010f664       0xc0 /opt/devkitpro/libctru/lib/libctru.a(utf8_to_utf16.o)
                0x0010f664                utf8_to_utf16
 *fill*         0x0010f724        0x4 
 .text.__system_allocateHeaps
                0x0010f728      0x1e0 /opt/devkitpro/libctru/lib/libctru.a(allocateHeaps.o)
                0x0010f728                __system_allocateHeaps
 .text.__libctru_init
                0x0010f908       0x38 /opt/devkitpro/libctru/lib/libctru.a(ctru_init.o)
                0x0010f908                __libctru_init
 .text.__system_initArgv
                0x0010f940      0x160 /opt/devkitpro/libctru/lib/libctru.a(initArgv.o)
                0x0010f940                __system_initArgv
 .text.svcControlMemory
                0x0010faa0       0x20 /opt/devkitpro/libctru/lib/libctru.a(svc.o)
                0x0010faa0                svcControlMemory
 .text.svcQueryMemory
                0x0010fac0       0x30 /opt/devkitpro/libctru/lib/libctru.a(svc.o)
                0x0010fac0                svcQueryMemory
 .text.svcExitProcess
                0x0010faf0        0x8 /opt/devkitpro/libctru/lib/libctru.a(svc.o)
                0x0010faf0                svcExitProcess
 .text.svcCreateThread
                0x0010faf8       0x20 /opt/devkitpro/libctru/lib/libctru.a(svc.o)
                0x0010faf8                svcCreateThread
 .text.svcExitThread
                0x0010fb18        0x8 /opt/devkitpro/libctru/lib/libctru.a(svc.o)
                0x0010fb18                svcExitThread
 .text.svcSleepThread
                0x0010fb20        0x8 /opt/devkitpro/libctru/lib/libctru.a(svc.o)
                0x0010fb20                svcSleepThread
 .text.svcReleaseMutex
                0x0010fb28        0x8 /opt/devkitpro/libctru/lib/libctru.a(svc.o)
                0x0010fb28                svcReleaseMutex
 .text.svcCreateEvent
                0x0010fb30       0x14 /opt/devkitpro/libctru/lib/libctru.a(svc.o)
                0x0010fb30                svcCreateEvent
 .text.svcSignalEvent
                0x0010fb44        0x8 /opt/devkitpro/libctru/lib/libctru.a(svc.o)
                0x0010fb44                svcSignalEvent
 .text.svcClearEvent
                0x0010fb4c        0x8 /opt/devkitpro/libctru/lib/libctru.a(svc.o)
                0x0010fb4c                svcClearEvent
 .text.svcMapMemoryBlock
                0x0010fb54        0x8 /opt/devkitpro/libctru/lib/libctru.a(svc.o)
                0x0010fb54                svcMapMemoryBlock
 .text.svcUnmapMemoryBlock
                0x0010fb5c        0x8 /opt/devkitpro/libctru/lib/libctru.a(svc.o)
                0x0010fb5c                svcUnmapMemoryBlock
 .text.svcCreateAddressArbiter
                0x0010fb64       0x14 /opt/devkitpro/libctru/lib/libctru.a(svc.o)
                0x0010fb64                svcCreateAddressArbiter
 .text.svcArbitrateAddressNoTimeout
                0x0010fb78        0x8 /opt/devkitpro/libctru/lib/libctru.a(svc.o)
                0x0010fb78                svcArbitrateAddressNoTimeout
 .text.svcCloseHandle
                0x0010fb80        0x8 /opt/devkitpro/libctru/lib/libctru.a(svc.o)
                0x0010fb80                svcCloseHandle
 .text.svcWaitSynchronization
                0x0010fb88        0x8 /opt/devkitpro/libctru/lib/libctru.a(svc.o)
                0x0010fb88                svcWaitSynchronization
 .text.svcWaitSynchronizationN
                0x0010fb90       0x28 /opt/devkitpro/libctru/lib/libctru.a(svc.o)
                0x0010fb90                svcWaitSynchronizationN
 .text.svcDuplicateHandle
                0x0010fbb8       0x14 /opt/devkitpro/libctru/lib/libctru.a(svc.o)
                0x0010fbb8                svcDuplicateHandle
 .text.svcGetSystemTick
                0x0010fbcc        0x8 /opt/devkitpro/libctru/lib/libctru.a(svc.o)
                0x0010fbcc                svcGetSystemTick
 .text.svcConnectToPort
                0x0010fbd4       0x14 /opt/devkitpro/libctru/lib/libctru.a(svc.o)
                0x0010fbd4                svcConnectToPort
 .text.svcSendSyncRequest
                0x0010fbe8        0x8 /opt/devkitpro/libctru/lib/libctru.a(svc.o)
                0x0010fbe8                svcSendSyncRequest
 .text.svcGetResourceLimit
                0x0010fbf0       0x14 /opt/devkitpro/libctru/lib/libctru.a(svc.o)
                0x0010fbf0                svcGetResourceLimit
 .text.svcGetResourceLimitLimitValues
                0x0010fc04        0x8 /opt/devkitpro/libctru/lib/libctru.a(svc.o)
                0x0010fc04                svcGetResourceLimitLimitValues
 .text.svcGetResourceLimitCurrentValues
                0x0010fc0c        0x8 /opt/devkitpro/libctru/lib/libctru.a(svc.o)
                0x0010fc0c                svcGetResourceLimitCurrentValues
 .text.svcBreak
                0x0010fc14        0x8 /opt/devkitpro/libctru/lib/libctru.a(svc.o)
                0x0010fc14                svcBreak
 .text.initSystem
                0x0010fc1c       0x50 /opt/devkitpro/libctru/lib/libctru.a(stack_adjust.o)
                0x0010fc1c                initSystem
 .text.__ctru_exit
                0x0010fc6c       0x14 /opt/devkitpro/libctru/lib/libctru.a(stack_adjust.o)
                0x0010fc6c                __ctru_exit
 .text.__aeabi_read_tp
                0x0010fc80        0xc /opt/devkitpro/libctru/lib/libctru.a(readtp.o)
                0x0010fc80                __aeabi_read_tp
 .text.__sync_init
                0x0010fc8c        0xc /opt/devkitpro/libctru/lib/libctru.a(synchronization.o)
                0x0010fc8c                __sync_init
 .text.__sync_fini
                0x0010fc98       0x18 /opt/devkitpro/libctru/lib/libctru.a(synchronization.o)
                0x0010fc98                __sync_fini
 .text.syncArbitrateAddress
                0x0010fcb0       0x2c /opt/devkitpro/libctru/lib/libctru.a(synchronization.o)
                0x0010fcb0                syncArbitrateAddress
 .text.LightLock_Lock
                0x0010fcdc       0xb0 /opt/devkitpro/libctru/lib/libctru.a(synchronization.o)
                0x0010fcdc                LightLock_Lock
 .text.LightLock_Unlock
                0x0010fd8c       0x40 /opt/devkitpro/libctru/lib/libctru.a(synchronization.o)
                0x0010fd8c                LightLock_Unlock
 .text.RecursiveLock_Lock
                0x0010fdcc       0x30 /opt/devkitpro/libctru/lib/libctru.a(synchronization.o)
                0x0010fdcc                RecursiveLock_Lock
 .text.RecursiveLock_Unlock
                0x0010fdfc       0x54 /opt/devkitpro/libctru/lib/libctru.a(synchronization.o)
                0x0010fdfc                RecursiveLock_Unlock
 .text.LightEvent_Init
                0x0010fe50       0x40 /opt/devkitpro/libctru/lib/libctru.a(synchronization.o)
                0x0010fe50                LightEvent_Init
 .text.LightEvent_Clear
                0x0010fe90       0xa4 /opt/devkitpro/libctru/lib/libctru.a(synchronization.o)
                0x0010fe90                LightEvent_Clear
 .text.LightEvent_Signal
                0x0010ff34       0xc8 /opt/devkitpro/libctru/lib/libctru.a(synchronization.o)
                0x0010ff34                LightEvent_Signal
 .text.LightEvent_TryWait
                0x0010fffc       0x50 /opt/devkitpro/libctru/lib/libctru.a(synchronization.o)
                0x0010fffc                LightEvent_TryWait
 .text.LightEvent_Wait
                0x0011004c       0xa0 /opt/devkitpro/libctru/lib/libctru.a(synchronization.o)
                0x0011004c                LightEvent_Wait
 .text.envGetHandle
                0x001100ec       0x84 /opt/devkitpro/libctru/lib/libctru.a(env.o)
                0x001100ec                envGetHandle
 .text.envDestroyHandles
                0x00110170       0x50 /opt/devkitpro/libctru/lib/libctru.a(env.o)
                0x00110170                envDestroyHandles
 .text.srvInit  0x001101c0      0x12c /opt/devkitpro/libctru/lib/libctru.a(srv.o)
                0x001101c0                srvInit
 .text.srvExit  0x001102ec       0x58 /opt/devkitpro/libctru/lib/libctru.a(srv.o)
                0x001102ec                srvExit
 .text.srvEnableNotification
                0x00110344       0x60 /opt/devkitpro/libctru/lib/libctru.a(srv.o)
                0x00110344                srvEnableNotification
 .text.srvGetServiceHandleDirect
                0x001103a4       0xa0 /opt/devkitpro/libctru/lib/libctru.a(srv.o)
                0x001103a4                srvGetServiceHandleDirect
 .text.srvGetServiceHandle
                0x00110444       0x38 /opt/devkitpro/libctru/lib/libctru.a(srv.o)
                0x00110444                srvGetServiceHandle
 .text.srvSubscribe
                0x0011047c       0x34 /opt/devkitpro/libctru/lib/libctru.a(srv.o)
                0x0011047c                srvSubscribe
 .text.srvReceiveNotification
                0x001104b0       0x60 /opt/devkitpro/libctru/lib/libctru.a(srv.o)
                0x001104b0                srvReceiveNotification
 .text.srvPublishToSubscriber
                0x00110510       0x38 /opt/devkitpro/libctru/lib/libctru.a(srv.o)
                0x00110510                srvPublishToSubscriber
 .text.threadCreate
                0x00110548      0x1d4 /opt/devkitpro/libctru/lib/libctru.a(thread.o)
                0x00110548                threadCreate
 .text.threadFree
                0x0011071c       0x2c /opt/devkitpro/libctru/lib/libctru.a(thread.o)
                0x0011071c                threadFree
 .text.threadJoin
                0x00110748       0x24 /opt/devkitpro/libctru/lib/libctru.a(thread.o)
                0x00110748                threadJoin
 .text.threadGetCurrent
                0x0011076c       0x30 /opt/devkitpro/libctru/lib/libctru.a(thread.o)
                0x0011076c                threadGetCurrent
 .text.threadExit
                0x0011079c       0x40 /opt/devkitpro/libctru/lib/libctru.a(thread.o)
                0x0011079c                threadExit
 .text._thread_begin
                0x001107dc       0x20 /opt/devkitpro/libctru/lib/libctru.a(thread.o)
 .text.mappableFindAddressWithin
                0x001107fc       0x90 /opt/devkitpro/libctru/lib/libctru.a(mappable.o)
 .text.mappableInit
                0x0011088c       0x28 /opt/devkitpro/libctru/lib/libctru.a(mappable.o)
                0x0011088c                mappableInit
 .text.mappableAlloc
                0x001108b4       0x80 /opt/devkitpro/libctru/lib/libctru.a(mappable.o)
                0x001108b4                mappableAlloc
 .text.mappableFree
                0x00110934        0x4 /opt/devkitpro/libctru/lib/libctru.a(mappable.o)
                0x00110934                mappableFree
 .text.srvPmGetSessionHandle
                0x00110938        0xc /opt/devkitpro/libctru/lib/libctru.a(srvpm.o)
                0x00110938                srvPmGetSessionHandle
 .text.rbtree_node_next
                0x00110944       0x5c /opt/devkitpro/libctru/lib/libctru.a(rbtree_iterator.o)
                0x00110944                rbtree_node_next
 .text.encode_utf16
                0x001109a0       0x54 /opt/devkitpro/libctru/lib/libctru.a(encode_utf16.o)
                0x001109a0                encode_utf16
 .text.encode_utf8
                0x001109f4       0xe0 /opt/devkitpro/libctru/lib/libctru.a(encode_utf8.o)
                0x001109f4                encode_utf8
 .text.decode_utf8
                0x00110ad4      0x13c /opt/devkitpro/libctru/lib/libctru.a(decode_utf8.o)
                0x00110ad4                decode_utf8
 .text.__appInit
                0x00110c10       0x30 /opt/devkitpro/libctru/lib/libctru.a(appInit.o)
                0x00110c10                __appInit
 .text.__syscall_getreent
                0x00110c40       0x30 /opt/devkitpro/libctru/lib/libctru.a(syscalls.o)
                0x00110c40                __syscall_getreent
 .text.__syscall_gettod_r
                0x00110c70       0x64 /opt/devkitpro/libctru/lib/libctru.a(syscalls.o)
                0x00110c70                __syscall_gettod_r
 .text.__syscall_lock_acquire
                0x00110cd4        0x4 /opt/devkitpro/libctru/lib/libctru.a(syscalls.o)
                0x00110cd4                __syscall_lock_acquire
 .text.__syscall_lock_release
                0x00110cd8        0x4 /opt/devkitpro/libctru/lib/libctru.a(syscalls.o)
                0x00110cd8                __syscall_lock_release
 .text.__syscall_lock_acquire_recursive
                0x00110cdc        0x4 /opt/devkitpro/libctru/lib/libctru.a(syscalls.o)
                0x00110cdc                __syscall_lock_acquire_recursive
 .text.__syscall_lock_release_recursive
                0x00110ce0        0x4 /opt/devkitpro/libctru/lib/libctru.a(syscalls.o)
                0x00110ce0                __syscall_lock_release_recursive
 .text.__syscall_exit
                0x00110ce4        0x4 /opt/devkitpro/libctru/lib/libctru.a(syscalls.o)
                0x00110ce4                __syscall_exit
 .text.initThreadVars
                0x00110ce8       0x50 /opt/devkitpro/libctru/lib/libctru.a(syscalls.o)
                0x00110ce8                initThreadVars
 .text.__system_initSyscalls
                0x00110d38       0x80 /opt/devkitpro/libctru/lib/libctru.a(syscalls.o)
                0x00110d38                __system_initSyscalls
 .text.__appExit
                0x00110db8       0x30 /opt/devkitpro/libctru/lib/libctru.a(appExit.o)
                0x00110db8                __appExit
 .text.__libctru_exit
                0x00110de8       0x90 /opt/devkitpro/libctru/lib/libctru.a(ctru_exit.o)
                0x00110de8                __libctru_exit
 .text.archive_link
                0x00110e78       0x14 /opt/devkitpro/libctru/lib/libctru.a(archive_dev.o)
 .text.archive_dirreset
                0x00110e8c       0x14 /opt/devkitpro/libctru/lib/libctru.a(archive_dev.o)
 .text.archive_chmod
                0x00110ea0       0x14 /opt/devkitpro/libctru/lib/libctru.a(archive_dev.o)
 .text.error_cmp
                0x00110eb4       0x24 /opt/devkitpro/libctru/lib/libctru.a(archive_dev.o)
 .text.archive_translate_error
                0x00110ed8       0x50 /opt/devkitpro/libctru/lib/libctru.a(archive_dev.o)
 .text.archive_seek
                0x00110f28       0xc4 /opt/devkitpro/libctru/lib/libctru.a(archive_dev.o)
 .text._archiveInit.part.0
                0x00110fec       0x78 /opt/devkitpro/libctru/lib/libctru.a(archive_dev.o)
 .text.archiveFindDevice.part.0
                0x00111064       0xc4 /opt/devkitpro/libctru/lib/libctru.a(archive_dev.o)
 .text.archive_utf16path
                0x00111128      0x290 /opt/devkitpro/libctru/lib/libctru.a(archive_dev.o)
 .text._archiveUnmountDeviceStruct.part.0
                0x001113b8       0x9c /opt/devkitpro/libctru/lib/libctru.a(archive_dev.o)
 .text.archive_statvfs
                0x00111454       0x14 /opt/devkitpro/libctru/lib/libctru.a(archive_dev.o)
 .text.archive_fchmod
                0x00111468       0x14 /opt/devkitpro/libctru/lib/libctru.a(archive_dev.o)
 .text._archiveMountDevice
                0x0011147c      0x168 /opt/devkitpro/libctru/lib/libctru.a(archive_dev.o)
 .text.archive_diropen
                0x001115e4       0xe8 /opt/devkitpro/libctru/lib/libctru.a(archive_dev.o)
 .text.archive_fstat
                0x001116cc       0xa4 /opt/devkitpro/libctru/lib/libctru.a(archive_dev.o)
 .text.archive_fsync
                0x00111770       0x6c /opt/devkitpro/libctru/lib/libctru.a(archive_dev.o)
 .text.archive_close
                0x001117dc       0x6c /opt/devkitpro/libctru/lib/libctru.a(archive_dev.o)
 .text.archive_dirclose
                0x00111848       0x70 /opt/devkitpro/libctru/lib/libctru.a(archive_dev.o)
 .text.sdmc_statvfs
                0x001118b8       0xe4 /opt/devkitpro/libctru/lib/libctru.a(archive_dev.o)
 .text.archive_chdir
                0x0011199c       0xec /opt/devkitpro/libctru/lib/libctru.a(archive_dev.o)
 .text.archive_ftruncate
                0x00111a88       0x7c /opt/devkitpro/libctru/lib/libctru.a(archive_dev.o)
 .text.archive_read
                0x00111b04       0xac /opt/devkitpro/libctru/lib/libctru.a(archive_dev.o)
 .text.archive_unlink
                0x00111bb0       0xa4 /opt/devkitpro/libctru/lib/libctru.a(archive_dev.o)
 .text.archive_rmdir
                0x00111c54       0xbc /opt/devkitpro/libctru/lib/libctru.a(archive_dev.o)
 .text.archive_mkdir
                0x00111d10       0xdc /opt/devkitpro/libctru/lib/libctru.a(archive_dev.o)
 .text.archive_stat
                0x00111dec      0x194 /opt/devkitpro/libctru/lib/libctru.a(archive_dev.o)
 .text.archive_dirnext
                0x00111f80      0x15c /opt/devkitpro/libctru/lib/libctru.a(archive_dev.o)
 .text.archive_write
                0x001120dc      0x124 /opt/devkitpro/libctru/lib/libctru.a(archive_dev.o)
 .text.archive_open
                0x00112200      0x210 /opt/devkitpro/libctru/lib/libctru.a(archive_dev.o)
 .text.archive_rename
                0x00112410      0x268 /opt/devkitpro/libctru/lib/libctru.a(archive_dev.o)
 .text.archiveMountSdmc
                0x00112678      0x19c /opt/devkitpro/libctru/lib/libctru.a(archive_dev.o)
                0x00112678                archiveMountSdmc
 .text.archiveUnmountAll
                0x00112814       0x54 /opt/devkitpro/libctru/lib/libctru.a(archive_dev.o)
                0x00112814                archiveUnmountAll
 .text.hidShouldUseIrrst
                0x00112868       0x24 /opt/devkitpro/libctru/lib/libctru.a(hid.o)
                0x00112868                hidShouldUseIrrst
 .text.hidInit  0x0011288c      0x18c /opt/devkitpro/libctru/lib/libctru.a(hid.o)
                0x0011288c                hidInit
 .text.hidExit  0x00112a18       0xe8 /opt/devkitpro/libctru/lib/libctru.a(hid.o)
                0x00112a18                hidExit
 .text.irrstInit
                0x00112b00      0x160 /opt/devkitpro/libctru/lib/libctru.a(irrst.o)
                0x00112b00                irrstInit
 .text.irrstExit
                0x00112c60       0xcc /opt/devkitpro/libctru/lib/libctru.a(irrst.o)
                0x00112c60                irrstExit
 *fill*         0x00112d2c        0x4 
 .text.sinf     0x00112d30      0x25c /opt/devkitpro/devkitARM/bin/../lib/gcc/arm-none-eabi/14.2.0/../../../../arm-none-eabi/lib/armv6k/fpu/libm.a(libm_a-sinf.o)
                0x00112d30                sinf
 .text.with_errnof
                0x00112f8c       0x24 /opt/devkitpro/devkitARM/bin/../lib/gcc/arm-none-eabi/14.2.0/../../../../arm-none-eabi/lib/armv6k/fpu/libm.a(libm_a-math_errf.o)
 .text.__math_invalidf
                0x00112fb0       0x1c /opt/devkitpro/devkitARM/bin/../lib/gcc/arm-none-eabi/14.2.0/../../../../arm-none-eabi/lib/armv6k/fpu/libm.a(libm_a-math_errf.o)
                0x00112fb0                __math_invalidf
 *fill*         0x00112fcc        0x4 
 .text.cosf     0x00112fd0      0x21c /opt/devkitpro/devkitARM/bin/../lib/gcc/arm-none-eabi/14.2.0/../../../../arm-none-eabi/lib/armv6k/fpu/libm.a(libm_a-cosf.o)
                0x00112fd0                cosf
 .text.__udivmoddi4
                0x001131ec      0x120 /opt/devkitpro/devkitARM/bin/../lib/gcc/arm-none-eabi/14.2.0/armv6k/fpu/libgcc.a(_udivmoddi4.o)
                0x001131ec                __udivmoddi4
 .text.strncmp  0x0011330c       0xd8 /opt/devkitpro/devkitARM/bin/../lib/gcc/arm-none-eabi/14.2.0/../../../../arm-none-eabi/lib/armv6k/fpu/libg.a(libc_a-strncmp.o)
                0x0011330c                strncmp
 .text.strchr   0x001133e4      0x130 /opt/devkitpro/devkitARM/bin/../lib/gcc/arm-none-eabi/14.2.0/../../../../arm-none-eabi/lib/armv6k/fpu/libg.a(libc_a-strchr.o)
                0x001133e4                strchr
 .text.srand    0x00113514       0x1c /opt/devkitpro/devkitARM/bin/../lib/gcc/arm-none-eabi/14.2.0/../../../../arm-none-eabi/lib/armv6k/fpu/libg.a(libc_a-rand.o)
                0x00113514                srand
 .text.strlen   0x00113530       0x5c /opt/devkitpro/devkitARM/bin/../lib/gcc/arm-none-eabi/14.2.0/../../../../arm-none-eabi/lib/armv6k/fpu/libg.a(libc_a-strlen-stub.o)
                0x00113530                strlen
 .text.memcmp   0x0011358c       0xd4 /opt/devkitpro/devkitARM/bin/../lib/gcc/arm-none-eabi/14.2.0/../../../../arm-none-eabi/lib/armv6k/fpu/libg.a(libc_a-memcmp.o)
                0x0011358c                memcmp
 .text._strtoul_l.isra.0
                0x00113660      0x1e4 /opt/devkitpro/devkitARM/bin/../lib/gcc/arm-none-eabi/14.2.0/../../../../arm-none-eabi/lib/armv6k/fpu/libg.a(libc_a-strtoul.o)
 .text.strtoul  0x00113844       0x34 /opt/devkitpro/devkitARM/bin/../lib/gcc/arm-none-eabi/14.2.0/../../../../arm-none-eabi/lib/armv6k/fpu/libg.a(libc_a-strtoul.o)
                0x00113844                strtoul
 .text.strncat  0x00113878       0xe4 /opt/devkitpro/devkitARM/bin/../lib/gcc/arm-none-eabi/14.2.0/../../../../arm-none-eabi/lib/armv6k/fpu/libg.a(libc_a-strncat.o)
                0x00113878                strncat
 .text.bsearch  0x0011395c       0x78 /opt/devkitpro/devkitARM/bin/../lib/gcc/arm-none-eabi/14.2.0/../../../../arm-none-eabi/lib/armv6k/fpu/libg.a(libc_a-bsearch.o)
                0x0011395c                bsearch
 .text._fread_r
                0x001139d4      0x344 /opt/devkitpro/devkitARM/bin/../lib/gcc/arm-none-eabi/14.2.0/../../../../arm-none-eabi/lib/armv6k/fpu/libg.a(libc_a-fread.o)
                0x001139d4                _fread_r
 .text.fread    0x00113d18       0x38 /opt/devkitpro/devkitARM/bin/../lib/gcc/arm-none-eabi/14.2.0/../../../../arm-none-eabi/lib/armv6k/fpu/libg.a(libc_a-fread.o)
                0x00113d18                fread
 .text.calloc   0x00113d50       0x20 /opt/devkitpro/devkitARM/bin/../lib/gcc/arm-none-eabi/14.2.0/../../../../arm-none-eabi/lib/armv6k/fpu/libg.a(libc_a-calloc.o)
                0x00113d50                calloc
 .text.lflush   0x00113d70       0x38 /opt/devkitpro/devkitARM/bin/../lib/gcc/arm-none-eabi/14.2.0/../../../../arm-none-eabi/lib/armv6k/fpu/libg.a(libc_a-refill.o)
 .text.__srefill_r
                0x00113da8      0x19c /opt/devkitpro/devkitARM/bin/../lib/gcc/arm-none-eabi/14.2.0/../../../../arm-none-eabi/lib/armv6k/fpu/libg.a(libc_a-refill.o)
                0x00113da8                __srefill_r
 .text._fclose_r
                0x00113f44      0x148 /opt/devkitpro/devkitARM/bin/../lib/gcc/arm-none-eabi/14.2.0/../../../../arm-none-eabi/lib/armv6k/fpu/libg.a(libc_a-fclose.o)
                0x00113f44                _fclose_r
 .text.fclose   0x0011408c       0x18 /opt/devkitpro/devkitARM/bin/../lib/gcc/arm-none-eabi/14.2.0/../../../../arm-none-eabi/lib/armv6k/fpu/libg.a(libc_a-fclose.o)
                0x0011408c                fclose
 .text._calloc_r
                0x001140a4       0xc0 /opt/devkitpro/devkitARM/bin/../lib/gcc/arm-none-eabi/14.2.0/../../../../arm-none-eabi/lib/armv6k/fpu/libg.a(libc_a-callocr.o)
                0x001140a4                _calloc_r
 .text.__smakebuf_r
                0x00114164      0x144 /opt/devkitpro/devkitARM/bin/../lib/gcc/arm-none-eabi/14.2.0/../../../../arm-none-eabi/lib/armv6k/fpu/libg.a(libc_a-makebuf.o)
                0x00114164                __smakebuf_r
 .text.__swhatbuf_r
                0x001142a8       0x8c /opt/devkitpro/devkitARM/bin/../lib/gcc/arm-none-eabi/14.2.0/../../../../arm-none-eabi/lib/armv6k/fpu/libg.a(libc_a-makebuf.o)
                0x001142a8                __swhatbuf_r
 .text.memalign
                0x00114334       0x20 /opt/devkitpro/devkitARM/bin/../lib/gcc/arm-none-eabi/14.2.0/../../../../arm-none-eabi/lib/armv6k/fpu/libg.a(libc_a-malign.o)
                0x00114334                memalign
 .text.stdio_exit_handler
                0x00114354       0x1c /opt/devkitpro/devkitARM/bin/../lib/gcc/arm-none-eabi/14.2.0/../../../../arm-none-eabi/lib/armv6k/fpu/libg.a(libc_a-findfp.o)
 .text.cleanup_stdio
                0x00114370       0x5c /opt/devkitpro/devkitARM/bin/../lib/gcc/arm-none-eabi/14.2.0/../../../../arm-none-eabi/lib/armv6k/fpu/libg.a(libc_a-findfp.o)
 .text.global_stdio_init.part.0
                0x001143cc      0x154 /opt/devkitpro/devkitARM/bin/../lib/gcc/arm-none-eabi/14.2.0/../../../../arm-none-eabi/lib/armv6k/fpu/libg.a(libc_a-findfp.o)
 .text.__sfp    0x00114520      0x134 /opt/devkitpro/devkitARM/bin/../lib/gcc/arm-none-eabi/14.2.0/../../../../arm-none-eabi/lib/armv6k/fpu/libg.a(libc_a-findfp.o)
                0x00114520                __sfp
 .text.__sinit  0x00114654       0x5c /opt/devkitpro/devkitARM/bin/../lib/gcc/arm-none-eabi/14.2.0/../../../../arm-none-eabi/lib/armv6k/fpu/libg.a(libc_a-findfp.o)
                0x00114654                __sinit
 .text.__sfp_lock_acquire
                0x001146b0        0xc /opt/devkitpro/devkitARM/bin/../lib/gcc/arm-none-eabi/14.2.0/../../../../arm-none-eabi/lib/armv6k/fpu/libg.a(libc_a-findfp.o)
                0x001146b0                __sfp_lock_acquire
 .text.__sfp_lock_release
                0x001146bc        0xc /opt/devkitpro/devkitARM/bin/../lib/gcc/arm-none-eabi/14.2.0/../../../../arm-none-eabi/lib/armv6k/fpu/libg.a(libc_a-findfp.o)
                0x001146bc                __sfp_lock_release
 .text._malloc_r
                0x001146c8      0x7e8 /opt/devkitpro/devkitARM/bin/../lib/gcc/arm-none-eabi/14.2.0/../../../../arm-none-eabi/lib/armv6k/fpu/libg.a(libc_a-mallocr.o)
                0x001146c8                _malloc_r
 .text._malloc_trim_r
                0x00114eb0       0xf8 /opt/devkitpro/devkitARM/bin/../lib/gcc/arm-none-eabi/14.2.0/../../../../arm-none-eabi/lib/armv6k/fpu/libg.a(libc_a-freer.o)
                0x00114eb0                _malloc_trim_r
 .text._free_r  0x00114fa8      0x300 /opt/devkitpro/devkitARM/bin/../lib/gcc/arm-none-eabi/14.2.0/../../../../arm-none-eabi/lib/armv6k/fpu/libg.a(libc_a-freer.o)
                0x00114fa8                _free_r
 .text.setvbuf  0x001152a8      0x294 /opt/devkitpro/devkitARM/bin/../lib/gcc/arm-none-eabi/14.2.0/../../../../arm-none-eabi/lib/armv6k/fpu/libg.a(libc_a-setvbuf.o)
                0x001152a8                setvbuf
 .text.strnlen  0x0011553c       0x4c /opt/devkitpro/devkitARM/bin/../lib/gcc/arm-none-eabi/14.2.0/../../../../arm-none-eabi/lib/armv6k/fpu/libg.a(libc_a-strnlen.o)
                0x0011553c                strnlen
 .text.__errno  0x00115588        0xc /opt/devkitpro/devkitARM/bin/../lib/gcc/arm-none-eabi/14.2.0/../../../../arm-none-eabi/lib/armv6k/fpu/libg.a(libc_a-errno.o)
                0x00115588                __errno
 .text.malloc   0x00115594       0x34 /opt/devkitpro/devkitARM/bin/../lib/gcc/arm-none-eabi/14.2.0/../../../../arm-none-eabi/lib/armv6k/fpu/libg.a(libc_a-malloc.o)
                0x00115594                malloc
 .text.free     0x001155c8       0x18 /opt/devkitpro/devkitARM/bin/../lib/gcc/arm-none-eabi/14.2.0/../../../../arm-none-eabi/lib/armv6k/fpu/libg.a(libc_a-malloc.o)
                0x001155c8                free
 .text.memcpy   0x001155e0      0x130 /opt/devkitpro/devkitARM/bin/../lib/gcc/arm-none-eabi/14.2.0/../../../../arm-none-eabi/lib/armv6k/fpu/libg.a(libc_a-memcpy-stub.o)
                0x001155e0                memcpy
 .text.printf   0x00115710       0x34 /opt/devkitpro/devkitARM/bin/../lib/gcc/arm-none-eabi/14.2.0/../../../../arm-none-eabi/lib/armv6k/fpu/libg.a(libc_a-printf.o)
                0x00115710                printf
 .text._fopen_r
                0x00115744      0x134 /opt/devkitpro/devkitARM/bin/../lib/gcc/arm-none-eabi/14.2.0/../../../../arm-none-eabi/lib/armv6k/fpu/libg.a(libc_a-fopen.o)
                0x00115744                _fopen_r
 .text.fopen    0x00115878       0x20 /opt/devkitpro/devkitARM/bin/../lib/gcc/arm-none-eabi/14.2.0/../../../../arm-none-eabi/lib/armv6k/fpu/libg.a(libc_a-fopen.o)
                0x00115878                fopen
 .text.time     0x00115898       0x4c /opt/devkitpro/devkitARM/bin/../lib/gcc/arm-none-eabi/14.2.0/../../../../arm-none-eabi/lib/armv6k/fpu/libg.a(libc_a-time.o)
                0x00115898                time
 .text.memset   0x001158e4       0xe8 /opt/devkitpro/devkitARM/bin/../lib/gcc/arm-none-eabi/14.2.0/../../../../arm-none-eabi/lib/armv6k/fpu/libg.a(libc_a-memset.o)
                0x001158e4                memset
 .text._fwalk_sglue
                0x001159cc       0x70 /opt/devkitpro/devkitARM/bin/../lib/gcc/arm-none-eabi/14.2.0/../../../../arm-none-eabi/lib/armv6k/fpu/libg.a(libc_a-fwalk.o)
                0x001159cc                _fwalk_sglue
 .text.__malloc_lock
                0x00115a3c        0xc /opt/devkitpro/devkitARM/bin/../lib/gcc/arm-none-eabi/14.2.0/../../../../arm-none-eabi/lib/armv6k/fpu/libg.a(libc_a-mlock.o)
                0x00115a3c                __malloc_lock
 .text.__malloc_unlock
                0x00115a48        0xc /opt/devkitpro/devkitARM/bin/../lib/gcc/arm-none-eabi/14.2.0/../../../../arm-none-eabi/lib/armv6k/fpu/libg.a(libc_a-mlock.o)
                0x00115a48                __malloc_unlock
 .text.__call_exitprocs
                0x00115a54        0x4 /opt/devkitpro/devkitARM/bin/../lib/gcc/arm-none-eabi/14.2.0/../../../../arm-none-eabi/lib/armv6k/fpu/libg.a(libc_a-exit.o)
                0x00115a54                __call_exitprocs
 .text.exit     0x00115a58       0x30 /opt/devkitpro/devkitARM/bin/../lib/gcc/arm-none-eabi/14.2.0/../../../../arm-none-eabi/lib/armv6k/fpu/libg.a(libc_a-exit.o)
                0x00115a58                exit
 .text._fseek_r
                0x00115a88       0x1c /opt/devkitpro/devkitARM/bin/../lib/gcc/arm-none-eabi/14.2.0/../../../../arm-none-eabi/lib/armv6k/fpu/libg.a(libc_a-fseek.o)
                0x00115a88                _fseek_r
 .text.strncpy  0x00115aa4       0xc4 /opt/devkitpro/devkitARM/bin/../lib/gcc/arm-none-eabi/14.2.0/../../../../arm-none-eabi/lib/armv6k/fpu/libg.a(libc_a-strncpy.o)
                0x00115aa4                strncpy
 .text.__sflags
                0x00115b68       0xb4 /opt/devkitpro/devkitARM/bin/../lib/gcc/arm-none-eabi/14.2.0/../../../../arm-none-eabi/lib/armv6k/fpu/libg.a(libc_a-flags.o)
                0x00115b68                __sflags
 .text.__libc_init_array
                0x00115c1c       0x84 /opt/devkitpro/devkitARM/bin/../lib/gcc/arm-none-eabi/14.2.0/../../../../arm-none-eabi/lib/armv6k/fpu/libg.a(libc_a-init.o)
                0x00115c1c                __libc_init_array
 .text.__sflush_r
                0x00115ca0      0x228 /opt/devkitpro/devkitARM/bin/../lib/gcc/arm-none-eabi/14.2.0/../../../../arm-none-eabi/lib/armv6k/fpu/libg.a(libc_a-fflush.o)
                0x00115ca0                __sflush_r
 .text._fflush_r
                0x00115ec8       0x94 /opt/devkitpro/devkitARM/bin/../lib/gcc/arm-none-eabi/14.2.0/../../../../arm-none-eabi/lib/armv6k/fpu/libg.a(libc_a-fflush.o)
                0x00115ec8                _fflush_r
 .text._memalign_r
                0x00115f5c      0x150 /opt/devkitpro/devkitARM/bin/../lib/gcc/arm-none-eabi/14.2.0/../../../../arm-none-eabi/lib/armv6k/fpu/libg.a(libc_a-malignr.o)
                0x00115f5c                _memalign_r
 .text.__libc_fini_array
                0x001160ac       0x3c /opt/devkitpro/devkitARM/bin/../lib/gcc/arm-none-eabi/14.2.0/../../../../arm-none-eabi/lib/armv6k/fpu/libg.a(libc_a-fini.o)
                0x001160ac                __libc_fini_array
 .text._fseeko_r
                0x001160e8      0x58c /opt/devkitpro/devkitARM/bin/../lib/gcc/arm-none-eabi/14.2.0/../../../../arm-none-eabi/lib/armv6k/fpu/libg.a(libc_a-fseeko.o)
                0x001160e8                _fseeko_r
 .text.__sread  0x00116674       0x44 /opt/devkitpro/devkitARM/bin/../lib/gcc/arm-none-eabi/14.2.0/../../../../arm-none-eabi/lib/armv6k/fpu/libg.a(libc_a-stdio.o)
                0x00116674                __sread
 .text.__swrite
                0x001166b8       0x68 /opt/devkitpro/devkitARM/bin/../lib/gcc/arm-none-eabi/14.2.0/../../../../arm-none-eabi/lib/armv6k/fpu/libg.a(libc_a-stdio.o)
                0x001166b8                __swrite
 .text.__sseek  0x00116720       0x40 /opt/devkitpro/devkitARM/bin/../lib/gcc/arm-none-eabi/14.2.0/../../../../arm-none-eabi/lib/armv6k/fpu/libg.a(libc_a-stdio.o)
                0x00116720                __sseek
 .text.__sclose
                0x00116760        0x8 /opt/devkitpro/devkitARM/bin/../lib/gcc/arm-none-eabi/14.2.0/../../../../arm-none-eabi/lib/armv6k/fpu/libg.a(libc_a-stdio.o)
                0x00116760                __sclose
 .text.get_arg  0x00116768      0x5e4 /opt/devkitpro/devkitARM/bin/../lib/gcc/arm-none-eabi/14.2.0/../../../../arm-none-eabi/lib/armv6k/fpu/libg.a(libc_a-vfprintf.o)
 *fill*         0x00116d4c        0x4 
 .text._vfprintf_r
                0x00116d50     0x342c /opt/devkitpro/devkitARM/bin/../lib/gcc/arm-none-eabi/14.2.0/../../../../arm-none-eabi/lib/armv6k/fpu/libg.a(libc_a-vfprintf.o)
                0x00116d50                _vfprintf_r
 .text.__sbprintf
                0x0011a17c       0xb8 /opt/devkitpro/devkitARM/bin/../lib/gcc/arm-none-eabi/14.2.0/../../../../arm-none-eabi/lib/armv6k/fpu/libg.a(libc_a-vfprintf.o)
 .text.quorem   0x0011a234      0x1b4 /opt/devkitpro/devkitARM/bin/../lib/gcc/arm-none-eabi/14.2.0/../../../../arm-none-eabi/lib/armv6k/fpu/libg.a(libc_a-dtoa.o)
 .text._dtoa_r  0x0011a3e8     0x1370 /opt/devkitpro/devkitARM/bin/../lib/gcc/arm-none-eabi/14.2.0/../../../../arm-none-eabi/lib/armv6k/fpu/libg.a(libc_a-dtoa.o)
                0x0011a3e8                _dtoa_r
 .text._wcrtomb_r
                0x0011b758       0xa0 /opt/devkitpro/devkitARM/bin/../lib/gcc/arm-none-eabi/14.2.0/../../../../arm-none-eabi/lib/armv6k/fpu/libg.a(libc_a-wcrtomb.o)
                0x0011b758                _wcrtomb_r
 .text._wcsrtombs_r
                0x0011b7f8       0x28 /opt/devkitpro/devkitARM/bin/../lib/gcc/arm-none-eabi/14.2.0/../../../../arm-none-eabi/lib/armv6k/fpu/libg.a(libc_a-wcsrtombs.o)
                0x0011b7f8                _wcsrtombs_r
 .text.__swsetup_r
                0x0011b820      0x194 /opt/devkitpro/devkitARM/bin/../lib/gcc/arm-none-eabi/14.2.0/../../../../arm-none-eabi/lib/armv6k/fpu/libg.a(libc_a-wsetup.o)
                0x0011b820                __swsetup_r
 *fill*         0x0011b9b4        0x4 
 .text.frexp    0x0011b9b8       0x88 /opt/devkitpro/devkitARM/bin/../lib/gcc/arm-none-eabi/14.2.0/../../../../arm-none-eabi/lib/armv6k/fpu/libg.a(libm_a-s_frexp.o)
                0x0011b9b8                frexp
 .text.__assert_func
                0x0011ba40       0x5c /opt/devkitpro/devkitARM/bin/../lib/gcc/arm-none-eabi/14.2.0/../../../../arm-none-eabi/lib/armv6k/fpu/libg.a(libc_a-assert.o)
                0x0011ba40                __assert_func
 .text._Balloc  0x0011ba9c       0x88 /opt/devkitpro/devkitARM/bin/../lib/gcc/arm-none-eabi/14.2.0/../../../../arm-none-eabi/lib/armv6k/fpu/libg.a(libc_a-mprec.o)
                0x0011ba9c                _Balloc
 .text._Bfree   0x0011bb24       0x1c /opt/devkitpro/devkitARM/bin/../lib/gcc/arm-none-eabi/14.2.0/../../../../arm-none-eabi/lib/armv6k/fpu/libg.a(libc_a-mprec.o)
                0x0011bb24                _Bfree
 .text.__multadd
                0x0011bb40       0xf4 /opt/devkitpro/devkitARM/bin/../lib/gcc/arm-none-eabi/14.2.0/../../../../arm-none-eabi/lib/armv6k/fpu/libg.a(libc_a-mprec.o)
                0x0011bb40                __multadd
 .text.__hi0bits
                0x0011bc34       0x80 /opt/devkitpro/devkitARM/bin/../lib/gcc/arm-none-eabi/14.2.0/../../../../arm-none-eabi/lib/armv6k/fpu/libg.a(libc_a-mprec.o)
                0x0011bc34                __hi0bits
 .text.__lo0bits
                0x0011bcb4       0xf4 /opt/devkitpro/devkitARM/bin/../lib/gcc/arm-none-eabi/14.2.0/../../../../arm-none-eabi/lib/armv6k/fpu/libg.a(libc_a-mprec.o)
                0x0011bcb4                __lo0bits
 .text.__i2b    0x0011bda8       0xa4 /opt/devkitpro/devkitARM/bin/../lib/gcc/arm-none-eabi/14.2.0/../../../../arm-none-eabi/lib/armv6k/fpu/libg.a(libc_a-mprec.o)
                0x0011bda8                __i2b
 .text.__multiply
                0x0011be4c      0x208 /opt/devkitpro/devkitARM/bin/../lib/gcc/arm-none-eabi/14.2.0/../../../../arm-none-eabi/lib/armv6k/fpu/libg.a(libc_a-mprec.o)
                0x0011be4c                __multiply
 .text.__pow5mult
                0x0011c054      0x130 /opt/devkitpro/devkitARM/bin/../lib/gcc/arm-none-eabi/14.2.0/../../../../arm-none-eabi/lib/armv6k/fpu/libg.a(libc_a-mprec.o)
                0x0011c054                __pow5mult
 .text.__lshift
                0x0011c184      0x138 /opt/devkitpro/devkitARM/bin/../lib/gcc/arm-none-eabi/14.2.0/../../../../arm-none-eabi/lib/armv6k/fpu/libg.a(libc_a-mprec.o)
                0x0011c184                __lshift
 .text.__mcmp   0x0011c2bc       0x58 /opt/devkitpro/devkitARM/bin/../lib/gcc/arm-none-eabi/14.2.0/../../../../arm-none-eabi/lib/armv6k/fpu/libg.a(libc_a-mprec.o)
                0x0011c2bc                __mcmp
 .text.__mdiff  0x0011c314      0x1f0 /opt/devkitpro/devkitARM/bin/../lib/gcc/arm-none-eabi/14.2.0/../../../../arm-none-eabi/lib/armv6k/fpu/libg.a(libc_a-mprec.o)
                0x0011c314                __mdiff
 .text.__d2b    0x0011c504      0x120 /opt/devkitpro/devkitARM/bin/../lib/gcc/arm-none-eabi/14.2.0/../../../../arm-none-eabi/lib/armv6k/fpu/libg.a(libc_a-mprec.o)
                0x0011c504                __d2b
 .text.__locale_mb_cur_max
                0x0011c624       0x24 /opt/devkitpro/devkitARM/bin/../lib/gcc/arm-none-eabi/14.2.0/../../../../arm-none-eabi/lib/armv6k/fpu/libg.a(libc_a-locale.o)
                0x0011c624                __locale_mb_cur_max
 .text.fiprintf
                0x0011c648       0x3c /opt/devkitpro/devkitARM/bin/../lib/gcc/arm-none-eabi/14.2.0/../../../../arm-none-eabi/lib/armv6k/fpu/libg.a(libc_a-fiprintf.o)
                0x0011c648                fiprintf
 .text.memchr   0x0011c684       0xe0 /opt/devkitpro/devkitARM/bin/../lib/gcc/arm-none-eabi/14.2.0/../../../../arm-none-eabi/lib/armv6k/fpu/libg.a(libc_a-memchr-stub.o)
                0x0011c684                memchr
 .text._wcsnrtombs_l
                0x0011c764      0x160 /opt/devkitpro/devkitARM/bin/../lib/gcc/arm-none-eabi/14.2.0/../../../../arm-none-eabi/lib/armv6k/fpu/libg.a(libc_a-wcsnrtombs.o)
                0x0011c764                _wcsnrtombs_l
 .text._wcsnrtombs_r
                0x0011c8c4       0x64 /opt/devkitpro/devkitARM/bin/../lib/gcc/arm-none-eabi/14.2.0/../../../../arm-none-eabi/lib/armv6k/fpu/libg.a(libc_a-wcsnrtombs.o)
                0x0011c8c4                _wcsnrtombs_r
 .text.__utf8_mbtowc
                0x0011c928      0x324 /opt/devkitpro/devkitARM/bin/../lib/gcc/arm-none-eabi/14.2.0/../../../../arm-none-eabi/lib/armv6k/fpu/libg.a(libc_a-mbtowc_r.o)
                0x0011c928                __utf8_mbtowc
 .text.__sprint_r
                0x0011cc4c       0x30 /opt/devkitpro/devkitARM/bin/../lib/gcc/arm-none-eabi/14.2.0/../../../../arm-none-eabi/lib/armv6k/fpu/libg.a(libc_a-sprint_r.o)
                0x0011cc4c                __sprint_r
 .text.abort    0x0011cc7c       0x14 /opt/devkitpro/devkitARM/bin/../lib/gcc/arm-none-eabi/14.2.0/../../../../arm-none-eabi/lib/armv6k/fpu/libg.a(libc_a-abort.o)
                0x0011cc7c                abort
 .text._localeconv_r
                0x0011cc90       0x24 /opt/devkitpro/devkitARM/bin/../lib/gcc/arm-none-eabi/14.2.0/../../../../arm-none-eabi/lib/armv6k/fpu/libg.a(libc_a-localeconv.o)
                0x0011cc90                _localeconv_r
 .text.__utf8_wctomb
                0x0011ccb4       0xf0 /opt/devkitpro/devkitARM/bin/../lib/gcc/arm-none-eabi/14.2.0/../../../../arm-none-eabi/lib/armv6k/fpu/libg.a(libc_a-wctomb_r.o)
                0x0011ccb4                __utf8_wctomb
 .text.memmove  0x0011cda4      0x160 /opt/devkitpro/devkitARM/bin/../lib/gcc/arm-none-eabi/14.2.0/../../../../arm-none-eabi/lib/armv6k/fpu/libg.a(libc_a-memmove.o)
                0x0011cda4                memmove
 .text._raise_r
                0x0011cf04       0x90 /opt/devkitpro/devkitARM/bin/../lib/gcc/arm-none-eabi/14.2.0/../../../../arm-none-eabi/lib/armv6k/fpu/libg.a(libc_a-signal.o)
                0x0011cf04                _raise_r
 .text.raise    0x0011cf94       0x18 /opt/devkitpro/devkitARM/bin/../lib/gcc/arm-none-eabi/14.2.0/../../../../arm-none-eabi/lib/armv6k/fpu/libg.a(libc_a-signal.o)
                0x0011cf94                raise
 .text.__sfvwrite_r
                0x0011cfac      0x480 /opt/devkitpro/devkitARM/bin/../lib/gcc/arm-none-eabi/14.2.0/../../../../arm-none-eabi/lib/armv6k/fpu/libg.a(libc_a-fvwrite.o)
                0x0011cfac                __sfvwrite_r
 .text.get_arg  0x0011d42c      0x5e4 /opt/devkitpro/devkitARM/bin/../lib/gcc/arm-none-eabi/14.2.0/../../../../arm-none-eabi/lib/armv6k/fpu/libg.a(libc_a-vfiprintf.o)
 .text._vfiprintf_r
                0x0011da10     0x2264 /opt/devkitpro/devkitARM/bin/../lib/gcc/arm-none-eabi/14.2.0/../../../../arm-none-eabi/lib/armv6k/fpu/libg.a(libc_a-vfiprintf.o)
                0x0011da10                _vfiprintf_r
 .text.__sbprintf
                0x0011fc74       0xb8 /opt/devkitpro/devkitARM/bin/../lib/gcc/arm-none-eabi/14.2.0/../../../../arm-none-eabi/lib/armv6k/fpu/libg.a(libc_a-vfiprintf.o)
 .text._realloc_r
                0x0011fd2c      0x4a4 /opt/devkitpro/devkitARM/bin/../lib/gcc/arm-none-eabi/14.2.0/../../../../arm-none-eabi/lib/armv6k/fpu/libg.a(libc_a-reallocr.o)
                0x0011fd2c                _realloc_r
 .text._exit    0x001201d0       0x20 /opt/devkitpro/devkitARM/bin/../lib/gcc/arm-none-eabi/14.2.0/../../../../arm-none-eabi/lib/armv6k/fpu/libsysbase.a(libsysbase_libsysbase_a-_exit.o)
                0x001201d0                _exit
 .text.chdir    0x001201f0      0x13c /opt/devkitpro/devkitARM/bin/../lib/gcc/arm-none-eabi/14.2.0/../../../../arm-none-eabi/lib/armv6k/fpu/libsysbase.a(libsysbase_libsysbase_a-chdir.o)
                0x001201f0                chdir
 .text._concatenate_path
                0x0012032c      0x1cc /opt/devkitpro/devkitARM/bin/../lib/gcc/arm-none-eabi/14.2.0/../../../../arm-none-eabi/lib/armv6k/fpu/libsysbase.a(libsysbase_libsysbase_a-concatenate.o)
                0x0012032c                _concatenate_path
 .text._fstat_r
                0x001204f8       0x88 /opt/devkitpro/devkitARM/bin/../lib/gcc/arm-none-eabi/14.2.0/../../../../arm-none-eabi/lib/armv6k/fpu/libsysbase.a(libsysbase_libsysbase_a-fstat.o)
                0x001204f8                _fstat_r
 .text._getpid_r
                0x00120580       0x14 /opt/devkitpro/devkitARM/bin/../lib/gcc/arm-none-eabi/14.2.0/../../../../arm-none-eabi/lib/armv6k/fpu/libsysbase.a(libsysbase_libsysbase_a-getpid.o)
                0x00120580                _getpid_r
 .text.__getreent
                0x00120594       0x2c /opt/devkitpro/devkitARM/bin/../lib/gcc/arm-none-eabi/14.2.0/../../../../arm-none-eabi/lib/armv6k/fpu/libsysbase.a(libsysbase_libsysbase_a-getreent.o)
                0x00120594                __getreent
 .text._gettimeofday_r
                0x001205c0       0x30 /opt/devkitpro/devkitARM/bin/../lib/gcc/arm-none-eabi/14.2.0/../../../../arm-none-eabi/lib/armv6k/fpu/libsysbase.a(libsysbase_libsysbase_a-gettod.o)
                0x001205c0                _gettimeofday_r
 .text.__release_handle
                0x001205f0       0x8c /opt/devkitpro/devkitARM/bin/../lib/gcc/arm-none-eabi/14.2.0/../../../../arm-none-eabi/lib/armv6k/fpu/libsysbase.a(libsysbase_libsysbase_a-handle_manager.o)
                0x001205f0                __release_handle
 .text.__alloc_handle
                0x0012067c       0xb0 /opt/devkitpro/devkitARM/bin/../lib/gcc/arm-none-eabi/14.2.0/../../../../arm-none-eabi/lib/armv6k/fpu/libsysbase.a(libsysbase_libsysbase_a-handle_manager.o)
                0x0012067c                __alloc_handle
 .text.__get_handle
                0x0012072c       0x3c /opt/devkitpro/devkitARM/bin/../lib/gcc/arm-none-eabi/14.2.0/../../../../arm-none-eabi/lib/armv6k/fpu/libsysbase.a(libsysbase_libsysbase_a-handle_manager.o)
                0x0012072c                __get_handle
 .text._close_r
                0x00120768       0xf4 /opt/devkitpro/devkitARM/bin/../lib/gcc/arm-none-eabi/14.2.0/../../../../arm-none-eabi/lib/armv6k/fpu/libsysbase.a(libsysbase_libsysbase_a-handle_manager.o)
                0x00120768                _close_r
 .text.null_write
                0x0012085c        0x8 /opt/devkitpro/devkitARM/bin/../lib/gcc/arm-none-eabi/14.2.0/../../../../arm-none-eabi/lib/armv6k/fpu/libsysbase.a(libsysbase_libsysbase_a-iosupport.o)
 .text.setDefaultDevice
                0x00120864       0x18 /opt/devkitpro/devkitARM/bin/../lib/gcc/arm-none-eabi/14.2.0/../../../../arm-none-eabi/lib/armv6k/fpu/libsysbase.a(libsysbase_libsysbase_a-iosupport.o)
                0x00120864                setDefaultDevice
 .text.FindDevice
                0x0012087c       0xc8 /opt/devkitpro/devkitARM/bin/../lib/gcc/arm-none-eabi/14.2.0/../../../../arm-none-eabi/lib/armv6k/fpu/libsysbase.a(libsysbase_libsysbase_a-iosupport.o)
                0x0012087c                FindDevice
 .text.RemoveDevice
                0x00120944       0x28 /opt/devkitpro/devkitARM/bin/../lib/gcc/arm-none-eabi/14.2.0/../../../../arm-none-eabi/lib/armv6k/fpu/libsysbase.a(libsysbase_libsysbase_a-iosupport.o)
                0x00120944                RemoveDevice
 .text.AddDevice
                0x0012096c       0x98 /opt/devkitpro/devkitARM/bin/../lib/gcc/arm-none-eabi/14.2.0/../../../../arm-none-eabi/lib/armv6k/fpu/libsysbase.a(libsysbase_libsysbase_a-iosupport.o)
                0x0012096c                AddDevice
 .text.GetDeviceOpTab
                0x00120a04       0x20 /opt/devkitpro/devkitARM/bin/../lib/gcc/arm-none-eabi/14.2.0/../../../../arm-none-eabi/lib/armv6k/fpu/libsysbase.a(libsysbase_libsysbase_a-iosupport.o)
                0x00120a04                GetDeviceOpTab
 .text._isatty_r
                0x00120a24        0x8 /opt/devkitpro/devkitARM/bin/../lib/gcc/arm-none-eabi/14.2.0/../../../../arm-none-eabi/lib/armv6k/fpu/libsysbase.a(libsysbase_libsysbase_a-isatty.o)
                0x00120a24                _isatty_r
 .text._kill_r  0x00120a2c       0x14 /opt/devkitpro/devkitARM/bin/../lib/gcc/arm-none-eabi/14.2.0/../../../../arm-none-eabi/lib/armv6k/fpu/libsysbase.a(libsysbase_libsysbase_a-kill.o)
                0x00120a2c                _kill_r
 .text._lseek_r
                0x00120a40       0x8c /opt/devkitpro/devkitARM/bin/../lib/gcc/arm-none-eabi/14.2.0/../../../../arm-none-eabi/lib/armv6k/fpu/libsysbase.a(libsysbase_libsysbase_a-lseek.o)
                0x00120a40                _lseek_r
 .text._open_r  0x00120acc       0xbc /opt/devkitpro/devkitARM/bin/../lib/gcc/arm-none-eabi/14.2.0/../../../../arm-none-eabi/lib/armv6k/fpu/libsysbase.a(libsysbase_libsysbase_a-open.o)
                0x00120acc                _open_r
 .text._read_r  0x00120b88       0x88 /opt/devkitpro/devkitARM/bin/../lib/gcc/arm-none-eabi/14.2.0/../../../../arm-none-eabi/lib/armv6k/fpu/libsysbase.a(libsysbase_libsysbase_a-read.o)
                0x00120b88                _read_r
 .text._sbrk_r  0x00120c10       0x78 /opt/devkitpro/devkitARM/bin/../lib/gcc/arm-none-eabi/14.2.0/../../../../arm-none-eabi/lib/armv6k/fpu/libsysbase.a(libsysbase_libsysbase_a-sbrk.o)
                0x00120c10                _sbrk_r
 .text.__libc_lock_acquire
                0x00120c88       0x1c /opt/devkitpro/devkitARM/bin/../lib/gcc/arm-none-eabi/14.2.0/../../../../arm-none-eabi/lib/armv6k/fpu/libsysbase.a(libsysbase_libsysbase_a-syscall_support.o)
                0x00120c88                __libc_lock_acquire
 .text.__libc_lock_release
                0x00120ca4       0x1c /opt/devkitpro/devkitARM/bin/../lib/gcc/arm-none-eabi/14.2.0/../../../../arm-none-eabi/lib/armv6k/fpu/libsysbase.a(libsysbase_libsysbase_a-syscall_support.o)
                0x00120ca4                __libc_lock_release
 .text.__libc_lock_acquire_recursive
                0x00120cc0       0x1c /opt/devkitpro/devkitARM/bin/../lib/gcc/arm-none-eabi/14.2.0/../../../../arm-none-eabi/lib/armv6k/fpu/libsysbase.a(libsysbase_libsysbase_a-syscall_support.o)
                0x00120cc0                __libc_lock_acquire_recursive
 .text.__libc_lock_release_recursive
                0x00120cdc       0x1c /opt/devkitpro/devkitARM/bin/../lib/gcc/arm-none-eabi/14.2.0/../../../../arm-none-eabi/lib/armv6k/fpu/libsysbase.a(libsysbase_libsysbase_a-syscall_support.o)