Archive member included to satisfy reference by file (symbol)

/opt/devkitpro/libctru/lib/libcitro2d.a(base.o)
                              main.o (C2D_Init)
/opt/devkitpro/libctru/lib/libcitro2d.a(spritesheet.o)
                              main.o (C2D_SpriteSheetLoad)
/opt/devkitpro/libctru/lib/libcitro2d.a(render2d.shbin.o)
                              /opt/devkitpro/libctru/lib/libcitro2d.a(base.o) (render2d_shbin)
/opt/devkitpro/libctru/lib/libcitro3d.a(attribs.o)
                              /opt/devkitpro/libctru/lib/libcitro2d.a(base.o) (AttrInfo_Init)
/opt/devkitpro/libctru/lib/libcitro3d.a(base.o)
                              /opt/devkitpro/libctru/lib/libcitro3d.a(attribs.o) (__C3D_Context)
/opt/devkitpro/libctru/lib/libcitro3d.a(buffers.o)
                              /opt/devkitpro/libctru/lib/libcitro2d.a(base.o) (BufInfo_Init)
/opt/devkitpro/libctru/lib/libcitro3d.a(drawElements.o)
                              /opt/devkitpro/libctru/lib/libcitro2d.a(base.o) (C3D_DrawElements)
/opt/devkitpro/libctru/lib/libcitro3d.a(effect.o)
                              /opt/devkitpro/libctru/lib/libcitro3d.a(base.o) (C3D_DepthMap)
/opt/devkitpro/libctru/lib/libcitro3d.a(framebuffer.o)
                              /opt/devkitpro/libctru/lib/libcitro3d.a(base.o) (C3Di_FrameBufBind)
/opt/devkitpro/libctru/lib/libcitro3d.a(immediate.o)
                              /opt/devkitpro/libctru/lib/libcitro3d.a(base.o) (C3D_ImmSendAttrib)
/opt/devkitpro/libctru/lib/libcitro3d.a(proctex.o)
                              /opt/devkitpro/libctru/lib/libcitro2d.a(base.o) (C3D_ProcTexInit)
/opt/devkitpro/libctru/lib/libcitro3d.a(renderqueue.o)
                              /opt/devkitpro/libctru/lib/libcitro3d.a(base.o) (C3Di_RenderQueueEnableVBlank)
/opt/devkitpro/libctru/lib/libcitro3d.a(tex3ds.o)
                              /opt/devkitpro/libctru/lib/libcitro2d.a(spritesheet.o) (Tex3DS_TextureImport)
/opt/devkitpro/libctru/lib/libcitro3d.a(texenv.o)
                              /opt/devkitpro/libctru/lib/libcitro2d.a(base.o) (C3D_GetTexEnv)
/opt/devkitpro/libctru/lib/libcitro3d.a(texture.o)
                              /opt/devkitpro/libctru/lib/libcitro3d.a(tex3ds.o) (C3D_TexInitWithParams)
/opt/devkitpro/libctru/lib/libcitro3d.a(uniforms.o)
                              /opt/devkitpro/libctru/lib/libcitro3d.a(base.o) (C3D_UpdateUniforms)
/opt/devkitpro/libctru/lib/libcitro3d.a(mtx_multiply.o)
                              /opt/devkitpro/libctru/lib/libcitro2d.a(base.o) (Mtx_Multiply)
/opt/devkitpro/libctru/lib/libcitro3d.a(mtx_ortho.o)
                              /opt/devkitpro/libctru/lib/libcitro2d.a(base.o) (Mtx_Ortho)
/opt/devkitpro/libctru/lib/libcitro3d.a(mtx_orthotilt.o)
                              /opt/devkitpro/libctru/lib/libcitro2d.a(base.o) (Mtx_OrthoTilt)
/opt/devkitpro/libctru/lib/libcitro3d.a(mtx_rotatez.o)
                              /opt/devkitpro/libctru/lib/libcitro2d.a(base.o) (Mtx_RotateZ)
/opt/devkitpro/libctru/lib/libcitro3d.a(mtx_scale.o)
                              /opt/devkitpro/libctru/lib/libcitro2d.a(base.o) (Mtx_Scale)
/opt/devkitpro/libctru/lib/libcitro3d.a(mtx_translate.o)
                              /opt/devkitpro/libctru/lib/libcitro2d.a(base.o) (Mtx_Translate)
/opt/devkitpro/libctru/lib/libctru.a(vram.o)
                              /opt/devkitpro/libctru/lib/libcitro3d.a(renderqueue.o) (vramAlloc)
/opt/devkitpro/libctru/lib/libctru.a(linear.o)
                              /opt/devkitpro/libctru/lib/libcitro2d.a(base.o) (linearAlloc)
/opt/devkitpro/libctru/lib/libctru.a(mem_pool.o)
                              /opt/devkitpro/libctru/lib/libctru.a(vram.o) (MemPool::Allocate(MemChunk&, unsigned long, int))
/opt/devkitpro/libctru/lib/libctru.a(romfs_dev.o)
                              main.o (romfsMountSelf)
/opt/devkitpro/libctru/lib/libctru.a(os.o)
                              /opt/devkitpro/libctru/lib/libcitro3d.a(buffers.o) (osConvertVirtToPhys)
/opt/devkitpro/libctru/lib/libctru.a(console.o)
                              main.o (consoleInit)
/opt/devkitpro/libctru/lib/libctru.a(path_buf.o)
                              /opt/devkitpro/libctru/lib/libctru.a(romfs_dev.o) (__ctru_dev_utf16_buf)
/opt/devkitpro/libctru/lib/libctru.a(gfx.o)
                              /opt/devkitpro/libctru/lib/libcitro2d.a(base.o) (gfxIsWide)
/opt/devkitpro/libctru/lib/libctru.a(shaderProgram.o)
                              /opt/devkitpro/libctru/lib/libcitro2d.a(base.o) (shaderInstanceGetUniformLocation)
/opt/devkitpro/libctru/lib/libctru.a(shbin.o)
                              /opt/devkitpro/libctru/lib/libcitro2d.a(base.o) (DVLB_ParseFile)
/opt/devkitpro/libctru/lib/libctru.a(gx.o)
                              /opt/devkitpro/libctru/lib/libcitro3d.a(renderqueue.o) (GX_BindQueue)
/opt/devkitpro/libctru/lib/libctru.a(gxqueue.o)
                              /opt/devkitpro/libctru/lib/libcitro3d.a(renderqueue.o) (gxCmdQueueClear)
/opt/devkitpro/libctru/lib/libctru.a(gpu.o)
[...]
Memory Configuration

Name             Origin             Length             Attributes
*default*        0x00000000         0xffffffff

Linker script and memory map

                0x00000000                        __sync_synchronize = __sync_synchronize_dmb
                0x00100000                        PROVIDE (__start__ = 0x100000)
                0x00100000                        . = __start__

.text           0x00100000    0x222bc
 *(.crt0)
 .crt0          0x00100000       0x94 /opt/devkitpro/devkitARM/bin/../lib/gcc/arm-none-eabi/14.2.0/../../../../arm-none-eabi/lib/armv6k/fpu/3dsx_crt0.o
                0x00100000                _start
                0x00100008                __service_ptr
                0x0010000c                __apt_appid
                0x00100010                __heap_size
                0x00100014                __linear_heap_size
                0x00100018                __system_arglist
                0x0010001c                __system_runflags
 *(.init)
 .init          0x00100094        0xc /opt/devkitpro/devkitARM/bin/../lib/gcc/arm-none-eabi/14.2.0/armv6k/fpu/crti.o
                0x00100094                _init
 .init          0x001000a0        0xc /opt/devkitpro/devkitARM/bin/../lib/gcc/arm-none-eabi/14.2.0/armv6k/fpu/crtn.o
                0x001000ac                        . = ALIGN (0x4)
 *(.text)
 .text          0x001000ac      0x20c /opt/devkitpro/devkitARM/bin/../lib/gcc/arm-none-eabi/14.2.0/armv6k/fpu/libgcc.a(_udivsi3.o)
                0x001000ac                __udivsi3
                0x001000ac                __aeabi_uidiv
                0x00100298                __aeabi_uidivmod
 .text          0x001002b8      0x240 /opt/devkitpro/devkitARM/bin/../lib/gcc/arm-none-eabi/14.2.0/armv6k/fpu/libgcc.a(_divsi3.o)
                0x001002b8                __aeabi_idiv
                0x001002b8                __divsi3
                0x001004d8                __aeabi_idivmod
 .text          0x001004f8        0x4 /opt/devkitpro/devkitARM/bin/../lib/gcc/arm-none-eabi/14.2.0/armv6k/fpu/libgcc.a(_dvmd_tls.o)
                0x001004f8                __aeabi_ldiv0
                0x001004f8                __aeabi_idiv0
 .text          0x001004fc      0x3c0 /opt/devkitpro/devkitARM/bin/../lib/gcc/arm-none-eabi/14.2.0/armv6k/fpu/libgcc.a(_arm_addsubdf3.o)
                0x001004fc                __aeabi_drsub
                0x00100504                __aeabi_dsub
                0x00100504                __subdf3
                0x00100508                __adddf3
                0x00100508                __aeabi_dadd
                0x001007b4                __aeabi_ui2d
                0x001007b4                __floatunsidf
                0x001007d8                __floatsidf
                0x001007d8                __aeabi_i2d
                0x00100800                __extendsfdf2
                0x00100800                __aeabi_f2d
                0x00100848                __aeabi_ul2d
                0x00100848                __floatundidf
                0x0010085c                __floatdidf
                0x0010085c                __aeabi_l2d
 .text          0x001008bc       0xd4 /opt/devkitpro/devkitARM/bin/../lib/gcc/arm-none-eabi/14.2.0/armv6k/fpu/libgcc.a(_aeabi_ldivmod.o)
                0x001008bc                __aeabi_ldivmod
 .text          0x00100990       0x3c /opt/devkitpro/devkitARM/bin/../lib/gcc/arm-none-eabi/14.2.0/armv6k/fpu/libgcc.a(_aeabi_uldivmod.o)
                0x00100990                __aeabi_uldivmod
 *fill*         0x001009cc       0x14 
 .text          0x001009e0      0x390 /opt/devkitpro/devkitARM/bin/../lib/gcc/arm-none-eabi/14.2.0/../../../../arm-none-eabi/lib/armv6k/fpu/libg.a(libc_a-strcmp.o)
                0x001009e8                strcmp
 *(.text.*)
 .text.__do_global_dtors_aux
                0x00100d70       0x40 /opt/devkitpro/devkitARM/bin/../lib/gcc/arm-none-eabi/14.2.0/armv6k/fpu/crtbegin.o
 .text.frame_dummy
                0x00100db0       0x2c /opt/devkitpro/devkitARM/bin/../lib/gcc/arm-none-eabi/14.2.0/armv6k/fpu/crtbegin.o
 .text.romfsInit
                0x00100ddc       0x20 main.o
 .text.romfsExit
                0x00100dfc       0x20 main.o
 .text.C2D_Clamp
                0x00100e1c       0x68 main.o
 .text.C2D_FloatToU8
                0x00100e84       0x60 main.o
 .text.C2D_Color32
                0x00100ee4       0x74 main.o
 .text.C2D_Color32f
                0x00100f58       0x78 main.o
 .text.C2D_SceneTarget
                0x00100fd0       0x44 main.o
 .text.C2D_SceneBegin
                0x00101014       0x30 main.o
 .text.C2D_SpriteFromImage
                0x00101044       0xb4 main.o
 .text.C2D_SpriteFromSheet
                0x001010f8       0x48 main.o
 .text.C2D_SpriteSetScale
                0x00101140       0xd8 main.o
 .text.C2D_SpriteSetPos
                0x00101218       0x40 main.o
 .text.C2D_DrawSprite
                0x00101258       0x38 main.o
 .text.ch_append
                0x00101290       0x84 main.o
                0x00101290                ch_append
 .text.wipe_char
                0x00101314       0xc4 main.o
                0x00101314                wipe_char
 .text.split    0x001013d8      0x184 main.o
                0x001013d8                split
 .text.is_node_substantial
                0x0010155c       0xb0 main.o
                0x0010155c                is_node_substantial
 .text.play_nodes
                0x0010160c      0x564 main.o
                0x0010160c                play_nodes
 .text.main     0x00101b70      0x188 main.o
                0x00101b70                main
 .text.C2Di_FrameEndHook
                0x00101cf8       0x44 /opt/devkitpro/libctru/lib/libcitro2d.a(base.o)
 *fill*         0x00101d3c        0x4 
 .text.C2D_Init
                0x00101d40      0x36c /opt/devkitpro/libctru/lib/libcitro2d.a(base.o)
                0x00101d40                C2D_Init
 .text.C2D_Fini
                0x001020ac       0x4c /opt/devkitpro/libctru/lib/libcitro2d.a(base.o)
                0x001020ac                C2D_Fini
 .text.C2D_Prepare
                0x001020f8       0xb8 /opt/devkitpro/libctru/lib/libcitro2d.a(base.o)
                0x001020f8                C2D_Prepare
 .text.C2D_Flush
                0x001021b0       0x48 /opt/devkitpro/libctru/lib/libcitro2d.a(base.o)
                0x001021b0                C2D_Flush
 .text.C2D_SceneSize
                0x001021f8      0x104 /opt/devkitpro/libctru/lib/libcitro2d.a(base.o)
                0x001021f8                C2D_SceneSize
 .text.C2D_CreateScreenTarget
                0x001022fc       0x58 /opt/devkitpro/libctru/lib/libcitro2d.a(base.o)
                0x001022fc                C2D_CreateScreenTarget
 .text.C2D_TargetClear
                0x00102354       0x64 /opt/devkitpro/libctru/lib/libcitro2d.a(base.o)
                0x00102354                C2D_TargetClear
 .text.C2Di_CalcQuad
                0x001023b8      0x13c /opt/devkitpro/libctru/lib/libcitro2d.a(base.o)
                0x001023b8                C2Di_CalcQuad
 .text.C2Di_AppendQuad
                0x001024f4       0x58 /opt/devkitpro/libctru/lib/libcitro2d.a(base.o)
                0x001024f4                C2Di_AppendQuad
 .text.C2Di_Update
                0x0010254c      0x550 /opt/devkitpro/libctru/lib/libcitro2d.a(base.o)
                0x0010254c                C2Di_Update
 .text.C2D_DrawImage
                0x00102a9c      0x2b0 /opt/devkitpro/libctru/lib/libcitro2d.a(base.o)
                0x00102a9c                C2D_DrawImage
 .text.C2D_SpriteSheetLoadFromHandle
                0x00102d4c       0x6c /opt/devkitpro/libctru/lib/libcitro2d.a(spritesheet.o)
                0x00102d4c                C2D_SpriteSheetLoadFromHandle
 .text.C2D_SpriteSheetLoad
                0x00102db8       0x48 /opt/devkitpro/libctru/lib/libcitro2d.a(spritesheet.o)
                0x00102db8                C2D_SpriteSheetLoad
 .text.C2D_SpriteSheetFree
                0x00102e00       0x28 /opt/devkitpro/libctru/lib/libcitro2d.a(spritesheet.o)
                0x00102e00                C2D_SpriteSheetFree
 .text.C2D_SpriteSheetCount
                0x00102e28        0x8 /opt/devkitpro/libctru/lib/libcitro2d.a(spritesheet.o)
                0x00102e28                C2D_SpriteSheetCount
 .text.C2D_SpriteSheetGetImage
                0x00102e30       0x2c /opt/devkitpro/libctru/lib/libcitro2d.a(spritesheet.o)
                0x00102e30                C2D_SpriteSheetGetImage
 .text.AttrInfo_Init
                0x00102e5c       0x28 /opt/devkitpro/libctru/lib/libcitro3d.a(attribs.o)
                0x00102e5c                AttrInfo_Init
 .text.AttrInfo_AddLoader
                0x00102e84       0x94 /opt/devkitpro/libctru/lib/libcitro3d.a(attribs.o)
                0x00102e84                AttrInfo_AddLoader
 .text.C3D_SetAttrInfo
                0x00102f18       0x54 /opt/devkitpro/libctru/lib/libcitro3d.a(attribs.o)
                0x00102f18                C3D_SetAttrInfo
 .text.C3Di_AttrInfoBind
                0x00102f6c       0x80 /opt/devkitpro/libctru/lib/libcitro3d.a(attribs.o)
                0x00102f6c                C3Di_AttrInfoBind
 .text.C3Di_LightEnvUpdate
                0x00102fec        0x4 /opt/devkitpro/libctru/lib/libcitro3d.a(base.o)
                0x00102fec                C3Di_LightEnvUpdate
 .text.C3Di_LightEnvDirty
                0x00102ff0        0x4 /opt/devkitpro/libctru/lib/libcitro3d.a(base.o)
                0x00102ff0                C3Di_LightEnvDirty
 .text.C3Di_AptEventHook
                0x00102ff4       0xb4 /opt/devkitpro/libctru/lib/libcitro3d.a(base.o)
 .text.C3Di_GasUpdate
                0x001030a8        0x4 /opt/devkitpro/libctru/lib/libcitro3d.a(base.o)
                0x001030a8                C3Di_GasUpdate
 .text.C3D_Init
                0x001030ac      0x1d0 /opt/devkitpro/libctru/lib/libcitro3d.a(base.o)
                0x001030ac                C3D_Init
 .text.C3D_SetViewport
                0x0010327c       0x98 /opt/devkitpro/libctru/lib/libcitro3d.a(base.o)
                0x0010327c                C3D_SetViewport
 .text.C3Di_UpdateContext
                0x00103314      0x4e8 /opt/devkitpro/libctru/lib/libcitro3d.a(base.o)
                0x00103314                C3Di_UpdateContext
 .text.C3Di_SplitFrame
                0x001037fc       0xe0 /opt/devkitpro/libctru/lib/libcitro3d.a(base.o)
                0x001037fc                C3Di_SplitFrame
 .text.C3D_Fini
                0x001038dc       0x44 /opt/devkitpro/libctru/lib/libcitro3d.a(base.o)
                0x001038dc                C3D_Fini
 .text.C3D_BindProgram
                0x00103920      0x194 /opt/devkitpro/libctru/lib/libcitro3d.a(base.o)
                0x00103920                C3D_BindProgram
 .text.BufInfo_Init
                0x00103ab4       0x24 /opt/devkitpro/libctru/lib/libcitro3d.a(buffers.o)
                0x00103ab4                BufInfo_Init
 .text.BufInfo_Add
                0x00103ad8       0x80 /opt/devkitpro/libctru/lib/libcitro3d.a(buffers.o)
                0x00103ad8                BufInfo_Add
 .text.C3D_SetBufInfo
                0x00103b58       0x3c /opt/devkitpro/libctru/lib/libcitro3d.a(buffers.o)
                0x00103b58                C3D_SetBufInfo
 .text.C3Di_BufInfoBind
                0x00103b94       0x48 /opt/devkitpro/libctru/lib/libcitro3d.a(buffers.o)
                0x00103b94                C3Di_BufInfoBind
 .text.C3D_DrawElements
                0x00103bdc      0x21c /opt/devkitpro/libctru/lib/libcitro3d.a(drawElements.o)
                0x00103bdc                C3D_DrawElements
 .text.C3D_DepthMap
                0x00103df8       0x40 /opt/devkitpro/libctru/lib/libcitro3d.a(effect.o)
                0x00103df8                C3D_DepthMap
 .text.C3D_CullFace
                0x00103e38       0x1c /opt/devkitpro/libctru/lib/libcitro3d.a(effect.o)
                0x00103e38                C3D_CullFace
 .text.C3D_StencilTest
                0x00103e54       0x40 /opt/devkitpro/libctru/lib/libcitro3d.a(effect.o)
                0x00103e54                C3D_StencilTest
 .text.C3D_StencilOp
                0x00103e94       0x24 /opt/devkitpro/libctru/lib/libcitro3d.a(effect.o)
                0x00103e94                C3D_StencilOp
 .text.C3D_BlendingColor
                0x00103eb8       0x1c /opt/devkitpro/libctru/lib/libcitro3d.a(effect.o)
                0x00103eb8                C3D_BlendingColor
 .text.C3D_EarlyDepthTest
                0x00103ed4       0x24 /opt/devkitpro/libctru/lib/libcitro3d.a(effect.o)
                0x00103ed4                C3D_EarlyDepthTest
 .text.C3D_DepthTest
                0x00103ef8       0x2c /opt/devkitpro/libctru/lib/libcitro3d.a(effect.o)
                0x00103ef8                C3D_DepthTest
 .text.C3D_AlphaTest
                0x00103f24       0x2c /opt/devkitpro/libctru/lib/libcitro3d.a(effect.o)
                0x00103f24                C3D_AlphaTest
 .text.C3D_AlphaBlend
                0x00103f50       0x50 /opt/devkitpro/libctru/lib/libcitro3d.a(effect.o)
                0x00103f50                C3D_AlphaBlend
 .text.C3D_FragOpMode
                0x00103fa0       0x30 /opt/devkitpro/libctru/lib/libcitro3d.a(effect.o)
                0x00103fa0                C3D_FragOpMode
 .text.C3D_FragOpShadow
                0x00103fd0       0x44 /opt/devkitpro/libctru/lib/libcitro3d.a(effect.o)
                0x00103fd0                C3D_FragOpShadow
 .text.C3Di_EffectBind
                0x00104014      0x1ac /opt/devkitpro/libctru/lib/libcitro3d.a(effect.o)
                0x00104014                C3Di_EffectBind
 .text.C3D_CalcColorBufSize
                0x001041c0       0x1c /opt/devkitpro/libctru/lib/libcitro3d.a(framebuffer.o)
                0x001041c0                C3D_CalcColorBufSize
 .text.C3D_CalcDepthBufSize
                0x001041dc       0x1c /opt/devkitpro/libctru/lib/libcitro3d.a(framebuffer.o)
                0x001041dc                C3D_CalcDepthBufSize
 .text.C3D_SetFrameBuf
                0x001041f8       0x44 /opt/devkitpro/libctru/lib/libcitro3d.a(framebuffer.o)
                0x001041f8                C3D_SetFrameBuf
 .text.C3Di_FrameBufBind
                0x0010423c      0x16c /opt/devkitpro/libctru/lib/libcitro3d.a(framebuffer.o)
                0x0010423c                C3Di_FrameBufBind
 .text.C3D_FrameBufClear
                0x001043a8       0xc8 /opt/devkitpro/libctru/lib/libcitro3d.a(framebuffer.o)
                0x001043a8                C3D_FrameBufClear
 .text.C3D_FrameBufTransfer
                0x00104470       0x44 /opt/devkitpro/libctru/lib/libcitro3d.a(framebuffer.o)
                0x00104470                C3D_FrameBufTransfer
 .text.C3D_ImmSendAttrib
                0x001044b4       0xa8 /opt/devkitpro/libctru/lib/libcitro3d.a(immediate.o)
                0x001044b4                C3D_ImmSendAttrib
 .text.C3D_ProcTexInit
                0x0010455c       0x70 /opt/devkitpro/libctru/lib/libcitro3d.a(proctex.o)
                0x0010455c                C3D_ProcTexInit
 .text.C3D_ProcTexBind
                0x001045cc       0x54 /opt/devkitpro/libctru/lib/libcitro3d.a(proctex.o)
                0x001045cc                C3D_ProcTexBind
 .text.C3D_ProcTexLutBind
                0x00104620       0x5c /opt/devkitpro/libctru/lib/libcitro3d.a(proctex.o)
                0x00104620                C3D_ProcTexLutBind
 .text.ProcTexLut_FromArray
                0x0010467c       0xa4 /opt/devkitpro/libctru/lib/libcitro3d.a(proctex.o)
                0x0010467c                ProcTexLut_FromArray
 .text.C3Di_ProcTexUpdate
                0x00104720      0x178 /opt/devkitpro/libctru/lib/libcitro3d.a(proctex.o)
                0x00104720                C3Di_ProcTexUpdate
 .text.C3Di_ProcTexDirty
                0x00104898       0x68 /opt/devkitpro/libctru/lib/libcitro3d.a(proctex.o)
                0x00104898                C3Di_ProcTexDirty
 .text.onVBlank0
                0x00104900       0x4c /opt/devkitpro/libctru/lib/libcitro3d.a(renderqueue.o)
 .text.onVBlank1
                0x0010494c       0x4c /opt/devkitpro/libctru/lib/libcitro3d.a(renderqueue.o)
 .text.C3Di_RenderTargetDestroy
                0x00104998       0x80 /opt/devkitpro/libctru/lib/libcitro3d.a(renderqueue.o)
 .text.onQueueFinish
                0x00104a18       0xf4 /opt/devkitpro/libctru/lib/libcitro3d.a(renderqueue.o)
 .text.C3Di_RenderQueueEnableVBlank
                0x00104b0c       0x38 /opt/devkitpro/libctru/lib/libcitro3d.a(renderqueue.o)
                0x00104b0c                C3Di_RenderQueueEnableVBlank
 .text.C3Di_RenderQueueDisableVBlank
                0x00104b44       0x30 /opt/devkitpro/libctru/lib/libcitro3d.a(renderqueue.o)
                0x00104b44                C3Di_RenderQueueDisableVBlank
 .text.C3Di_RenderQueueInit
                0x00104b74       0x60 /opt/devkitpro/libctru/lib/libcitro3d.a(renderqueue.o)
                0x00104b74                C3Di_RenderQueueInit
 .text.C3Di_RenderQueueExit
                0x00104bd4       0xb4 /opt/devkitpro/libctru/lib/libcitro3d.a(renderqueue.o)
                0x00104bd4                C3Di_RenderQueueExit
 .text.C3Di_RenderQueueWaitDone
                0x00104c88       0x34 /opt/devkitpro/libctru/lib/libcitro3d.a(renderqueue.o)
                0x00104c88                C3Di_RenderQueueWaitDone
 .text.C3D_FrameBegin
                0x00104cbc       0xe8 /opt/devkitpro/libctru/lib/libcitro3d.a(renderqueue.o)
                0x00104cbc                C3D_FrameBegin
 .text.C3D_FrameDrawOn
                0x00104da4       0x48 /opt/devkitpro/libctru/lib/libcitro3d.a(renderqueue.o)
                0x00104da4                C3D_FrameDrawOn
 .text.C3D_FrameSplit
                0x00104dec       0x58 /opt/devkitpro/libctru/lib/libcitro3d.a(renderqueue.o)
                0x00104dec                C3D_FrameSplit
 .text.C3D_FrameEnd
                0x00104e44      0x1d0 /opt/devkitpro/libctru/lib/libcitro3d.a(renderqueue.o)
                0x00104e44                C3D_FrameEnd
 .text.C3D_FrameEndHook
                0x00105014       0x1c /opt/devkitpro/libctru/lib/libcitro3d.a(renderqueue.o)
                0x00105014                C3D_FrameEndHook
 .text.C3D_RenderTargetCreate
                0x00105030      0x170 /opt/devkitpro/libctru/lib/libcitro3d.a(renderqueue.o)
                0x00105030                C3D_RenderTargetCreate
 .text.C3D_RenderTargetSetOutput
                0x001051a0       0xa8 /opt/devkitpro/libctru/lib/libcitro3d.a(renderqueue.o)
                0x001051a0                C3D_RenderTargetSetOutput
 .text.C3D_SyncTextureCopy
                0x00105248       0xfc /opt/devkitpro/libctru/lib/libcitro3d.a(renderqueue.o)
                0x00105248                C3D_SyncTextureCopy
 .text.Tex3DSi_ImportCommon
                0x00105344      0x3d8 /opt/devkitpro/libctru/lib/libcitro3d.a(tex3ds.o)
 .text.Tex3DS_TextureImportStdio
                0x0010571c       0x38 /opt/devkitpro/libctru/lib/libcitro3d.a(tex3ds.o)
                0x0010571c                Tex3DS_TextureImportStdio
 .text.Tex3DS_GetNumSubTextures
                0x00105754        0x8 /opt/devkitpro/libctru/lib/libcitro3d.a(tex3ds.o)
                0x00105754                Tex3DS_GetNumSubTextures
 .text.Tex3DS_GetSubTexture
                0x0010575c       0x1c /opt/devkitpro/libctru/lib/libcitro3d.a(tex3ds.o)
                0x0010575c                Tex3DS_GetSubTexture
 .text.Tex3DS_TextureFree
                0x00105778        0x4 /opt/devkitpro/libctru/lib/libcitro3d.a(tex3ds.o)
                0x00105778                Tex3DS_TextureFree
 .text.C3D_GetTexEnv
                0x0010577c       0x34 /opt/devkitpro/libctru/lib/libcitro3d.a(texenv.o)
                0x0010577c                C3D_GetTexEnv
 .text.C3Di_TexEnvBind
                0x001057b0       0x24 /opt/devkitpro/libctru/lib/libcitro3d.a(texenv.o)
                0x001057b0                C3Di_TexEnvBind
 .text.C3D_TexInitWithParams
                0x001057d4      0x290 /opt/devkitpro/libctru/lib/libcitro3d.a(texture.o)
                0x001057d4                C3D_TexInitWithParams
 .text.C3D_TexLoadImage
                0x00105a64       0xc8 /opt/devkitpro/libctru/lib/libcitro3d.a(texture.o)
                0x00105a64                C3D_TexLoadImage
 .text.C3D_TexBind
                0x00105b2c       0x44 /opt/devkitpro/libctru/lib/libcitro3d.a(texture.o)
                0x00105b2c                C3D_TexBind
 .text.C3D_TexDelete
                0x00105b70       0x74 /opt/devkitpro/libctru/lib/libcitro3d.a(texture.o)
                0x00105b70                C3D_TexDelete
 .text.C3Di_SetTex
                0x00105be4      0x14c /opt/devkitpro/libctru/lib/libcitro3d.a(texture.o)
                0x00105be4                C3Di_SetTex
 .text.C3D_UpdateUniforms
                0x00105d30      0x290 /opt/devkitpro/libctru/lib/libcitro3d.a(uniforms.o)
                0x00105d30                C3D_UpdateUniforms
 .text.C3Di_DirtyUniforms
                0x00105fc0       0xc0 /opt/devkitpro/libctru/lib/libcitro3d.a(uniforms.o)
                0x00105fc0                C3Di_DirtyUniforms
 .text.C3Di_LoadShaderUniforms
                0x00106080       0xd8 /opt/devkitpro/libctru/lib/libcitro3d.a(uniforms.o)
                0x00106080                C3Di_LoadShaderUniforms
 .text.C3Di_ClearShaderUniforms
                0x00106158       0x28 /opt/devkitpro/libctru/lib/libcitro3d.a(uniforms.o)
                0x00106158                C3Di_ClearShaderUniforms
 .text.Mtx_Ortho
                0x00106180       0xcc /opt/devkitpro/libctru/lib/libcitro3d.a(mtx_ortho.o)
                0x00106180                Mtx_Ortho
 .text.Mtx_OrthoTilt
                0x0010624c       0xcc /opt/devkitpro/libctru/lib/libcitro3d.a(mtx_orthotilt.o)
                0x0010624c                Mtx_OrthoTilt
 .text._ZL21addrMapNodeComparatorPK11rbtree_nodeS1_
                0x00106318       0x24 /opt/devkitpro/libctru/lib/libctru.a(vram.o)
 .text._ZL21addrMapNodeDestructorP11rbtree_node
                0x0010633c        0x4 /opt/devkitpro/libctru/lib/libctru.a(vram.o)
 .text.vramMemAlignAt
                0x00106340      0x244 /opt/devkitpro/libctru/lib/libctru.a(vram.o)
                0x00106340                vramMemAlignAt
 .text.vramAlloc
                0x00106584        0xc /opt/devkitpro/libctru/lib/libctru.a(vram.o)
                0x00106584                vramAlloc
 .text.vramAllocAt
                0x00106590        0xc /opt/devkitpro/libctru/lib/libctru.a(vram.o)
                0x00106590                vramAllocAt
 .text.vramFree
                0x0010659c       0x90 /opt/devkitpro/libctru/lib/libctru.a(vram.o)
                0x0010659c                vramFree
 .text._ZL21addrMapNodeComparatorPK11rbtree_nodeS1_
                0x0010662c       0x24 /opt/devkitpro/libctru/lib/libctru.a(linear.o)
 .text._ZL21addrMapNodeDestructorP11rbtree_node
                0x00106650        0x4 /opt/devkitpro/libctru/lib/libctru.a(linear.o)
 .text.linearMemAlign
                0x00106654      0x120 /opt/devkitpro/libctru/lib/libctru.a(linear.o)
                0x00106654                linearMemAlign
 .text.linearAlloc
                0x00106774        0x8 /opt/devkitpro/libctru/lib/libctru.a(linear.o)
                0x00106774                linearAlloc
 .text.linearFree
                0x0010677c       0x5c /opt/devkitpro/libctru/lib/libctru.a(linear.o)
                0x0010677c                linearFree
 .text._ZN7MemPool13CoalesceRightEP8MemBlock
                0x001067d8       0x84 /opt/devkitpro/libctru/lib/libctru.a(mem_pool.o)
                0x001067d8                MemPool::CoalesceRight(MemBlock*)
 .text._ZN7MemPool8AllocateER8MemChunkmi
                0x0010685c      0x150 /opt/devkitpro/libctru/lib/libctru.a(mem_pool.o)
                0x0010685c                MemPool::Allocate(MemChunk&, unsigned long, int)
 .text._ZN7MemPool10DeallocateERK8MemChunk
                0x001069ac       0xfc /opt/devkitpro/libctru/lib/libctru.a(mem_pool.o)
                0x001069ac                MemPool::Deallocate(MemChunk const&)
 .text._ZN7MemPool12GetFreeSpaceEv
                0x00106aa8       0x30 /opt/devkitpro/libctru/lib/libctru.a(mem_pool.o)
                0x00106aa8                MemPool::GetFreeSpace()
 .text.romfs_close
                0x00106ad8        0x8 /opt/devkitpro/libctru/lib/libctru.a(romfs_dev.o)
 .text.romfs_seek
                0x00106ae0       0xc4 /opt/devkitpro/libctru/lib/libctru.a(romfs_dev.o)
 .text.romfs_dirreset
                0x00106ba4       0x24 /opt/devkitpro/libctru/lib/libctru.a(romfs_dev.o)
 .text.fill_dir
                0x00106bc8       0xc8 /opt/devkitpro/libctru/lib/libctru.a(romfs_dev.o)
 .text.romfs_dirnext
                0x00106c90      0x2a8 /opt/devkitpro/libctru/lib/libctru.a(romfs_dev.o)
 .text.romfs_free
                0x00106f38       0x74 /opt/devkitpro/libctru/lib/libctru.a(romfs_dev.o)
 .text.searchForFile.constprop.0
                0x00106fac       0xd4 /opt/devkitpro/libctru/lib/libctru.a(romfs_dev.o)
 .text.searchForDir.constprop.0
                0x00107080       0xd8 /opt/devkitpro/libctru/lib/libctru.a(romfs_dev.o)
 .text.navigateToDir.constprop.0
                0x00107158      0x1c0 /opt/devkitpro/libctru/lib/libctru.a(romfs_dev.o)
 .text.romfs_open
                0x00107318      0x10c /opt/devkitpro/libctru/lib/libctru.a(romfs_dev.o)
 .text.romfs_chdir
                0x00107424       0x4c /opt/devkitpro/libctru/lib/libctru.a(romfs_dev.o)
 .text.romfs_diropen
                0x00107470       0x70 /opt/devkitpro/libctru/lib/libctru.a(romfs_dev.o)
 .text.romfs_stat
                0x001074e0      0x174 /opt/devkitpro/libctru/lib/libctru.a(romfs_dev.o)
 .text.romfs_dirclose
                0x00107654        0x8 /opt/devkitpro/libctru/lib/libctru.a(romfs_dev.o)
 *fill*         0x0010765c        0x4 
 .text.romfs_fstat
                0x00107660       0x84 /opt/devkitpro/libctru/lib/libctru.a(romfs_dev.o)
 .text.romfs_read
                0x001076e4       0xd0 /opt/devkitpro/libctru/lib/libctru.a(romfs_dev.o)
 .text.romfsMountFromFile
                0x001077b4      0x28c /opt/devkitpro/libctru/lib/libctru.a(romfs_dev.o)
                0x001077b4                romfsMountFromFile
 .text.romfsMountFromCurrentProcess
                0x00107a40       0x98 /opt/devkitpro/libctru/lib/libctru.a(romfs_dev.o)
                0x00107a40                romfsMountFromCurrentProcess
 .text.romfsMountSelf
                0x00107ad8      0x260 /opt/devkitpro/libctru/lib/libctru.a(romfs_dev.o)
                0x00107ad8                romfsMountSelf
 .text.romfsUnmount
                0x00107d38       0xa4 /opt/devkitpro/libctru/lib/libctru.a(romfs_dev.o)
                0x00107d38                romfsUnmount
 .text.osConvertVirtToPhys
                0x00107ddc       0x74 /opt/devkitpro/libctru/lib/libctru.a(os.o)
                0x00107ddc                osConvertVirtToPhys
 .text.osGetTimeRef
                0x00107e50       0x54 /opt/devkitpro/libctru/lib/libctru.a(os.o)
                0x00107e50                osGetTimeRef
 .text.osGetTime
                0x00107ea4       0xec /opt/devkitpro/libctru/lib/libctru.a(os.o)
                0x00107ea4                osGetTime
 .text.__ctru_speedup_config
                0x00107f90       0x34 /opt/devkitpro/libctru/lib/libctru.a(os.o)
                0x00107f90                __ctru_speedup_config
 .text.consoleHandleColorEsc
                0x00107fc4      0x45c /opt/devkitpro/libctru/lib/libctru.a(console.o)
 .text.consoleColorStateShift
                0x00108420       0xb8 /opt/devkitpro/libctru/lib/libctru.a(console.o)
 .text.consoleDrawChar
                0x001084d8      0x1ac /opt/devkitpro/libctru/lib/libctru.a(console.o)
                0x001084d8                consoleDrawChar
 .text.consolePrintChar
                0x00108684      0x11c /opt/devkitpro/libctru/lib/libctru.a(console.o)
                0x00108684                consolePrintChar
 .text.con_write
                0x001087a0      0x5ec /opt/devkitpro/libctru/lib/libctru.a(console.o)
                0x001087a0                con_write
 .text.newRow   0x00108d8c      0x124 /opt/devkitpro/libctru/lib/libctru.a(console.o)
 .text.consoleInit
                0x00108eb0      0x18c /opt/devkitpro/libctru/lib/libctru.a(console.o)
                0x00108eb0                consoleInit
 .text.consoleClear
                0x0010903c       0xb8 /opt/devkitpro/libctru/lib/libctru.a(console.o)
                0x0010903c                consoleClear
 .text.gfxPresentFramebuffer
                0x001090f4       0xd0 /opt/devkitpro/libctru/lib/libctru.a(gfx.o)
 .text.gfxIsWide
                0x001091c4       0x1c /opt/devkitpro/libctru/lib/libctru.a(gfx.o)
                0x001091c4                gfxIsWide
 .text.gfxSetScreenFormat
                0x001091e0       0xec /opt/devkitpro/libctru/lib/libctru.a(gfx.o)
                0x001091e0                gfxSetScreenFormat
 .text.gfxSetDoubleBuffering
                0x001092cc       0x10 /opt/devkitpro/libctru/lib/libctru.a(gfx.o)
                0x001092cc                gfxSetDoubleBuffering
 .text.gfxInit  0x001092dc       0xd8 /opt/devkitpro/libctru/lib/libctru.a(gfx.o)
                0x001092dc                gfxInit
 .text.gfxInitDefault
                0x001093b4       0x10 /opt/devkitpro/libctru/lib/libctru.a(gfx.o)
                0x001093b4                gfxInitDefault
 .text.gfxExit  0x001093c4       0xb4 /opt/devkitpro/libctru/lib/libctru.a(gfx.o)
                0x001093c4                gfxExit
 .text.gfxGetFramebuffer
                0x00109478       0xa0 /opt/devkitpro/libctru/lib/libctru.a(gfx.o)
                0x00109478                gfxGetFramebuffer
 .text.gfxFlushBuffers
                0x00109518      0x100 /opt/devkitpro/libctru/lib/libctru.a(gfx.o)
                0x00109518                gfxFlushBuffers
 .text.gfxScreenSwapBuffers
                0x00109618       0x30 /opt/devkitpro/libctru/lib/libctru.a(gfx.o)
                0x00109618                gfxScreenSwapBuffers
 .text.gfxSwapBuffersGpu
                0x00109648       0x50 /opt/devkitpro/libctru/lib/libctru.a(gfx.o)
                0x00109648                gfxSwapBuffersGpu
 .text.shaderInstanceInit
                0x00109698      0x1d0 /opt/devkitpro/libctru/lib/libctru.a(shaderProgram.o)
                0x00109698                shaderInstanceInit
 .text.shaderInstanceGetUniformLocation
                0x00109868       0x18 /opt/devkitpro/libctru/lib/libctru.a(shaderProgram.o)
                0x00109868                shaderInstanceGetUniformLocation
 .text.shaderProgramInit
                0x00109880       0x1c /opt/devkitpro/libctru/lib/libctru.a(shaderProgram.o)
                0x00109880                shaderProgramInit
 .text.shaderProgramFree
                0x0010989c       0x64 /opt/devkitpro/libctru/lib/libctru.a(shaderProgram.o)
                0x0010989c                shaderProgramFree
 .text.shaderProgramSetVsh
                0x00109900       0x80 /opt/devkitpro/libctru/lib/libctru.a(shaderProgram.o)
                0x00109900                shaderProgramSetVsh
 .text.shaderProgramConfigure
                0x00109980      0x8d0 /opt/devkitpro/libctru/lib/libctru.a(shaderProgram.o)
                0x00109980                shaderProgramConfigure
 .text.DVLE_GenerateOutmap.part.0
                0x0010a250      0x1dc /opt/devkitpro/libctru/lib/libctru.a(shbin.o)
 .text.DVLB_ParseFile
                0x0010a42c      0x1b0 /opt/devkitpro/libctru/lib/libctru.a(shbin.o)
                0x0010a42c                DVLB_ParseFile
 .text.DVLB_Free
                0x0010a5dc       0x38 /opt/devkitpro/libctru/lib/libctru.a(shbin.o)
                0x0010a5dc                DVLB_Free
 .text.DVLE_GetUniformRegister
                0x0010a614       0x74 /opt/devkitpro/libctru/lib/libctru.a(shbin.o)
                0x0010a614                DVLE_GetUniformRegister
 .text.GX_BindQueue
                0x0010a688       0x10 /opt/devkitpro/libctru/lib/libctru.a(gx.o)
                0x0010a688                GX_BindQueue
 .text.GX_ProcessCommandList
                0x0010a698       0x78 /opt/devkitpro/libctru/lib/libctru.a(gx.o)
                0x0010a698                GX_ProcessCommandList
 .text.GX_MemoryFill
                0x0010a710       0x74 /opt/devkitpro/libctru/lib/libctru.a(gx.o)
                0x0010a710                GX_MemoryFill
 .text.GX_DisplayTransfer
                0x0010a784       0x70 /opt/devkitpro/libctru/lib/libctru.a(gx.o)
                0x0010a784                GX_DisplayTransfer
 .text.GX_TextureCopy
                0x0010a7f4       0x74 /opt/devkitpro/libctru/lib/libctru.a(gx.o)
                0x0010a7f4                GX_TextureCopy
 .text.gxCmdQueueDoCommands.part.0
                0x0010a868       0x68 /opt/devkitpro/libctru/lib/libctru.a(gxqueue.o)
 .text.gxCmdQueueInterrupt
                0x0010a8d0       0xc8 /opt/devkitpro/libctru/lib/libctru.a(gxqueue.o)
                0x0010a8d0                gxCmdQueueInterrupt
 .text.gxCmdQueueClear
                0x0010a998       0x4c /opt/devkitpro/libctru/lib/libctru.a(gxqueue.o)
                0x0010a998                gxCmdQueueClear
 .text.gxCmdQueueAdd
                0x0010a9e4       0xf8 /opt/devkitpro/libctru/lib/libctru.a(gxqueue.o)
                0x0010a9e4                gxCmdQueueAdd
 .text.gxCmdQueueRun
                0x0010aadc       0x80 /opt/devkitpro/libctru/lib/libctru.a(gxqueue.o)
                0x0010aadc                gxCmdQueueRun
 .text.gxCmdQueueStop
                0x0010ab5c       0x60 /opt/devkitpro/libctru/lib/libctru.a(gxqueue.o)
                0x0010ab5c                gxCmdQueueStop
 .text.gxCmdQueueWait
                0x0010abbc       0x8c /opt/devkitpro/libctru/lib/libctru.a(gxqueue.o)
                0x0010abbc                gxCmdQueueWait
 .text.GPUCMD_Add
                0x0010ac48      0x13c /opt/devkitpro/libctru/lib/libctru.a(gpu.o)
                0x0010ac48                GPUCMD_Add
 .text.GPUCMD_Split
                0x0010ad84       0xb0 /opt/devkitpro/libctru/lib/libctru.a(gpu.o)
                0x0010ad84                GPUCMD_Split
 .text.f32tof16
                0x0010ae34       0x34 /opt/devkitpro/libctru/lib/libctru.a(gpu.o)
                0x0010ae34                f32tof16
 .text.f32tof24
                0x0010ae68       0x34 /opt/devkitpro/libctru/lib/libctru.a(gpu.o)
                0x0010ae68                f32tof24
 .text.f32tof31
                0x0010ae9c       0x38 /opt/devkitpro/libctru/lib/libctru.a(gpu.o)
                0x0010ae9c                f32tof31
 .text.gspHardwareInit
                0x0010aed4      0xc70 /opt/devkitpro/libctru/lib/libctru.a(gspgpu.o)
 .text.gspInit  0x0010bb44      0x248 /opt/devkitpro/libctru/lib/libctru.a(gspgpu.o)
                0x0010bb44                gspInit
 .text.gspExit  0x0010bd8c       0xe4 /opt/devkitpro/libctru/lib/libctru.a(gspgpu.o)
                0x0010bd8c                gspExit
 .text.gspHasGpuRight
                0x0010be70       0x10 /opt/devkitpro/libctru/lib/libctru.a(gspgpu.o)
                0x0010be70                gspHasGpuRight
 .text.gspPresentBuffer
                0x0010be80       0xa0 /opt/devkitpro/libctru/lib/libctru.a(gspgpu.o)
                0x0010be80                gspPresentBuffer
 .text.gspSetEventCallback
                0x0010bf20       0x30 /opt/devkitpro/libctru/lib/libctru.a(gspgpu.o)
                0x0010bf20                gspSetEventCallback
 .text.gspWaitForEvent
                0x0010bf50       0x44 /opt/devkitpro/libctru/lib/libctru.a(gspgpu.o)
                0x0010bf50                gspWaitForEvent
 .text.gspWaitForAnyEvent
                0x0010bf94       0x4c /opt/devkitpro/libctru/lib/libctru.a(gspgpu.o)
                0x0010bf94                gspWaitForAnyEvent
 .text.gspEventThreadMain
                0x0010bfe0      0x160 /opt/devkitpro/libctru/lib/libctru.a(gspgpu.o)
 .text.gspSubmitGxCommand
                0x0010c140      0x130 /opt/devkitpro/libctru/lib/libctru.a(gspgpu.o)
                0x0010c140                gspSubmitGxCommand
 .text.GSPGPU_FlushDataCache
                0x0010c270       0x50 /opt/devkitpro/libctru/lib/libctru.a(gspgpu.o)
                0x0010c270                GSPGPU_FlushDataCache
 .text.GSPGPU_SetLcdForceBlack
                0x0010c2c0       0x34 /opt/devkitpro/libctru/lib/libctru.a(gspgpu.o)
                0x0010c2c0                GSPGPU_SetLcdForceBlack
 .text.GSPGPU_AcquireRight
                0x0010c2f4       0x68 /opt/devkitpro/libctru/lib/libctru.a(gspgpu.o)
                0x0010c2f4                GSPGPU_AcquireRight
 .text.GSPGPU_ReleaseRight
                0x0010c35c       0x48 /opt/devkitpro/libctru/lib/libctru.a(gspgpu.o)
                0x0010c35c                GSPGPU_ReleaseRight
 .text.GSPGPU_ImportDisplayCaptureInfo
                0x0010c3a4       0x7c /opt/devkitpro/libctru/lib/libctru.a(gspgpu.o)
                0x0010c3a4                GSPGPU_ImportDisplayCaptureInfo
 .text.GSPGPU_SaveVramSysArea
                0x0010c420       0x2c /opt/devkitpro/libctru/lib/libctru.a(gspgpu.o)
                0x0010c420                GSPGPU_SaveVramSysArea
 .text.GSPGPU_RestoreVramSysArea
                0x0010c44c       0x2c /opt/devkitpro/libctru/lib/libctru.a(gspgpu.o)
                0x0010c44c                GSPGPU_RestoreVramSysArea
 .text.aptConvertScreenForCapture
                0x0010c478      0x1b0 /opt/devkitpro/libctru/lib/libctru.a(apt.o)
 .text.aptDspSleep
                0x0010c628        0x8 /opt/devkitpro/libctru/lib/libctru.a(apt.o)
                0x0010c628                aptDspSleep
 .text.aptDspWakeup
                0x0010c630        0x4 /opt/devkitpro/libctru/lib/libctru.a(apt.o)
                0x0010c630                aptDspWakeup
 .text.aptDspCancel
                0x0010c634        0x4 /opt/devkitpro/libctru/lib/libctru.a(apt.o)
                0x0010c634                aptDspCancel
 .text.aptSendCommand
                0x0010c638      0x158 /opt/devkitpro/libctru/lib/libctru.a(apt.o)
                0x0010c638                aptSendCommand
 .text.aptExitProcess
                0x0010c790       0x44 /opt/devkitpro/libctru/lib/libctru.a(apt.o)
 .text.aptExit  0x0010c7d4      0x380 /opt/devkitpro/libctru/lib/libctru.a(apt.o)
                0x0010c7d4                aptExit
 .text.aptHandleSleep
                0x0010cb54       0xd8 /opt/devkitpro/libctru/lib/libctru.a(apt.o)
                0x0010cb54                aptHandleSleep
 .text.aptHook  0x0010cc2c       0x30 /opt/devkitpro/libctru/lib/libctru.a(apt.o)
                0x0010cc2c                aptHook
 .text.aptUnhook
                0x0010cc5c       0x30 /opt/devkitpro/libctru/lib/libctru.a(apt.o)
                0x0010cc5c                aptUnhook
 .text.APT_SleepIfShellClosed
                0x0010cc8c       0x84 /opt/devkitpro/libctru/lib/libctru.a(apt.o)
                0x0010cc8c                APT_SleepIfShellClosed
 .text.aptSetSleepAllowed
                0x0010cd10       0x78 /opt/devkitpro/libctru/lib/libctru.a(apt.o)
                0x0010cd10                aptSetSleepAllowed
 .text.APT_UnlockTransition
                0x0010cd88       0x84 /opt/devkitpro/libctru/lib/libctru.a(apt.o)
                0x0010cd88                APT_UnlockTransition
 *fill*         0x0010ce0c        0x4 
 .text.aptEventHandler
                0x0010ce10      0x478 /opt/devkitpro/libctru/lib/libctru.a(apt.o)
 .text.APT_ReceiveParameter
                0x0010d288       0xb0 /opt/devkitpro/libctru/lib/libctru.a(apt.o)
                0x0010d288                APT_ReceiveParameter
 .text.aptReceiveParameter.constprop.0
                0x0010d338       0xac /opt/devkitpro/libctru/lib/libctru.a(apt.o)
 *fill*         0x0010d3e4        0x4 
 .text.aptScreenTransfer
                0x0010d3e8      0x294 /opt/devkitpro/libctru/lib/libctru.a(apt.o)
 .text.aptWaitForWakeUp.isra.0
                0x0010d67c      0x2c8 /opt/devkitpro/libctru/lib/libctru.a(apt.o)
 .text.aptJumpToHomeMenu
                0x0010d944       0xf4 /opt/devkitpro/libctru/lib/libctru.a(apt.o)
                0x0010d944                aptJumpToHomeMenu
 .text.aptMainLoop
                0x0010da38       0x48 /opt/devkitpro/libctru/lib/libctru.a(apt.o)
                0x0010da38                aptMainLoop
 .text.aptInit  0x0010da80      0x22c /opt/devkitpro/libctru/lib/libctru.a(apt.o)
                0x0010da80                aptInit
 .text.APT_CheckNew3DS
                0x0010dcac       0x7c /opt/devkitpro/libctru/lib/libctru.a(apt.o)
                0x0010dcac                APT_CheckNew3DS
 .text.hidShouldUseIrrst
                0x0010dd28       0x24 /opt/devkitpro/libctru/lib/libctru.a(hid.o)
                0x0010dd28                hidShouldUseIrrst
 .text.hidInit  0x0010dd4c      0x18c /opt/devkitpro/libctru/lib/libctru.a(hid.o)
                0x0010dd4c                hidInit
 .text.hidExit  0x0010ded8       0xe8 /opt/devkitpro/libctru/lib/libctru.a(hid.o)
                0x0010ded8                hidExit
 .text.hidScanInput
                0x0010dfc0      0x2a4 /opt/devkitpro/libctru/lib/libctru.a(hid.o)
                0x0010dfc0                hidScanInput
 .text.hidKeysDown
                0x0010e264       0x10 /opt/devkitpro/libctru/lib/libctru.a(hid.o)
                0x0010e264                hidKeysDown
 .text.ptmSysmInit
                0x0010e274       0x74 /opt/devkitpro/libctru/lib/libctru.a(ptmsysm.o)
                0x0010e274                ptmSysmInit
 .text.ptmSysmExit
                0x0010e2e8       0x3c /opt/devkitpro/libctru/lib/libctru.a(ptmsysm.o)
                0x0010e2e8                ptmSysmExit
 .text.PTMSYSM_ConfigureNew3DSCPU
                0x0010e324       0x34 /opt/devkitpro/libctru/lib/libctru.a(ptmsysm.o)
                0x0010e324                PTMSYSM_ConfigureNew3DSCPU
 .text.fsInit   0x0010e358       0xd0 /opt/devkitpro/libctru/lib/libctru.a(fs.o)
                0x0010e358                fsInit
 .text.fsExit   0x0010e428       0x3c /opt/devkitpro/libctru/lib/libctru.a(fs.o)
                0x0010e428                fsExit
 .text.fsExemptFromSession
                0x0010e464       0x60 /opt/devkitpro/libctru/lib/libctru.a(fs.o)
                0x0010e464                fsExemptFromSession
 .text.fsUnexemptFromSession
                0x0010e4c4       0x50 /opt/devkitpro/libctru/lib/libctru.a(fs.o)
                0x0010e4c4                fsUnexemptFromSession
 .text.FSUSER_OpenFile
                0x0010e514       0xcc /opt/devkitpro/libctru/lib/libctru.a(fs.o)
                0x0010e514                FSUSER_OpenFile
 .text.FSUSER_OpenFileDirectly
                0x0010e5e0       0xd4 /opt/devkitpro/libctru/lib/libctru.a(fs.o)
                0x0010e5e0                FSUSER_OpenFileDirectly
 .text.FSUSER_DeleteFile
                0x0010e6b4       0xbc /opt/devkitpro/libctru/lib/libctru.a(fs.o)
                0x0010e6b4                FSUSER_DeleteFile
 .text.FSUSER_RenameFile
                0x0010e770       0xf8 /opt/devkitpro/libctru/lib/libctru.a(fs.o)
                0x0010e770                FSUSER_RenameFile
 .text.FSUSER_DeleteDirectory
                0x0010e868       0xbc /opt/devkitpro/libctru/lib/libctru.a(fs.o)
                0x0010e868                FSUSER_DeleteDirectory
 .text.FSUSER_CreateFile
                0x0010e924       0xd4 /opt/devkitpro/libctru/lib/libctru.a(fs.o)
                0x0010e924                FSUSER_CreateFile
 .text.FSUSER_CreateDirectory
                0x0010e9f8       0xc4 /opt/devkitpro/libctru/lib/libctru.a(fs.o)
                0x0010e9f8                FSUSER_CreateDirectory
 .text.FSUSER_RenameDirectory
                0x0010eabc       0xf8 /opt/devkitpro/libctru/lib/libctru.a(fs.o)
                0x0010eabc                FSUSER_RenameDirectory
 .text.FSUSER_OpenDirectory
                0x0010ebb4       0xb4 /opt/devkitpro/libctru/lib/libctru.a(fs.o)
                0x0010ebb4                FSUSER_OpenDirectory
 .text.FSUSER_OpenArchive
                0x0010ec68       0x94 /opt/devkitpro/libctru/lib/libctru.a(fs.o)
                0x0010ec68                FSUSER_OpenArchive
 .text.FSUSER_CloseArchive
                0x0010ecfc       0x8c /opt/devkitpro/libctru/lib/libctru.a(fs.o)
                0x0010ecfc                FSUSER_CloseArchive
 .text.FSUSER_GetSdmcArchiveResource
                0x0010ed88       0x74 /opt/devkitpro/libctru/lib/libctru.a(fs.o)
                0x0010ed88                FSUSER_GetSdmcArchiveResource
 .text.FSUSER_IsSdmcWritable
                0x0010edfc       0x64 /opt/devkitpro/libctru/lib/libctru.a(fs.o)
                0x0010edfc                FSUSER_IsSdmcWritable
 .text.FSFILE_Read
                0x0010ee60       0x58 /opt/devkitpro/libctru/lib/libctru.a(fs.o)
                0x0010ee60                FSFILE_Read
 .text.FSFILE_Write
                0x0010eeb8       0x60 /opt/devkitpro/libctru/lib/libctru.a(fs.o)
                0x0010eeb8                FSFILE_Write
 .text.FSFILE_GetSize
                0x0010ef18       0x38 /opt/devkitpro/libctru/lib/libctru.a(fs.o)
                0x0010ef18                FSFILE_GetSize
 .text.FSFILE_SetSize
                0x0010ef50       0x28 /opt/devkitpro/libctru/lib/libctru.a(fs.o)
                0x0010ef50                FSFILE_SetSize
 .text.FSFILE_Close
                0x0010ef78       0x3c /opt/devkitpro/libctru/lib/libctru.a(fs.o)
                0x0010ef78                FSFILE_Close
 .text.FSFILE_Flush
                0x0010efb4       0x24 /opt/devkitpro/libctru/lib/libctru.a(fs.o)
                0x0010efb4                FSFILE_Flush
 .text.FSDIR_Read
                0x0010efd8       0x50 /opt/devkitpro/libctru/lib/libctru.a(fs.o)
                0x0010efd8                FSDIR_Read
 .text.FSDIR_Close
                0x0010f028       0x3c /opt/devkitpro/libctru/lib/libctru.a(fs.o)
                0x0010f028                FSDIR_Close
 .text.buffer_read
                0x0010f064       0xe0 /opt/devkitpro/libctru/lib/libctru.a(decompress.o)
 .text.iov_read
                0x0010f144       0xcc /opt/devkitpro/libctru/lib/libctru.a(decompress.o)
 .text.iov_memmove
                0x0010f210      0x148 /opt/devkitpro/libctru/lib/libctru.a(decompress.o)
 .text.decompress_rle
                0x0010f358      0x1dc /opt/devkitpro/libctru/lib/libctru.a(decompress.o)
 .text.decompress_lzss
                0x0010f534      0x26c /opt/devkitpro/libctru/lib/libctru.a(decompress.o)
 .text.decompress_lz11
                0x0010f7a0      0x42c /opt/devkitpro/libctru/lib/libctru.a(decompress.o)
 .text.decompress_huff
                0x0010fbcc      0x36c /opt/devkitpro/libctru/lib/libctru.a(decompress.o)
 .text.decompressCallback_Stdio
                0x0010ff38       0x10 /opt/devkitpro/libctru/lib/libctru.a(decompress.o)
                0x0010ff38                decompressCallback_Stdio
 .text.decompressHeader
                0x0010ff48       0xe4 /opt/devkitpro/libctru/lib/libctru.a(decompress.o)
                0x0010ff48                decompressHeader
 .text.decompressV
                0x0011002c      0x200 /opt/devkitpro/libctru/lib/libctru.a(decompress.o)
                0x0011002c                decompressV
 .text.rbtree_init
                0x0011022c       0x10 /opt/devkitpro/libctru/lib/libctru.a(rbtree_init.o)
                0x0011022c                rbtree_init
 .text.do_insert
                0x0011023c      0x19c /opt/devkitpro/libctru/lib/libctru.a(rbtree_insert.o)
 .text.rbtree_insert
                0x001103d8        0x8 /opt/devkitpro/libctru/lib/libctru.a(rbtree_insert.o)
                0x001103d8                rbtree_insert
 .text.rbtree_rotate
                0x001103e0       0x90 /opt/devkitpro/libctru/lib/libctru.a(rbtree_rotate.o)
                0x001103e0                rbtree_rotate
 .text.rbtree_remove
                0x00110470      0x310 /opt/devkitpro/libctru/lib/libctru.a(rbtree_remove.o)
                0x00110470                rbtree_remove
 .text.rbtree_find
                0x00110780       0x74 /opt/devkitpro/libctru/lib/libctru.a(rbtree_find.o)
                0x00110780                rbtree_find
 .text.utf16_to_utf8
                0x001107f4       0xe8 /opt/devkitpro/libctru/lib/libctru.a(utf16_to_utf8.o)
                0x001107f4                utf16_to_utf8
 .text.decode_utf16
                0x001108dc       0x64 /opt/devkitpro/libctru/lib/libctru.a(decode_utf16.o)
                0x001108dc                decode_utf16
 .text.utf8_to_utf16
                0x00110940       0xc0 /opt/devkitpro/libctru/lib/libctru.a(utf8_to_utf16.o)
                0x00110940                utf8_to_utf16
 .text.__system_allocateHeaps
                0x00110a00      0x1e0 /opt/devkitpro/libctru/lib/libctru.a(allocateHeaps.o)
                0x00110a00                __system_allocateHeaps
 .text.__libctru_init
                0x00110be0       0x38 /opt/devkitpro/libctru/lib/libctru.a(ctru_init.o)
                0x00110be0                __libctru_init
 .text.__system_initArgv
                0x00110c18      0x160 /opt/devkitpro/libctru/lib/libctru.a(initArgv.o)
                0x00110c18                __system_initArgv
 .text.svcControlMemory
                0x00110d78       0x20 /opt/devkitpro/libctru/lib/libctru.a(svc.o)
                0x00110d78                svcControlMemory
 .text.svcQueryMemory
                0x00110d98       0x30 /opt/devkitpro/libctru/lib/libctru.a(svc.o)
                0x00110d98                svcQueryMemory
 .text.svcExitProcess
                0x00110dc8        0x8 /opt/devkitpro/libctru/lib/libctru.a(svc.o)
                0x00110dc8                svcExitProcess
 .text.svcCreateThread
                0x00110dd0       0x20 /opt/devkitpro/libctru/lib/libctru.a(svc.o)
                0x00110dd0                svcCreateThread
 .text.svcExitThread
                0x00110df0        0x8 /opt/devkitpro/libctru/lib/libctru.a(svc.o)
                0x00110df0                svcExitThread
 .text.svcSleepThread
                0x00110df8        0x8 /opt/devkitpro/libctru/lib/libctru.a(svc.o)
                0x00110df8                svcSleepThread
 .text.svcReleaseMutex
                0x00110e00        0x8 /opt/devkitpro/libctru/lib/libctru.a(svc.o)
                0x00110e00                svcReleaseMutex
 .text.svcCreateEvent
                0x00110e08       0x14 /opt/devkitpro/libctru/lib/libctru.a(svc.o)
                0x00110e08                svcCreateEvent
 .text.svcSignalEvent
                0x00110e1c        0x8 /opt/devkitpro/libctru/lib/libctru.a(svc.o)
                0x00110e1c                svcSignalEvent
 .text.svcClearEvent
                0x00110e24        0x8 /opt/devkitpro/libctru/lib/libctru.a(svc.o)
                0x00110e24                svcClearEvent
 .text.svcMapMemoryBlock
                0x00110e2c        0x8 /opt/devkitpro/libctru/lib/libctru.a(svc.o)
                0x00110e2c                svcMapMemoryBlock
 .text.svcUnmapMemoryBlock
                0x00110e34        0x8 /opt/devkitpro/libctru/lib/libctru.a(svc.o)
                0x00110e34                svcUnmapMemoryBlock
 .text.svcCreateAddressArbiter
                0x00110e3c       0x14 /opt/devkitpro/libctru/lib/libctru.a(svc.o)
                0x00110e3c                svcCreateAddressArbiter
 .text.svcArbitrateAddressNoTimeout
                0x00110e50        0x8 /opt/devkitpro/libctru/lib/libctru.a(svc.o)
                0x00110e50                svcArbitrateAddressNoTimeout
 .text.svcCloseHandle
                0x00110e58        0x8 /opt/devkitpro/libctru/lib/libctru.a(svc.o)
                0x00110e58                svcCloseHandle
 .text.svcWaitSynchronization
                0x00110e60        0x8 /opt/devkitpro/libctru/lib/libctru.a(svc.o)
                0x00110e60                svcWaitSynchronization
 .text.svcWaitSynchronizationN
                0x00110e68       0x28 /opt/devkitpro/libctru/lib/libctru.a(svc.o)
                0x00110e68                svcWaitSynchronizationN
 .text.svcDuplicateHandle
                0x00110e90       0x14 /opt/devkitpro/libctru/lib/libctru.a(svc.o)
                0x00110e90                svcDuplicateHandle
 .text.svcGetSystemTick
                0x00110ea4        0x8 /opt/devkitpro/libctru/lib/libctru.a(svc.o)
                0x00110ea4                svcGetSystemTick
 .text.svcConnectToPort
                0x00110eac       0x14 /opt/devkitpro/libctru/lib/libctru.a(svc.o)
                0x00110eac                svcConnectToPort
 .text.svcSendSyncRequest
                0x00110ec0        0x8 /opt/devkitpro/libctru/lib/libctru.a(svc.o)
                0x00110ec0                svcSendSyncRequest
 .text.svcGetResourceLimit
                0x00110ec8       0x14 /opt/devkitpro/libctru/lib/libctru.a(svc.o)
                0x00110ec8                svcGetResourceLimit
 .text.svcGetResourceLimitLimitValues
                0x00110edc        0x8 /opt/devkitpro/libctru/lib/libctru.a(svc.o)
                0x00110edc                svcGetResourceLimitLimitValues
 .text.svcGetResourceLimitCurrentValues
                0x00110ee4        0x8 /opt/devkitpro/libctru/lib/libctru.a(svc.o)
                0x00110ee4                svcGetResourceLimitCurrentValues
 .text.svcBreak
                0x00110eec        0x8 /opt/devkitpro/libctru/lib/libctru.a(svc.o)
                0x00110eec                svcBreak
 .text.initSystem
                0x00110ef4       0x50 /opt/devkitpro/libctru/lib/libctru.a(stack_adjust.o)
                0x00110ef4                initSystem
 .text.__ctru_exit
                0x00110f44       0x14 /opt/devkitpro/libctru/lib/libctru.a(stack_adjust.o)
                0x00110f44                __ctru_exit
 .text.__aeabi_read_tp
                0x00110f58        0xc /opt/devkitpro/libctru/lib/libctru.a(readtp.o)
                0x00110f58                __aeabi_read_tp
 .text.__sync_init
                0x00110f64        0xc /opt/devkitpro/libctru/lib/libctru.a(synchronization.o)
                0x00110f64                __sync_init
 .text.__sync_fini
                0x00110f70       0x18 /opt/devkitpro/libctru/lib/libctru.a(synchronization.o)
                0x00110f70                __sync_fini
 .text.syncArbitrateAddress
                0x00110f88       0x2c /opt/devkitpro/libctru/lib/libctru.a(synchronization.o)
                0x00110f88                syncArbitrateAddress
 .text.LightLock_Lock
                0x00110fb4       0xb0 /opt/devkitpro/libctru/lib/libctru.a(synchronization.o)
                0x00110fb4                LightLock_Lock
 .text.LightLock_Unlock
                0x00111064       0x40 /opt/devkitpro/libctru/lib/libctru.a(synchronization.o)
                0x00111064                LightLock_Unlock
 .text.RecursiveLock_Lock
                0x001110a4       0x30 /opt/devkitpro/libctru/lib/libctru.a(synchronization.o)
                0x001110a4                RecursiveLock_Lock
 .text.RecursiveLock_Unlock
                0x001110d4       0x54 /opt/devkitpro/libctru/lib/libctru.a(synchronization.o)
                0x001110d4                RecursiveLock_Unlock
 .text.LightEvent_Init
                0x00111128       0x40 /opt/devkitpro/libctru/lib/libctru.a(synchronization.o)
                0x00111128                LightEvent_Init
 .text.LightEvent_Clear
                0x00111168       0xa4 /opt/devkitpro/libctru/lib/libctru.a(synchronization.o)
                0x00111168                LightEvent_Clear
 .text.LightEvent_Signal
                0x0011120c       0xc8 /opt/devkitpro/libctru/lib/libctru.a(synchronization.o)
                0x0011120c                LightEvent_Signal
 .text.LightEvent_TryWait
                0x001112d4       0x50 /opt/devkitpro/libctru/lib/libctru.a(synchronization.o)
                0x001112d4                LightEvent_TryWait
 .text.LightEvent_Wait
                0x00111324       0xa0 /opt/devkitpro/libctru/lib/libctru.a(synchronization.o)
                0x00111324                LightEvent_Wait
 .text.envGetHandle
                0x001113c4       0x84 /opt/devkitpro/libctru/lib/libctru.a(env.o)
                0x001113c4                envGetHandle
 .text.envDestroyHandles
                0x00111448       0x50 /opt/devkitpro/libctru/lib/libctru.a(env.o)
                0x00111448                envDestroyHandles
 .text.srvInit  0x00111498      0x12c /opt/devkitpro/libctru/lib/libctru.a(srv.o)
                0x00111498                srvInit
 .text.srvExit  0x001115c4       0x58 /opt/devkitpro/libctru/lib/libctru.a(srv.o)
                0x001115c4                srvExit
 .text.srvEnableNotification
                0x0011161c       0x60 /opt/devkitpro/libctru/lib/libctru.a(srv.o)
                0x0011161c                srvEnableNotification
 .text.srvGetServiceHandleDirect
                0x0011167c       0xa0 /opt/devkitpro/libctru/lib/libctru.a(srv.o)
                0x0011167c                srvGetServiceHandleDirect
 .text.srvGetServiceHandle
                0x0011171c       0x38 /opt/devkitpro/libctru/lib/libctru.a(srv.o)
                0x0011171c                srvGetServiceHandle
 .text.srvSubscribe
                0x00111754       0x34 /opt/devkitpro/libctru/lib/libctru.a(srv.o)
                0x00111754                srvSubscribe
 .text.srvReceiveNotification
                0x00111788       0x60 /opt/devkitpro/libctru/lib/libctru.a(srv.o)
                0x00111788                srvReceiveNotification
 .text.srvPublishToSubscriber
                0x001117e8       0x38 /opt/devkitpro/libctru/lib/libctru.a(srv.o)
                0x001117e8                srvPublishToSubscriber
 .text.threadCreate
                0x00111820      0x1d4 /opt/devkitpro/libctru/lib/libctru.a(thread.o)
                0x00111820                threadCreate
 .text.threadFree
                0x001119f4       0x2c /opt/devkitpro/libctru/lib/libctru.a(thread.o)
                0x001119f4                threadFree
 .text.threadJoin
                0x00111a20       0x24 /opt/devkitpro/libctru/lib/libctru.a(thread.o)
                0x00111a20                threadJoin
 .text.threadGetCurrent
                0x00111a44       0x30 /opt/devkitpro/libctru/lib/libctru.a(thread.o)
                0x00111a44                threadGetCurrent
 .text.threadExit
                0x00111a74       0x40 /opt/devkitpro/libctru/lib/libctru.a(thread.o)
                0x00111a74                threadExit
 .text._thread_begin
                0x00111ab4       0x20 /opt/devkitpro/libctru/lib/libctru.a(thread.o)
 .text.mappableFindAddressWithin
                0x00111ad4       0x90 /opt/devkitpro/libctru/lib/libctru.a(mappable.o)
 .text.mappableInit
                0x00111b64       0x28 /opt/devkitpro/libctru/lib/libctru.a(mappable.o)
                0x00111b64                mappableInit
 .text.mappableAlloc
                0x00111b8c       0x80 /opt/devkitpro/libctru/lib/libctru.a(mappable.o)
                0x00111b8c                mappableAlloc
 .text.mappableFree
                0x00111c0c        0x4 /opt/devkitpro/libctru/lib/libctru.a(mappable.o)
                0x00111c0c                mappableFree
 .text.irrstInit
                0x00111c10      0x160 /opt/devkitpro/libctru/lib/libctru.a(irrst.o)
                0x00111c10                irrstInit
 .text.irrstExit
                0x00111d70       0xcc /opt/devkitpro/libctru/lib/libctru.a(irrst.o)
                0x00111d70                irrstExit
 .text.irrstScanInput
                0x00111e3c       0xb4 /opt/devkitpro/libctru/lib/libctru.a(irrst.o)
                0x00111e3c                irrstScanInput
 .text.irrstKeysHeld
                0x00111ef0       0x24 /opt/devkitpro/libctru/lib/libctru.a(irrst.o)
                0x00111ef0                irrstKeysHeld
 .text.srvPmGetSessionHandle
                0x00111f14        0xc /opt/devkitpro/libctru/lib/libctru.a(srvpm.o)
                0x00111f14                srvPmGetSessionHandle
 .text.rbtree_node_next
                0x00111f20       0x5c /opt/devkitpro/libctru/lib/libctru.a(rbtree_iterator.o)
                0x00111f20                rbtree_node_next
 .text.encode_utf16
                0x00111f7c       0x54 /opt/devkitpro/libctru/lib/libctru.a(encode_utf16.o)
                0x00111f7c                encode_utf16
 .text.encode_utf8
                0x00111fd0       0xe0 /opt/devkitpro/libctru/lib/libctru.a(encode_utf8.o)
                0x00111fd0                encode_utf8
 .text.decode_utf8
                0x001120b0      0x13c /opt/devkitpro/libctru/lib/libctru.a(decode_utf8.o)
                0x001120b0                decode_utf8
 .text.__appInit
                0x001121ec       0x30 /opt/devkitpro/libctru/lib/libctru.a(appInit.o)
                0x001121ec                __appInit
 .text.__syscall_getreent
                0x0011221c       0x30 /opt/devkitpro/libctru/lib/libctru.a(syscalls.o)
                0x0011221c                __syscall_getreent
 .text.__syscall_gettod_r
                0x0011224c       0x64 /opt/devkitpro/libctru/lib/libctru.a(syscalls.o)
                0x0011224c                __syscall_gettod_r
 .text.__syscall_lock_acquire
                0x001122b0        0x4 /opt/devkitpro/libctru/lib/libctru.a(syscalls.o)
                0x001122b0                __syscall_lock_acquire
 .text.__syscall_lock_release
                0x001122b4        0x4 /opt/devkitpro/libctru/lib/libctru.a(syscalls.o)
                0x001122b4                __syscall_lock_release
 .text.__syscall_lock_acquire_recursive
                0x001122b8        0x4 /opt/devkitpro/libctru/lib/libctru.a(syscalls.o)
                0x001122b8                __syscall_lock_acquire_recursive
 .text.__syscall_lock_release_recursive
                0x001122bc        0x4 /opt/devkitpro/libctru/lib/libctru.a(syscalls.o)
                0x001122bc                __syscall_lock_release_recursive
 .text.__syscall_exit
                0x001122c0        0x4 /opt/devkitpro/libctru/lib/libctru.a(syscalls.o)
                0x001122c0                __syscall_exit
 .text.initThreadVars
                0x001122c4       0x50 /opt/devkitpro/libctru/lib/libctru.a(syscalls.o)
                0x001122c4                initThreadVars
 .text.__system_initSyscalls
                0x00112314       0x80 /opt/devkitpro/libctru/lib/libctru.a(syscalls.o)
                0x00112314                __system_initSyscalls
 .text.__appExit
                0x00112394       0x30 /opt/devkitpro/libctru/lib/libctru.a(appExit.o)
                0x00112394                __appExit
 .text.__libctru_exit
                0x001123c4       0x90 /opt/devkitpro/libctru/lib/libctru.a(ctru_exit.o)
                0x001123c4                __libctru_exit
 .text.archive_link
                0x00112454       0x14 /opt/devkitpro/libctru/lib/libctru.a(archive_dev.o)
 .text.archive_dirreset
                0x00112468       0x14 /opt/devkitpro/libctru/lib/libctru.a(archive_dev.o)
 .text.archive_chmod
                0x0011247c       0x14 /opt/devkitpro/libctru/lib/libctru.a(archive_dev.o)
 .text.error_cmp
                0x00112490       0x24 /opt/devkitpro/libctru/lib/libctru.a(archive_dev.o)
 .text.archive_translate_error
                0x001124b4       0x50 /opt/devkitpro/libctru/lib/libctru.a(archive_dev.o)
 .text.archive_seek
                0x00112504       0xc4 /opt/devkitpro/libctru/lib/libctru.a(archive_dev.o)
 .text._archiveInit.part.0
                0x001125c8       0x78 /opt/devkitpro/libctru/lib/libctru.a(archive_dev.o)
 .text.archiveFindDevice.part.0
                0x00112640       0xc4 /opt/devkitpro/libctru/lib/libctru.a(archive_dev.o)
 .text.archive_utf16path
                0x00112704      0x290 /opt/devkitpro/libctru/lib/libctru.a(archive_dev.o)
 .text._archiveUnmountDeviceStruct.part.0
                0x00112994       0x9c /opt/devkitpro/libctru/lib/libctru.a(archive_dev.o)
 .text.archive_statvfs
                0x00112a30       0x14 /opt/devkitpro/libctru/lib/libctru.a(archive_dev.o)
 .text.archive_fchmod
                0x00112a44       0x14 /opt/devkitpro/libctru/lib/libctru.a(archive_dev.o)
 .text._archiveMountDevice
                0x00112a58      0x168 /opt/devkitpro/libctru/lib/libctru.a(archive_dev.o)
 .text.archive_diropen
                0x00112bc0       0xe8 /opt/devkitpro/libctru/lib/libctru.a(archive_dev.o)
 .text.archive_fstat
                0x00112ca8       0xa4 /opt/devkitpro/libctru/lib/libctru.a(archive_dev.o)
 .text.archive_fsync
                0x00112d4c       0x6c /opt/devkitpro/libctru/lib/libctru.a(archive_dev.o)
 .text.archive_close
                0x00112db8       0x6c /opt/devkitpro/libctru/lib/libctru.a(archive_dev.o)
 .text.archive_dirclose
                0x00112e24       0x70 /opt/devkitpro/libctru/lib/libctru.a(archive_dev.o)
 .text.sdmc_statvfs
                0x00112e94       0xe4 /opt/devkitpro/libctru/lib/libctru.a(archive_dev.o)
 .text.archive_chdir
                0x00112f78       0xec /opt/devkitpro/libctru/lib/libctru.a(archive_dev.o)
 .text.archive_ftruncate
                0x00113064       0x7c /opt/devkitpro/libctru/lib/libctru.a(archive_dev.o)
 .text.archive_read
                0x001130e0       0xac /opt/devkitpro/libctru/lib/libctru.a(archive_dev.o)
 .text.archive_unlink
                0x0011318c       0xa4 /opt/devkitpro/libctru/lib/libctru.a(archive_dev.o)
 .text.archive_rmdir
                0x00113230       0xbc /opt/devkitpro/libctru/lib/libctru.a(archive_dev.o)
 .text.archive_mkdir
                0x001132ec       0xdc /opt/devkitpro/libctru/lib/libctru.a(archive_dev.o)
 .text.archive_stat
                0x001133c8      0x194 /opt/devkitpro/libctru/lib/libctru.a(archive_dev.o)
 .text.archive_dirnext
                0x0011355c      0x15c /opt/devkitpro/libctru/lib/libctru.a(archive_dev.o)
 .text.archive_write
                0x001136b8      0x124 /opt/devkitpro/libctru/lib/libctru.a(archive_dev.o)
 *fill*         0x001137dc        0x4 
 .text.archive_open
                0x001137e0      0x210 /opt/devkitpro/libctru/lib/libctru.a(archive_dev.o)
 .text.archive_rename
                0x001139f0      0x268 /opt/devkitpro/libctru/lib/libctru.a(archive_dev.o)
 .text.archiveMountSdmc
                0x00113c58      0x19c /opt/devkitpro/libctru/lib/libctru.a(archive_dev.o)
                0x00113c58                archiveMountSdmc
 .text.archiveUnmountAll
                0x00113df4       0x54 /opt/devkitpro/libctru/lib/libctru.a(archive_dev.o)
                0x00113df4                archiveUnmountAll
 .text.sinf     0x00113e48      0x25c /opt/devkitpro/devkitARM/bin/../lib/gcc/arm-none-eabi/14.2.0/../../../../arm-none-eabi/lib/armv6k/fpu/libm.a(libm_a-sinf.o)
                0x00113e48                sinf
 .text.with_errnof
                0x001140a4       0x24 /opt/devkitpro/devkitARM/bin/../lib/gcc/arm-none-eabi/14.2.0/../../../../arm-none-eabi/lib/armv6k/fpu/libm.a(libm_a-math_errf.o)
 .text.__math_invalidf
                0x001140c8       0x1c /opt/devkitpro/devkitARM/bin/../lib/gcc/arm-none-eabi/14.2.0/../../../../arm-none-eabi/lib/armv6k/fpu/libm.a(libm_a-math_errf.o)
                0x001140c8                __math_invalidf
 *fill*         0x001140e4        0x4 
 .text.cosf     0x001140e8      0x21c /opt/devkitpro/devkitARM/bin/../lib/gcc/arm-none-eabi/14.2.0/../../../../arm-none-eabi/lib/armv6k/fpu/libm.a(libm_a-cosf.o)
                0x001140e8                cosf
 .text.__udivmoddi4
                0x00114304      0x120 /opt/devkitpro/devkitARM/bin/../lib/gcc/arm-none-eabi/14.2.0/armv6k/fpu/libgcc.a(_udivmoddi4.o)
                0x00114304                __udivmoddi4
 .text.strncmp  0x00114424       0xd8 /opt/devkitpro/devkitARM/bin/../lib/gcc/arm-none-eabi/14.2.0/../../../../arm-none-eabi/lib/armv6k/fpu/libg.a(libc_a-strncmp.o)
                0x00114424                strncmp
 .text.strchr   0x001144fc      0x130 /opt/devkitpro/devkitARM/bin/../lib/gcc/arm-none-eabi/14.2.0/../../../../arm-none-eabi/lib/armv6k/fpu/libg.a(libc_a-strchr.o)
                0x001144fc                strchr
 .text.strlen   0x0011462c       0x5c /opt/devkitpro/devkitARM/bin/../lib/gcc/arm-none-eabi/14.2.0/../../../../arm-none-eabi/lib/armv6k/fpu/libg.a(libc_a-strlen-stub.o)
                0x0011462c                strlen
 .text.putchar  0x00114688       0x1c /opt/devkitpro/devkitARM/bin/../lib/gcc/arm-none-eabi/14.2.0/../../../../arm-none-eabi/lib/armv6k/fpu/libg.a(libc_a-putchar.o)
                0x00114688                putchar
 .text.memcmp   0x001146a4       0xd4 /opt/devkitpro/devkitARM/bin/../lib/gcc/arm-none-eabi/14.2.0/../../../../arm-none-eabi/lib/armv6k/fpu/libg.a(libc_a-memcmp.o)
                0x001146a4                memcmp
 .text._strtoul_l.isra.0
                0x00114778      0x1e4 /opt/devkitpro/devkitARM/bin/../lib/gcc/arm-none-eabi/14.2.0/../../../../arm-none-eabi/lib/armv6k/fpu/libg.a(libc_a-strtoul.o)
 .text.strtoul  0x0011495c       0x34 /opt/devkitpro/devkitARM/bin/../lib/gcc/arm-none-eabi/14.2.0/../../../../arm-none-eabi/lib/armv6k/fpu/libg.a(libc_a-strtoul.o)
                0x0011495c                strtoul
 .text.strncat  0x00114990       0xe4 /opt/devkitpro/devkitARM/bin/../lib/gcc/arm-none-eabi/14.2.0/../../../../arm-none-eabi/lib/armv6k/fpu/libg.a(libc_a-strncat.o)
                0x00114990                strncat
 .text.bsearch  0x00114a74       0x78 /opt/devkitpro/devkitARM/bin/../lib/gcc/arm-none-eabi/14.2.0/../../../../arm-none-eabi/lib/armv6k/fpu/libg.a(libc_a-bsearch.o)
                0x00114a74                bsearch
 .text._fread_r
                0x00114aec      0x344 /opt/devkitpro/devkitARM/bin/../lib/gcc/arm-none-eabi/14.2.0/../../../../arm-none-eabi/lib/armv6k/fpu/libg.a(libc_a-fread.o)
                0x00114aec                _fread_r
 .text.fread    0x00114e30       0x38 /opt/devkitpro/devkitARM/bin/../lib/gcc/arm-none-eabi/14.2.0/../../../../arm-none-eabi/lib/armv6k/fpu/libg.a(libc_a-fread.o)
                0x00114e30                fread
 .text.calloc   0x00114e68       0x20 /opt/devkitpro/devkitARM/bin/../lib/gcc/arm-none-eabi/14.2.0/../../../../arm-none-eabi/lib/armv6k/fpu/libg.a(libc_a-calloc.o)
                0x00114e68                calloc
 .text.lflush   0x00114e88       0x38 /opt/devkitpro/devkitARM/bin/../lib/gcc/arm-none-eabi/14.2.0/../../../../arm-none-eabi/lib/armv6k/fpu/libg.a(libc_a-refill.o)
 .text.__srefill_r
                0x00114ec0      0x19c /opt/devkitpro/devkitARM/bin/../lib/gcc/arm-none-eabi/14.2.0/../../../../arm-none-eabi/lib/armv6k/fpu/libg.a(libc_a-refill.o)
                0x00114ec0                __srefill_r
 .text._fclose_r
                0x0011505c      0x148 /opt/devkitpro/devkitARM/bin/../lib/gcc/arm-none-eabi/14.2.0/../../../../arm-none-eabi/lib/armv6k/fpu/libg.a(libc_a-fclose.o)
                0x0011505c                _fclose_r
 .text.fclose   0x001151a4       0x18 /opt/devkitpro/devkitARM/bin/../lib/gcc/arm-none-eabi/14.2.0/../../../../arm-none-eabi/lib/armv6k/fpu/libg.a(libc_a-fclose.o)
                0x001151a4                fclose
 .text._calloc_r
                0x001151bc       0xc0 /opt/devkitpro/devkitARM/bin/../lib/gcc/arm-none-eabi/14.2.0/../../../../arm-none-eabi/lib/armv6k/fpu/libg.a(libc_a-callocr.o)
                0x001151bc                _calloc_r
 .text.__smakebuf_r
                0x0011527c      0x144 /opt/devkitpro/devkitARM/bin/../lib/gcc/arm-none-eabi/14.2.0/../../../../arm-none-eabi/lib/armv6k/fpu/libg.a(libc_a-makebuf.o)
                0x0011527c                __smakebuf_r
 .text.__swhatbuf_r
                0x001153c0       0x8c /opt/devkitpro/devkitARM/bin/../lib/gcc/arm-none-eabi/14.2.0/../../../../arm-none-eabi/lib/armv6k/fpu/libg.a(libc_a-makebuf.o)
                0x001153c0                __swhatbuf_r
 .text.memalign
                0x0011544c       0x20 /opt/devkitpro/devkitARM/bin/../lib/gcc/arm-none-eabi/14.2.0/../../../../arm-none-eabi/lib/armv6k/fpu/libg.a(libc_a-malign.o)
                0x0011544c                memalign
 .text.stdio_exit_handler
                0x0011546c       0x1c /opt/devkitpro/devkitARM/bin/../lib/gcc/arm-none-eabi/14.2.0/../../../../arm-none-eabi/lib/armv6k/fpu/libg.a(libc_a-findfp.o)
 .text.cleanup_stdio
                0x00115488       0x5c /opt/devkitpro/devkitARM/bin/../lib/gcc/arm-none-eabi/14.2.0/../../../../arm-none-eabi/lib/armv6k/fpu/libg.a(libc_a-findfp.o)
 .text.global_stdio_init.part.0
                0x001154e4      0x154 /opt/devkitpro/devkitARM/bin/../lib/gcc/arm-none-eabi/14.2.0/../../../../arm-none-eabi/lib/armv6k/fpu/libg.a(libc_a-findfp.o)
 .text.__sfp    0x00115638      0x134 /opt/devkitpro/devkitARM/bin/../lib/gcc/arm-none-eabi/14.2.0/../../../../arm-none-eabi/lib/armv6k/fpu/libg.a(libc_a-findfp.o)
                0x00115638                __sfp
 .text.__sinit  0x0011576c       0x5c /opt/devkitpro/devkitARM/bin/../lib/gcc/arm-none-eabi/14.2.0/../../../../arm-none-eabi/lib/armv6k/fpu/libg.a(libc_a-findfp.o)
                0x0011576c                __sinit
 .text.__sfp_lock_acquire
                0x001157c8        0xc /opt/devkitpro/devkitARM/bin/../lib/gcc/arm-none-eabi/14.2.0/../../../../arm-none-eabi/lib/armv6k/fpu/libg.a(libc_a-findfp.o)
                0x001157c8                __sfp_lock_acquire
 .text.__sfp_lock_release
                0x001157d4        0xc /opt/devkitpro/devkitARM/bin/../lib/gcc/arm-none-eabi/14.2.0/../../../../arm-none-eabi/lib/armv6k/fpu/libg.a(libc_a-findfp.o)
                0x001157d4                __sfp_lock_release
 .text._malloc_r
                0x001157e0      0x7e8 /opt/devkitpro/devkitARM/bin/../lib/gcc/arm-none-eabi/14.2.0/../../../../arm-none-eabi/lib/armv6k/fpu/libg.a(libc_a-mallocr.o)
                0x001157e0                _malloc_r
 .text._putc_r  0x00115fc8       0xdc /opt/devkitpro/devkitARM/bin/../lib/gcc/arm-none-eabi/14.2.0/../../../../arm-none-eabi/lib/armv6k/fpu/libg.a(libc_a-putc.o)
                0x00115fc8                _putc_r
 .text._malloc_trim_r
                0x001160a4       0xf8 /opt/devkitpro/devkitARM/bin/../lib/gcc/arm-none-eabi/14.2.0/../../../../arm-none-eabi/lib/armv6k/fpu/libg.a(libc_a-freer.o)
                0x001160a4                _malloc_trim_r
 .text._free_r  0x0011619c      0x300 /opt/devkitpro/devkitARM/bin/../lib/gcc/arm-none-eabi/14.2.0/../../../../arm-none-eabi/lib/armv6k/fpu/libg.a(libc_a-freer.o)
                0x0011619c                _free_r
 .text.setvbuf  0x0011649c      0x294 /opt/devkitpro/devkitARM/bin/../lib/gcc/arm-none-eabi/14.2.0/../../../../arm-none-eabi/lib/armv6k/fpu/libg.a(libc_a-setvbuf.o)
                0x0011649c                setvbuf
 .text.strnlen  0x00116730       0x4c /opt/devkitpro/devkitARM/bin/../lib/gcc/arm-none-eabi/14.2.0/../../../../arm-none-eabi/lib/armv6k/fpu/libg.a(libc_a-strnlen.o)
                0x00116730                strnlen
 .text.__errno  0x0011677c        0xc /opt/devkitpro/devkitARM/bin/../lib/gcc/arm-none-eabi/14.2.0/../../../../arm-none-eabi/lib/armv6k/fpu/libg.a(libc_a-errno.o)
                0x0011677c                __errno
 .text.malloc   0x00116788       0x34 /opt/devkitpro/devkitARM/bin/../lib/gcc/arm-none-eabi/14.2.0/../../../../arm-none-eabi/lib/armv6k/fpu/libg.a(libc_a-malloc.o)
                0x00116788                malloc
 .text.free     0x001167bc       0x18 /opt/devkitpro/devkitARM/bin/../lib/gcc/arm-none-eabi/14.2.0/../../../../arm-none-eabi/lib/armv6k/fpu/libg.a(libc_a-malloc.o)
                0x001167bc                free
 .text.memcpy   0x001167d4      0x130 /opt/devkitpro/devkitARM/bin/../lib/gcc/arm-none-eabi/14.2.0/../../../../arm-none-eabi/lib/armv6k/fpu/libg.a(libc_a-memcpy-stub.o)
                0x001167d4                memcpy
 .text.printf   0x00116904       0x34 /opt/devkitpro/devkitARM/bin/../lib/gcc/arm-none-eabi/14.2.0/../../../../arm-none-eabi/lib/armv6k/fpu/libg.a(libc_a-printf.o)
                0x00116904                printf
 .text._fopen_r
                0x00116938      0x134 /opt/devkitpro/devkitARM/bin/../lib/gcc/arm-none-eabi/14.2.0/../../../../arm-none-eabi/lib/armv6k/fpu/libg.a(libc_a-fopen.o)
                0x00116938                _fopen_r
 .text.fopen    0x00116a6c       0x20 /opt/devkitpro/devkitARM/bin/../lib/gcc/arm-none-eabi/14.2.0/../../../../arm-none-eabi/lib/armv6k/fpu/libg.a(libc_a-fopen.o)
                0x00116a6c                fopen
 .text.time     0x00116a8c       0x4c /opt/devkitpro/devkitARM/bin/../lib/gcc/arm-none-eabi/14.2.0/../../../../arm-none-eabi/lib/armv6k/fpu/libg.a(libc_a-time.o)
                0x00116a8c                time
 .text._puts_r  0x00116ad8       0xe0 /opt/devkitpro/devkitARM/bin/../lib/gcc/arm-none-eabi/14.2.0/../../../../arm-none-eabi/lib/armv6k/fpu/libg.a(libc_a-puts.o)
                0x00116ad8                _puts_r
 .text.puts     0x00116bb8       0x18 /opt/devkitpro/devkitARM/bin/../lib/gcc/arm-none-eabi/14.2.0/../../../../arm-none-eabi/lib/armv6k/fpu/libg.a(libc_a-puts.o)
                0x00116bb8                puts
 .text.memset   0x00116bd0       0xe8 /opt/devkitpro/devkitARM/bin/../lib/gcc/arm-none-eabi/14.2.0/../../../../arm-none-eabi/lib/armv6k/fpu/libg.a(libc_a-memset.o)
                0x00116bd0                memset
 .text._fwalk_sglue
                0x00116cb8       0x70 /opt/devkitpro/devkitARM/bin/../lib/gcc/arm-none-eabi/14.2.0/../../../../arm-none-eabi/lib/armv6k/fpu/libg.a(libc_a-fwalk.o)
                0x00116cb8                _fwalk_sglue
 .text.__malloc_lock
                0x00116d28        0xc /opt/devkitpro/devkitARM/bin/../lib/gcc/arm-none-eabi/14.2.0/../../../../arm-none-eabi/lib/armv6k/fpu/libg.a(libc_a-mlock.o)
                0x00116d28                __malloc_lock
 .text.__malloc_unlock
                0x00116d34        0xc /opt/devkitpro/devkitARM/bin/../lib/gcc/arm-none-eabi/14.2.0/../../../../arm-none-eabi/lib/armv6k/fpu/libg.a(libc_a-mlock.o)
                0x00116d34                __malloc_unlock
 .text.strcpy   0x00116d40       0xf0 /opt/devkitpro/devkitARM/bin/../lib/gcc/arm-none-eabi/14.2.0/../../../../arm-none-eabi/lib/armv6k/fpu/libg.a(libc_a-strcpy.o)
                0x00116d40                strcpy
 .text.__call_exitprocs
                0x00116e30        0x4 /opt/devkitpro/devkitARM/bin/../lib/gcc/arm-none-eabi/14.2.0/../../../../arm-none-eabi/lib/armv6k/fpu/libg.a(libc_a-exit.o)
                0x00116e30                __call_exitprocs
 .text.exit     0x00116e34       0x30 /opt/devkitpro/devkitARM/bin/../lib/gcc/arm-none-eabi/14.2.0/../../../../arm-none-eabi/lib/armv6k/fpu/libg.a(libc_a-exit.o)
                0x00116e34                exit
 .text._fseek_r
                0x00116e64       0x1c /opt/devkitpro/devkitARM/bin/../lib/gcc/arm-none-eabi/14.2.0/../../../../arm-none-eabi/lib/armv6k/fpu/libg.a(libc_a-fseek.o)
                0x00116e64                _fseek_r
 .text.strncpy  0x00116e80       0xc4 /opt/devkitpro/devkitARM/bin/../lib/gcc/arm-none-eabi/14.2.0/../../../../arm-none-eabi/lib/armv6k/fpu/libg.a(libc_a-strncpy.o)
                0x00116e80                strncpy
 .text.__sflags
                0x00116f44       0xb4 /opt/devkitpro/devkitARM/bin/../lib/gcc/arm-none-eabi/14.2.0/../../../../arm-none-eabi/lib/armv6k/fpu/libg.a(libc_a-flags.o)
                0x00116f44                __sflags
 .text.__libc_init_array
                0x00116ff8       0x84 /opt/devkitpro/devkitARM/bin/../lib/gcc/arm-none-eabi/14.2.0/../../../../arm-none-eabi/lib/armv6k/fpu/libg.a(libc_a-init.o)
                0x00116ff8                __libc_init_array
 .text.__sflush_r
                0x0011707c      0x228 /opt/devkitpro/devkitARM/bin/../lib/gcc/arm-none-eabi/14.2.0/../../../../arm-none-eabi/lib/armv6k/fpu/libg.a(libc_a-fflush.o)
                0x0011707c                __sflush_r
 .text._fflush_r
                0x001172a4       0x94 /opt/devkitpro/devkitARM/bin/../lib/gcc/arm-none-eabi/14.2.0/../../../../arm-none-eabi/lib/armv6k/fpu/libg.a(libc_a-fflush.o)
                0x001172a4                _fflush_r
 .text.__sfvwrite_r
                0x00117338      0x480 /opt/devkitpro/devkitARM/bin/../lib/gcc/arm-none-eabi/14.2.0/../../../../arm-none-eabi/lib/armv6k/fpu/libg.a(libc_a-fvwrite.o)
                0x00117338                __sfvwrite_r
 .text._memalign_r
                0x001177b8      0x150 /opt/devkitpro/devkitARM/bin/../lib/gcc/arm-none-eabi/14.2.0/../../../../arm-none-eabi/lib/armv6k/fpu/libg.a(libc_a-malignr.o)
                0x001177b8                _memalign_r
 .text.memchr   0x00117908       0xe0 /opt/devkitpro/devkitARM/bin/../lib/gcc/arm-none-eabi/14.2.0/../../../../arm-none-eabi/lib/armv6k/fpu/libg.a(libc_a-memchr-stub.o)
                0x00117908                memchr
 .text.__swbuf_r
                0x001179e8      0x108 /opt/devkitpro/devkitARM/bin/../lib/gcc/arm-none-eabi/14.2.0/../../../../arm-none-eabi/lib/armv6k/fpu/libg.a(libc_a-wbuf.o)
                0x001179e8                __swbuf_r
 .text.__libc_fini_array
                0x00117af0       0x3c /opt/devkitpro/devkitARM/bin/../lib/gcc/arm-none-eabi/14.2.0/../../../../arm-none-eabi/lib/armv6k/fpu/libg.a(libc_a-fini.o)
                0x00117af0                __libc_fini_array
 .text._fseeko_r
                0x00117b2c      0x58c /opt/devkitpro/devkitARM/bin/../lib/gcc/arm-none-eabi/14.2.0/../../../../arm-none-eabi/lib/armv6k/fpu/libg.a(libc_a-fseeko.o)
                0x00117b2c                _fseeko_r
 .text.__sread  0x001180b8       0x44 /opt/devkitpro/devkitARM/bin/../lib/gcc/arm-none-eabi/14.2.0/../../../../arm-none-eabi/lib/armv6k/fpu/libg.a(libc_a-stdio.o)
                0x001180b8                __sread
 .text.__swrite
                0x001180fc       0x68 /opt/devkitpro/devkitARM/bin/../lib/gcc/arm-none-eabi/14.2.0/../../../../arm-none-eabi/lib/armv6k/fpu/libg.a(libc_a-stdio.o)
                0x001180fc                __swrite
 .text.__sseek  0x00118164       0x40 /opt/devkitpro/devkitARM/bin/../lib/gcc/arm-none-eabi/14.2.0/../../../../arm-none-eabi/lib/armv6k/fpu/libg.a(libc_a-stdio.o)
                0x00118164                __sseek
 .text.__sclose
                0x001181a4        0x8 /opt/devkitpro/devkitARM/bin/../lib/gcc/arm-none-eabi/14.2.0/../../../../arm-none-eabi/lib/armv6k/fpu/libg.a(libc_a-stdio.o)
                0x001181a4                __sclose
 .text.get_arg  0x001181ac      0x5e4 /opt/devkitpro/devkitARM/bin/../lib/gcc/arm-none-eabi/14.2.0/../../../../arm-none-eabi/lib/armv6k/fpu/libg.a(libc_a-vfprintf.o)
 .text._vfprintf_r
                0x00118790     0x342c /opt/devkitpro/devkitARM/bin/../lib/gcc/arm-none-eabi/14.2.0/../../../../arm-none-eabi/lib/armv6k/fpu/libg.a(libc_a-vfprintf.o)
                0x00118790                _vfprintf_r
 .text.__sbprintf
                0x0011bbbc       0xb8 /opt/devkitpro/devkitARM/bin/../lib/gcc/arm-none-eabi/14.2.0/../../../../arm-none-eabi/lib/armv6k/fpu/libg.a(libc_a-vfprintf.o)
 .text.quorem   0x0011bc74      0x1b4 /opt/devkitpro/devkitARM/bin/../lib/gcc/arm-none-eabi/14.2.0/../../../../arm-none-eabi/lib/armv6k/fpu/libg.a(libc_a-dtoa.o)
 .text._dtoa_r  0x0011be28     0x1370 /opt/devkitpro/devkitARM/bin/../lib/gcc/arm-none-eabi/14.2.0/../../../../arm-none-eabi/lib/armv6k/fpu/libg.a(libc_a-dtoa.o)
                0x0011be28                _dtoa_r
 .text._wcrtomb_r
                0x0011d198       0xa0 /opt/devkitpro/devkitARM/bin/../lib/gcc/arm-none-eabi/14.2.0/../../../../arm-none-eabi/lib/armv6k/fpu/libg.a(libc_a-wcrtomb.o)
                0x0011d198                _wcrtomb_r
 .text._realloc_r
                0x0011d238      0x4a4 /opt/devkitpro/devkitARM/bin/../lib/gcc/arm-none-eabi/14.2.0/../../../../arm-none-eabi/lib/armv6k/fpu/libg.a(libc_a-reallocr.o)
                0x0011d238                _realloc_r
 .text._wcsrtombs_r
                0x0011d6dc       0x28 /opt/devkitpro/devkitARM/bin/../lib/gcc/arm-none-eabi/14.2.0/../../../../arm-none-eabi/lib/armv6k/fpu/libg.a(libc_a-wcsrtombs.o)
                0x0011d6dc                _wcsrtombs_r
 .text.__swsetup_r
                0x0011d704      0x194 /opt/devkitpro/devkitARM/bin/../lib/gcc/arm-none-eabi/14.2.0/../../../../arm-none-eabi/lib/armv6k/fpu/libg.a(libc_a-wsetup.o)
                0x0011d704                __swsetup_r
 .text.frexp    0x0011d898       0x88 /opt/devkitpro/devkitARM/bin/../lib/gcc/arm-none-eabi/14.2.0/../../../../arm-none-eabi/lib/armv6k/fpu/libg.a(libm_a-s_frexp.o)
                0x0011d898                frexp
 .text.memmove  0x0011d920      0x160 /opt/devkitpro/devkitARM/bin/../lib/gcc/arm-none-eabi/14.2.0/../../../../arm-none-eabi/lib/armv6k/fpu/libg.a(libc_a-memmove.o)
                0x0011d920                memmove
 .text.__assert_func
                0x0011da80       0x5c /opt/devkitpro/devkitARM/bin/../lib/gcc/arm-none-eabi/14.2.0/../../../../arm-none-eabi/lib/armv6k/fpu/libg.a(libc_a-assert.o)
                0x0011da80                __assert_func
 .text._Balloc  0x0011dadc       0x88 /opt/devkitpro/devkitARM/bin/../lib/gcc/arm-none-eabi/14.2.0/../../../../arm-none-eabi/lib/armv6k/fpu/libg.a(libc_a-mprec.o)
                0x0011dadc                _Balloc
 .text._Bfree   0x0011db64       0x1c /opt/devkitpro/devkitARM/bin/../lib/gcc/arm-none-eabi/14.2.0/../../../../arm-none-eabi/lib/armv6k/fpu/libg.a(libc_a-mprec.o)
                0x0011db64                _Bfree
 .text.__multadd
                0x0011db80       0xf4 /opt/devkitpro/devkitARM/bin/../lib/gcc/arm-none-eabi/14.2.0/../../../../arm-none-eabi/lib/armv6k/fpu/libg.a(libc_a-mprec.o)
                0x0011db80                __multadd
 .text.__hi0bits
                0x0011dc74       0x80 /opt/devkitpro/devkitARM/bin/../lib/gcc/arm-none-eabi/14.2.0/../../../../arm-none-eabi/lib/armv6k/fpu/libg.a(libc_a-mprec.o)
                0x0011dc74                __hi0bits
 .text.__lo0bits
                0x0011dcf4       0xf4 /opt/devkitpro/devkitARM/bin/../lib/gcc/arm-none-eabi/14.2.0/../../../../arm-none-eabi/lib/armv6k/fpu/libg.a(libc_a-mprec.o)
                0x0011dcf4                __lo0bits
 .text.__i2b    0x0011dde8       0xa4 /opt/devkitpro/devkitARM/bin/../lib/gcc/arm-none-eabi/14.2.0/../../../../arm-none-eabi/lib/armv6k/fpu/libg.a(libc_a-mprec.o)
                0x0011dde8                __i2b
 .text.__multiply
                0x0011de8c      0x208 /opt/devkitpro/devkitARM/bin/../lib/gcc/arm-none-eabi/14.2.0/../../../../arm-none-eabi/lib/armv6k/fpu/libg.a(libc_a-mprec.o)
                0x0011de8c                __multiply
 .text.__pow5mult
                0x0011e094      0x130 /opt/devkitpro/devkitARM/bin/../lib/gcc/arm-none-eabi/14.2.0/../../../../arm-none-eabi/lib/armv6k/fpu/libg.a(libc_a-mprec.o)
                0x0011e094                __pow5mult
 .text.__lshift
                0x0011e1c4      0x138 /opt/devkitpro/devkitARM/bin/../lib/gcc/arm-none-eabi/14.2.0/../../../../arm-none-eabi/lib/armv6k/fpu/libg.a(libc_a-mprec.o)
                0x0011e1c4                __lshift
 .text.__mcmp   0x0011e2fc       0x58 /opt/devkitpro/devkitARM/bin/../lib/gcc/arm-none-eabi/14.2.0/../../../../arm-none-eabi/lib/armv6k/fpu/libg.a(libc_a-mprec.o)
                0x0011e2fc                __mcmp
 .text.__mdiff  0x0011e354      0x1f0 /opt/devkitpro/devkitARM/bin/../lib/gcc/arm-none-eabi/14.2.0/../../../../arm-none-eabi/lib/armv6k/fpu/libg.a(libc_a-mprec.o)
                0x0011e354                __mdiff
 .text.__d2b    0x0011e544      0x120 /opt/devkitpro/devkitARM/bin/../lib/gcc/arm-none-eabi/14.2.0/../../../../arm-none-eabi/lib/armv6k/fpu/libg.a(libc_a-mprec.o)
                0x0011e544                __d2b
 .text.__locale_mb_cur_max
                0x0011e664       0x24 /opt/devkitpro/devkitARM/bin/../lib/gcc/arm-none-eabi/14.2.0/../../../../arm-none-eabi/lib/armv6k/fpu/libg.a(libc_a-locale.o)
                0x0011e664                __locale_mb_cur_max
 .text.fiprintf
                0x0011e688       0x3c /opt/devkitpro/devkitARM/bin/../lib/gcc/arm-none-eabi/14.2.0/../../../../arm-none-eabi/lib/armv6k/fpu/libg.a(libc_a-fiprintf.o)
                0x0011e688                fiprintf
 .text._wcsnrtombs_l
                0x0011e6c4      0x160 /opt/devkitpro/devkitARM/bin/../lib/gcc/arm-none-eabi/14.2.0/../../../../arm-none-eabi/lib/armv6k/fpu/libg.a(libc_a-wcsnrtombs.o)
                0x0011e6c4                _wcsnrtombs_l
 .text._wcsnrtombs_r
                0x0011e824       0x64 /opt/devkitpro/devkitARM/bin/../lib/gcc/arm-none-eabi/14.2.0/../../../../arm-none-eabi/lib/armv6k/fpu/libg.a(libc_a-wcsnrtombs.o)
                0x0011e824                _wcsnrtombs_r
 .text.__utf8_mbtowc
                0x0011e888      0x324 /opt/devkitpro/devkitARM/bin/../lib/gcc/arm-none-eabi/14.2.0/../../../../arm-none-eabi/lib/armv6k/fpu/libg.a(libc_a-mbtowc_r.o)
                0x0011e888                __utf8_mbtowc
 .text.__sprint_r
                0x0011ebac       0x30 /opt/devkitpro/devkitARM/bin/../lib/gcc/arm-none-eabi/14.2.0/../../../../arm-none-eabi/lib/armv6k/fpu/libg.a(libc_a-sprint_r.o)
                0x0011ebac                __sprint_r
 .text.abort    0x0011ebdc       0x14 /opt/devkitpro/devkitARM/bin/../lib/gcc/arm-none-eabi/14.2.0/../../../../arm-none-eabi/lib/armv6k/fpu/libg.a(libc_a-abort.o)
                0x0011ebdc                abort
 .text._localeconv_r
                0x0011ebf0       0x24 /opt/devkitpro/devkitARM/bin/../lib/gcc/arm-none-eabi/14.2.0/../../../../arm-none-eabi/lib/armv6k/fpu/libg.a(libc_a-localeconv.o)
                0x0011ebf0                _localeconv_r
 .text.__utf8_wctomb
                0x0011ec14       0xf0 /opt/devkitpro/devkitARM/bin/../lib/gcc/arm-none-eabi/14.2.0/../../../../arm-none-eabi/lib/armv6k/fpu/libg.a(libc_a-wctomb_r.o)
                0x0011ec14                __utf8_wctomb
 .text._raise_r
                0x0011ed04       0x90 /opt/devkitpro/devkitARM/bin/../lib/gcc/arm-none-eabi/14.2.0/../../../../arm-none-eabi/lib/armv6k/fpu/libg.a(libc_a-signal.o)
                0x0011ed04                _raise_r
 .text.raise    0x0011ed94       0x18 /opt/devkitpro/devkitARM/bin/../lib/gcc/arm-none-eabi/14.2.0/../../../../arm-none-eabi/lib/armv6k/fpu/libg.a(libc_a-signal.o)
                0x0011ed94                raise
 .text.get_arg  0x0011edac      0x5e4 /opt/devkitpro/devkitARM/bin/../lib/gcc/arm-none-eabi/14.2.0/../../../../arm-none-eabi/lib/armv6k/fpu/libg.a(libc_a-vfiprintf.o)
 .text._vfiprintf_r
                0x0011f390     0x2264 /opt/devkitpro/devkitARM/bin/../lib/gcc/arm-none-eabi/14.2.0/../../../../arm-none-eabi/lib/armv6k/fpu/libg.a(libc_a-vfiprintf.o)
                0x0011f390                _vfiprintf_r
 .text.__sbprintf
                0x001215f4       0xb8 /opt/devkitpro/devkitARM/bin/../lib/gcc/arm-none-eabi/14.2.0/../../../../arm-none-eabi/lib/armv6k/fpu/libg.a(libc_a-vfiprintf.o)
 .text._exit    0x001216ac       0x20 /opt/devkitpro/devkitARM/bin/../lib/gcc/arm-none-eabi/14.2.0/../../../../arm-none-eabi/lib/armv6k/fpu/libsysbase.a(libsysbase_libsysbase_a-_exit.o)
                0x001216ac                _exit
 .text.chdir    0x001216cc      0x13c /opt/devkitpro/devkitARM/bin/../lib/gcc/arm-none-eabi/14.2.0/../../../../arm-none-eabi/lib/armv6k/fpu/libsysbase.a(libsysbase_libsysbase_a-chdir.o)
                0x001216cc                chdir
 .text._concatenate_path
                0x00121808      0x1cc /opt/devkitpro/devkitARM/bin/../lib/gcc/arm-none-eabi/14.2.0/../../../../arm-none-eabi/lib/armv6k/fpu/libsysbase.a(libsysbase_libsysbase_a-concatenate.o)
                0x00121808                _concatenate_path
 .text._fstat_r
                0x001219d4       0x88 /opt/devkitpro/devkitARM/bin/../lib/gcc/arm-none-eabi/14.2.0/../../../../arm-none-eabi/lib/armv6k/fpu/libsysbase.a(libsysbase_libsysbase_a-fstat.o)
                0x001219d4                _fstat_r
 .text._getpid_r
                0x00121a5c       0x14 /opt/devkitpro/devkitARM/bin/../lib/gcc/arm-none-eabi/14.2.0/../../../../arm-none-eabi/lib/armv6k/fpu/libsysbase.a(libsysbase_libsysbase_a-getpid.o)
                0x00121a5c                _getpid_r
 .text.__getreent
                0x00121a70       0x2c /opt/devkitpro/devkitARM/bin/../lib/gcc/arm-none-eabi/14.2.0/../../../../arm-none-eabi/lib/armv6k/fpu/libsysbase.a(libsysbase_libsysbase_a-getreent.o)
                0x00121a70                __getreent
 .text._gettimeofday_r
                0x00121a9c       0x30 /opt/devkitpro/devkitARM/bin/../lib/gcc/arm-none-eabi/14.2.0/../../../../arm-none-eabi/lib/armv6k/fpu/libsysbase.a(libsysbase_libsysbase_a-gettod.o)
                0x00121a9c                _gettimeofday_r
 .text.__release_handle
                0x00121acc       0x8c /opt/devkitpro/devkitARM/bin/../lib/gcc/arm-none-eabi/14.2.0/../../../../arm-none-eabi/lib/armv6k/fpu/libsysbase.a(libsysbase_libsysbase_a-handle_manager.o)
                0x00121acc                __release_handle
 .text.__alloc_handle
                0x00121b58       0xb0 /opt/devkitpro/devkitARM/bin/../lib/gcc/arm-none-eabi/14.2.0/../../../../arm-none-eabi/lib/armv6k/fpu/libsysbase.a(libsysbase_libsysbase_a-handle_manager.o)
                0x00121b58                __alloc_handle
 .text.__get_handle
                0x00121c08       0x3c /opt/devkitpro/devkitARM/bin/../lib/gcc/arm-none-eabi/14.2.0/../../../../arm-none-eabi/lib/armv6k/fpu/libsysbase.a(libsysbase_libsysbase_a-handle_manager.o)
                0x00121c08                __get_handle
 .text._close_r
                0x00121c44       0xf4 /opt/devkitpro/devkitARM/bin/../lib/gcc/arm-none-eabi/14.2.0/../../../../arm-none-eabi/lib/armv6k/fpu/libsysbase.a(libsysbase_libsysbase_a-handle_manager.o)
                0x00121c44                _close_r
 .text.null_write
                0x00121d38        0x8 /opt/devkitpro/devkitARM/bin/../lib/gcc/arm-none-eabi/14.2.0/../../../../arm-none-eabi/lib/armv6k/fpu/libsysbase.a(libsysbase_libsysbase_a-iosupport.o)
 .text.setDefaultDevice
                0x00121d40       0x18 /opt/devkitpro/devkitARM/bin/../lib/gcc/arm-none-eabi/14.2.0/../../../../arm-none-eabi/lib/armv6k/fpu/libsysbase.a(libsysbase_libsysbase_a-iosupport.o)
                0x00121d40                setDefaultDevice
 .text.FindDevice
                0x00121d58       0xc8 /opt/devkitpro/devkitARM/bin/../lib/gcc/arm-none-eabi/14.2.0/../../../../arm-none-eabi/lib/armv6k/fpu/libsysbase.a(libsysbase_libsysbase_a-iosupport.o)
                0x00121d58                FindDevice
 .text.RemoveDevice
                0x00121e20       0x28 /opt/devkitpro/devkitARM/bin/../lib/gcc/arm-none-eabi/14.2.0/../../../../arm-none-eabi/lib/armv6k/fpu/libsysbase.a(libsysbase_libsysbase_a-iosupport.o)
                0x00121e20                RemoveDevice
 .text.AddDevice
                0x00121e48       0x98 /opt/devkitpro/devkitARM/bin/../lib/gcc/arm-none-eabi/14.2.0/../../../../arm-none-eabi/lib/armv6k/fpu/libsysbase.a(libsysbase_libsysbase_a-iosupport.o)
                0x00121e48                AddDevice