Archive member included to satisfy reference by file (symbol)

/opt/devkitpro/libctru/lib/libcitro2d.a(base.o)
                              main.o (C2D_Init)
/opt/devkitpro/libctru/lib/libcitro2d.a(spritesheet.o)
                              main.o (C2D_SpriteSheetLoad)
/opt/devkitpro/libctru/lib/libcitro2d.a(render2d.shbin.o)
                              /opt/devkitpro/libctru/lib/libcitro2d.a(base.o) (render2d_shbin)
/opt/devkitpro/libctru/lib/libcitro3d.a(attribs.o)
                              /opt/devkitpro/libctru/lib/libcitro2d.a(base.o) (AttrInfo_Init)
/opt/devkitpro/libctru/lib/libcitro3d.a(base.o)
                              /opt/devkitpro/libctru/lib/libcitro3d.a(attribs.o) (__C3D_Context)
/opt/devkitpro/libctru/lib/libcitro3d.a(buffers.o)
                              /opt/devkitpro/libctru/lib/libcitro2d.a(base.o) (BufInfo_Init)
/opt/devkitpro/libctru/lib/libcitro3d.a(drawElements.o)
                              /opt/devkitpro/libctru/lib/libcitro2d.a(base.o) (C3D_DrawElements)
/opt/devkitpro/libctru/lib/libcitro3d.a(effect.o)
                              /opt/devkitpro/libctru/lib/libcitro3d.a(base.o) (C3D_DepthMap)
/opt/devkitpro/libctru/lib/libcitro3d.a(framebuffer.o)
                              /opt/devkitpro/libctru/lib/libcitro3d.a(base.o) (C3Di_FrameBufBind)
/opt/devkitpro/libctru/lib/libcitro3d.a(immediate.o)
                              /opt/devkitpro/libctru/lib/libcitro3d.a(base.o) (C3D_ImmSendAttrib)
/opt/devkitpro/libctru/lib/libcitro3d.a(proctex.o)
                              /opt/devkitpro/libctru/lib/libcitro2d.a(base.o) (C3D_ProcTexInit)
/opt/devkitpro/libctru/lib/libcitro3d.a(renderqueue.o)
                              /opt/devkitpro/libctru/lib/libcitro3d.a(base.o) (C3Di_RenderQueueEnableVBlank)
/opt/devkitpro/libctru/lib/libcitro3d.a(tex3ds.o)
                              /opt/devkitpro/libctru/lib/libcitro2d.a(spritesheet.o) (Tex3DS_TextureImport)
/opt/devkitpro/libctru/lib/libcitro3d.a(texenv.o)
                              /opt/devkitpro/libctru/lib/libcitro2d.a(base.o) (C3D_GetTexEnv)
/opt/devkitpro/libctru/lib/libcitro3d.a(texture.o)
                              /opt/devkitpro/libctru/lib/libcitro3d.a(tex3ds.o) (C3D_TexInitWithParams)
/opt/devkitpro/libctru/lib/libcitro3d.a(uniforms.o)
                              /opt/devkitpro/libctru/lib/libcitro3d.a(base.o) (C3D_UpdateUniforms)
/opt/devkitpro/libctru/lib/libcitro3d.a(mtx_multiply.o)
                              /opt/devkitpro/libctru/lib/libcitro2d.a(base.o) (Mtx_Multiply)
/opt/devkitpro/libctru/lib/libcitro3d.a(mtx_ortho.o)
                              /opt/devkitpro/libctru/lib/libcitro2d.a(base.o) (Mtx_Ortho)
/opt/devkitpro/libctru/lib/libcitro3d.a(mtx_orthotilt.o)
                              /opt/devkitpro/libctru/lib/libcitro2d.a(base.o) (Mtx_OrthoTilt)
/opt/devkitpro/libctru/lib/libcitro3d.a(mtx_rotatez.o)
                              /opt/devkitpro/libctru/lib/libcitro2d.a(base.o) (Mtx_RotateZ)
/opt/devkitpro/libctru/lib/libcitro3d.a(mtx_scale.o)
                              /opt/devkitpro/libctru/lib/libcitro2d.a(base.o) (Mtx_Scale)
/opt/devkitpro/libctru/lib/libcitro3d.a(mtx_translate.o)
                              /opt/devkitpro/libctru/lib/libcitro2d.a(base.o) (Mtx_Translate)
/opt/devkitpro/libctru/lib/libctru.a(vram.o)
                              /opt/devkitpro/libctru/lib/libcitro3d.a(renderqueue.o) (vramAlloc)
/opt/devkitpro/libctru/lib/libctru.a(linear.o)
                              /opt/devkitpro/libctru/lib/libcitro2d.a(base.o) (linearAlloc)
/opt/devkitpro/libctru/lib/libctru.a(mem_pool.o)
                              /opt/devkitpro/libctru/lib/libctru.a(vram.o) (MemPool::Allocate(MemChunk&, unsigned long, int))
/opt/devkitpro/libctru/lib/libctru.a(romfs_dev.o)
                              main.o (romfsMountSelf)
/opt/devkitpro/libctru/lib/libctru.a(os.o)
                              /opt/devkitpro/libctru/lib/libcitro3d.a(buffers.o) (osConvertVirtToPhys)
/opt/devkitpro/libctru/lib/libctru.a(console.o)
                              main.o (consoleInit)
/opt/devkitpro/libctru/lib/libctru.a(path_buf.o)
                              /opt/devkitpro/libctru/lib/libctru.a(romfs_dev.o) (__ctru_dev_utf16_buf)
/opt/devkitpro/libctru/lib/libctru.a(gfx.o)
                              /opt/devkitpro/libctru/lib/libcitro2d.a(base.o) (gfxIsWide)
/opt/devkitpro/libctru/lib/libctru.a(shaderProgram.o)
                              /opt/devkitpro/libctru/lib/libcitro2d.a(base.o) (shaderInstanceGetUniformLocation)
/opt/devkitpro/libctru/lib/libctru.a(shbin.o)
                              /opt/devkitpro/libctru/lib/libcitro2d.a(base.o) (DVLB_ParseFile)
/opt/devkitpro/libctru/lib/libctru.a(gx.o)
                              /opt/devkitpro/libctru/lib/libcitro3d.a(renderqueue.o) (GX_BindQueue)
/opt/devkitpro/libctru/lib/libctru.a(gxqueue.o)
                              /opt/devkitpro/libctru/lib/libcitro3d.a(renderqueue.o) (gxCmdQueueClear)
/opt/devkitpro/libctru/lib/libctru.a(gpu.o)
[...]
Memory Configuration

Name             Origin             Length             Attributes
*default*        0x00000000         0xffffffff

Linker script and memory map

                0x00000000                        __sync_synchronize = __sync_synchronize_dmb
                0x00100000                        PROVIDE (__start__ = 0x100000)
                0x00100000                        . = __start__

.text           0x00100000    0x21170
 *(.crt0)
 .crt0          0x00100000       0x94 /opt/devkitpro/devkitARM/bin/../lib/gcc/arm-none-eabi/14.2.0/../../../../arm-none-eabi/lib/armv6k/fpu/3dsx_crt0.o
                0x00100000                _start
                0x00100008                __service_ptr
                0x0010000c                __apt_appid
                0x00100010                __heap_size
                0x00100014                __linear_heap_size
                0x00100018                __system_arglist
                0x0010001c                __system_runflags
 *(.init)
 .init          0x00100094        0xc /opt/devkitpro/devkitARM/bin/../lib/gcc/arm-none-eabi/14.2.0/armv6k/fpu/crti.o
                0x00100094                _init
 .init          0x001000a0        0xc /opt/devkitpro/devkitARM/bin/../lib/gcc/arm-none-eabi/14.2.0/armv6k/fpu/crtn.o
                0x001000ac                        . = ALIGN (0x4)
 *(.text)
 .text          0x001000ac      0x20c /opt/devkitpro/devkitARM/bin/../lib/gcc/arm-none-eabi/14.2.0/armv6k/fpu/libgcc.a(_udivsi3.o)
                0x001000ac                __udivsi3
                0x001000ac                __aeabi_uidiv
                0x00100298                __aeabi_uidivmod
 .text          0x001002b8      0x240 /opt/devkitpro/devkitARM/bin/../lib/gcc/arm-none-eabi/14.2.0/armv6k/fpu/libgcc.a(_divsi3.o)
                0x001002b8                __aeabi_idiv
                0x001002b8                __divsi3
                0x001004d8                __aeabi_idivmod
 .text          0x001004f8        0x4 /opt/devkitpro/devkitARM/bin/../lib/gcc/arm-none-eabi/14.2.0/armv6k/fpu/libgcc.a(_dvmd_tls.o)
                0x001004f8                __aeabi_ldiv0
                0x001004f8                __aeabi_idiv0
 .text          0x001004fc      0x3c0 /opt/devkitpro/devkitARM/bin/../lib/gcc/arm-none-eabi/14.2.0/armv6k/fpu/libgcc.a(_arm_addsubdf3.o)
                0x001004fc                __aeabi_drsub
                0x00100504                __aeabi_dsub
                0x00100504                __subdf3
                0x00100508                __adddf3
                0x00100508                __aeabi_dadd
                0x001007b4                __aeabi_ui2d
                0x001007b4                __floatunsidf
                0x001007d8                __floatsidf
                0x001007d8                __aeabi_i2d
                0x00100800                __extendsfdf2
                0x00100800                __aeabi_f2d
                0x00100848                __aeabi_ul2d
                0x00100848                __floatundidf
                0x0010085c                __floatdidf
                0x0010085c                __aeabi_l2d
 .text          0x001008bc       0xd4 /opt/devkitpro/devkitARM/bin/../lib/gcc/arm-none-eabi/14.2.0/armv6k/fpu/libgcc.a(_aeabi_ldivmod.o)
                0x001008bc                __aeabi_ldivmod
 .text          0x00100990       0x3c /opt/devkitpro/devkitARM/bin/../lib/gcc/arm-none-eabi/14.2.0/armv6k/fpu/libgcc.a(_aeabi_uldivmod.o)
                0x00100990                __aeabi_uldivmod
 *fill*         0x001009cc       0x14 
 .text          0x001009e0      0x390 /opt/devkitpro/devkitARM/bin/../lib/gcc/arm-none-eabi/14.2.0/../../../../arm-none-eabi/lib/armv6k/fpu/libg.a(libc_a-strcmp.o)
                0x001009e8                strcmp
 *(.text.*)
 .text.__do_global_dtors_aux
                0x00100d70       0x40 /opt/devkitpro/devkitARM/bin/../lib/gcc/arm-none-eabi/14.2.0/armv6k/fpu/crtbegin.o
 .text.frame_dummy
                0x00100db0       0x2c /opt/devkitpro/devkitARM/bin/../lib/gcc/arm-none-eabi/14.2.0/armv6k/fpu/crtbegin.o
 .text.romfsInit
                0x00100ddc       0x20 main.o
 .text.romfsExit
                0x00100dfc       0x20 main.o
 .text.C2D_Clamp
                0x00100e1c       0x68 main.o
 .text.C2D_FloatToU8
                0x00100e84       0x60 main.o
 .text.C2D_Color32
                0x00100ee4       0x74 main.o
 .text.C2D_Color32f
                0x00100f58       0x78 main.o
 .text.C2D_SceneTarget
                0x00100fd0       0x44 main.o
 .text.C2D_SceneBegin
                0x00101014       0x30 main.o
 .text.C2D_SpriteFromImage
                0x00101044       0xb4 main.o
 .text.C2D_SpriteFromSheet
                0x001010f8       0x48 main.o
 .text.C2D_DrawSprite
                0x00101140       0x38 main.o
 .text.main     0x00101178      0x1d4 main.o
                0x00101178                main
 .text.C2Di_FrameEndHook
                0x0010134c       0x44 /opt/devkitpro/libctru/lib/libcitro2d.a(base.o)
 .text.C2D_Init
                0x00101390      0x36c /opt/devkitpro/libctru/lib/libcitro2d.a(base.o)
                0x00101390                C2D_Init
 .text.C2D_Fini
                0x001016fc       0x4c /opt/devkitpro/libctru/lib/libcitro2d.a(base.o)
                0x001016fc                C2D_Fini
 .text.C2D_Prepare
                0x00101748       0xb8 /opt/devkitpro/libctru/lib/libcitro2d.a(base.o)
                0x00101748                C2D_Prepare
 .text.C2D_Flush
                0x00101800       0x48 /opt/devkitpro/libctru/lib/libcitro2d.a(base.o)
                0x00101800                C2D_Flush
 .text.C2D_SceneSize
                0x00101848      0x104 /opt/devkitpro/libctru/lib/libcitro2d.a(base.o)
                0x00101848                C2D_SceneSize
 .text.C2D_CreateScreenTarget
                0x0010194c       0x58 /opt/devkitpro/libctru/lib/libcitro2d.a(base.o)
                0x0010194c                C2D_CreateScreenTarget
 .text.C2D_TargetClear
                0x001019a4       0x64 /opt/devkitpro/libctru/lib/libcitro2d.a(base.o)
                0x001019a4                C2D_TargetClear
 .text.C2Di_CalcQuad
                0x00101a08      0x13c /opt/devkitpro/libctru/lib/libcitro2d.a(base.o)
                0x00101a08                C2Di_CalcQuad
 .text.C2Di_AppendQuad
                0x00101b44       0x58 /opt/devkitpro/libctru/lib/libcitro2d.a(base.o)
                0x00101b44                C2Di_AppendQuad
 .text.C2Di_Update
                0x00101b9c      0x550 /opt/devkitpro/libctru/lib/libcitro2d.a(base.o)
                0x00101b9c                C2Di_Update
 .text.C2D_DrawImage
                0x001020ec      0x2b0 /opt/devkitpro/libctru/lib/libcitro2d.a(base.o)
                0x001020ec                C2D_DrawImage
 .text.C2D_SpriteSheetLoadFromHandle
                0x0010239c       0x6c /opt/devkitpro/libctru/lib/libcitro2d.a(spritesheet.o)
                0x0010239c                C2D_SpriteSheetLoadFromHandle
 .text.C2D_SpriteSheetLoad
                0x00102408       0x48 /opt/devkitpro/libctru/lib/libcitro2d.a(spritesheet.o)
                0x00102408                C2D_SpriteSheetLoad
 .text.C2D_SpriteSheetFree
                0x00102450       0x28 /opt/devkitpro/libctru/lib/libcitro2d.a(spritesheet.o)
                0x00102450                C2D_SpriteSheetFree
 .text.C2D_SpriteSheetGetImage
                0x00102478       0x2c /opt/devkitpro/libctru/lib/libcitro2d.a(spritesheet.o)
                0x00102478                C2D_SpriteSheetGetImage
 .text.AttrInfo_Init
                0x001024a4       0x28 /opt/devkitpro/libctru/lib/libcitro3d.a(attribs.o)
                0x001024a4                AttrInfo_Init
 .text.AttrInfo_AddLoader
                0x001024cc       0x94 /opt/devkitpro/libctru/lib/libcitro3d.a(attribs.o)
                0x001024cc                AttrInfo_AddLoader
 .text.C3D_SetAttrInfo
                0x00102560       0x54 /opt/devkitpro/libctru/lib/libcitro3d.a(attribs.o)
                0x00102560                C3D_SetAttrInfo
 .text.C3Di_AttrInfoBind
                0x001025b4       0x80 /opt/devkitpro/libctru/lib/libcitro3d.a(attribs.o)
                0x001025b4                C3Di_AttrInfoBind
 .text.C3Di_LightEnvUpdate
                0x00102634        0x4 /opt/devkitpro/libctru/lib/libcitro3d.a(base.o)
                0x00102634                C3Di_LightEnvUpdate
 .text.C3Di_LightEnvDirty
                0x00102638        0x4 /opt/devkitpro/libctru/lib/libcitro3d.a(base.o)
                0x00102638                C3Di_LightEnvDirty
 .text.C3Di_AptEventHook
                0x0010263c       0xb4 /opt/devkitpro/libctru/lib/libcitro3d.a(base.o)
 .text.C3Di_GasUpdate
                0x001026f0        0x4 /opt/devkitpro/libctru/lib/libcitro3d.a(base.o)
                0x001026f0                C3Di_GasUpdate
 .text.C3D_Init
                0x001026f4      0x1d0 /opt/devkitpro/libctru/lib/libcitro3d.a(base.o)
                0x001026f4                C3D_Init
 .text.C3D_SetViewport
                0x001028c4       0x98 /opt/devkitpro/libctru/lib/libcitro3d.a(base.o)
                0x001028c4                C3D_SetViewport
 .text.C3Di_UpdateContext
                0x0010295c      0x4e8 /opt/devkitpro/libctru/lib/libcitro3d.a(base.o)
                0x0010295c                C3Di_UpdateContext
 .text.C3Di_SplitFrame
                0x00102e44       0xe0 /opt/devkitpro/libctru/lib/libcitro3d.a(base.o)
                0x00102e44                C3Di_SplitFrame
 .text.C3D_GetCmdBufUsage
                0x00102f24       0x10 /opt/devkitpro/libctru/lib/libcitro3d.a(base.o)
                0x00102f24                C3D_GetCmdBufUsage
 .text.C3D_Fini
                0x00102f34       0x44 /opt/devkitpro/libctru/lib/libcitro3d.a(base.o)
                0x00102f34                C3D_Fini
 .text.C3D_BindProgram
                0x00102f78      0x194 /opt/devkitpro/libctru/lib/libcitro3d.a(base.o)
                0x00102f78                C3D_BindProgram
 .text.BufInfo_Init
                0x0010310c       0x24 /opt/devkitpro/libctru/lib/libcitro3d.a(buffers.o)
                0x0010310c                BufInfo_Init
 .text.BufInfo_Add
                0x00103130       0x80 /opt/devkitpro/libctru/lib/libcitro3d.a(buffers.o)
                0x00103130                BufInfo_Add
 .text.C3D_SetBufInfo
                0x001031b0       0x3c /opt/devkitpro/libctru/lib/libcitro3d.a(buffers.o)
                0x001031b0                C3D_SetBufInfo
 .text.C3Di_BufInfoBind
                0x001031ec       0x48 /opt/devkitpro/libctru/lib/libcitro3d.a(buffers.o)
                0x001031ec                C3Di_BufInfoBind
 .text.C3D_DrawElements
                0x00103234      0x21c /opt/devkitpro/libctru/lib/libcitro3d.a(drawElements.o)
                0x00103234                C3D_DrawElements
 .text.C3D_DepthMap
                0x00103450       0x40 /opt/devkitpro/libctru/lib/libcitro3d.a(effect.o)
                0x00103450                C3D_DepthMap
 .text.C3D_CullFace
                0x00103490       0x1c /opt/devkitpro/libctru/lib/libcitro3d.a(effect.o)
                0x00103490                C3D_CullFace
 .text.C3D_StencilTest
                0x001034ac       0x40 /opt/devkitpro/libctru/lib/libcitro3d.a(effect.o)
                0x001034ac                C3D_StencilTest
 .text.C3D_StencilOp
                0x001034ec       0x24 /opt/devkitpro/libctru/lib/libcitro3d.a(effect.o)
                0x001034ec                C3D_StencilOp
 .text.C3D_BlendingColor
                0x00103510       0x1c /opt/devkitpro/libctru/lib/libcitro3d.a(effect.o)
                0x00103510                C3D_BlendingColor
 .text.C3D_EarlyDepthTest
                0x0010352c       0x24 /opt/devkitpro/libctru/lib/libcitro3d.a(effect.o)
                0x0010352c                C3D_EarlyDepthTest
 .text.C3D_DepthTest
                0x00103550       0x2c /opt/devkitpro/libctru/lib/libcitro3d.a(effect.o)
                0x00103550                C3D_DepthTest
 .text.C3D_AlphaTest
                0x0010357c       0x2c /opt/devkitpro/libctru/lib/libcitro3d.a(effect.o)
                0x0010357c                C3D_AlphaTest
 .text.C3D_AlphaBlend
                0x001035a8       0x50 /opt/devkitpro/libctru/lib/libcitro3d.a(effect.o)
                0x001035a8                C3D_AlphaBlend
 .text.C3D_FragOpMode
                0x001035f8       0x30 /opt/devkitpro/libctru/lib/libcitro3d.a(effect.o)
                0x001035f8                C3D_FragOpMode
 .text.C3D_FragOpShadow
                0x00103628       0x44 /opt/devkitpro/libctru/lib/libcitro3d.a(effect.o)
                0x00103628                C3D_FragOpShadow
 .text.C3Di_EffectBind
                0x0010366c      0x1ac /opt/devkitpro/libctru/lib/libcitro3d.a(effect.o)
                0x0010366c                C3Di_EffectBind
 .text.C3D_CalcColorBufSize
                0x00103818       0x1c /opt/devkitpro/libctru/lib/libcitro3d.a(framebuffer.o)
                0x00103818                C3D_CalcColorBufSize
 .text.C3D_CalcDepthBufSize
                0x00103834       0x1c /opt/devkitpro/libctru/lib/libcitro3d.a(framebuffer.o)
                0x00103834                C3D_CalcDepthBufSize
 .text.C3D_SetFrameBuf
                0x00103850       0x44 /opt/devkitpro/libctru/lib/libcitro3d.a(framebuffer.o)
                0x00103850                C3D_SetFrameBuf
 .text.C3Di_FrameBufBind
                0x00103894      0x16c /opt/devkitpro/libctru/lib/libcitro3d.a(framebuffer.o)
                0x00103894                C3Di_FrameBufBind
 .text.C3D_FrameBufClear
                0x00103a00       0xc8 /opt/devkitpro/libctru/lib/libcitro3d.a(framebuffer.o)
                0x00103a00                C3D_FrameBufClear
 .text.C3D_FrameBufTransfer
                0x00103ac8       0x44 /opt/devkitpro/libctru/lib/libcitro3d.a(framebuffer.o)
                0x00103ac8                C3D_FrameBufTransfer
 .text.C3D_ImmSendAttrib
                0x00103b0c       0xa8 /opt/devkitpro/libctru/lib/libcitro3d.a(immediate.o)
                0x00103b0c                C3D_ImmSendAttrib
 .text.C3D_ProcTexInit
                0x00103bb4       0x70 /opt/devkitpro/libctru/lib/libcitro3d.a(proctex.o)
                0x00103bb4                C3D_ProcTexInit
 .text.C3D_ProcTexBind
                0x00103c24       0x54 /opt/devkitpro/libctru/lib/libcitro3d.a(proctex.o)
                0x00103c24                C3D_ProcTexBind
 .text.C3D_ProcTexLutBind
                0x00103c78       0x5c /opt/devkitpro/libctru/lib/libcitro3d.a(proctex.o)
                0x00103c78                C3D_ProcTexLutBind
 .text.ProcTexLut_FromArray
                0x00103cd4       0xa4 /opt/devkitpro/libctru/lib/libcitro3d.a(proctex.o)
                0x00103cd4                ProcTexLut_FromArray
 .text.C3Di_ProcTexUpdate
                0x00103d78      0x178 /opt/devkitpro/libctru/lib/libcitro3d.a(proctex.o)
                0x00103d78                C3Di_ProcTexUpdate
 .text.C3Di_ProcTexDirty
                0x00103ef0       0x68 /opt/devkitpro/libctru/lib/libcitro3d.a(proctex.o)
                0x00103ef0                C3Di_ProcTexDirty
 .text.onVBlank0
                0x00103f58       0x4c /opt/devkitpro/libctru/lib/libcitro3d.a(renderqueue.o)
 .text.onVBlank1
                0x00103fa4       0x4c /opt/devkitpro/libctru/lib/libcitro3d.a(renderqueue.o)
 .text.C3Di_RenderTargetDestroy
                0x00103ff0       0x80 /opt/devkitpro/libctru/lib/libcitro3d.a(renderqueue.o)
 .text.onQueueFinish
                0x00104070       0xf4 /opt/devkitpro/libctru/lib/libcitro3d.a(renderqueue.o)
 .text.C3Di_RenderQueueEnableVBlank
                0x00104164       0x38 /opt/devkitpro/libctru/lib/libcitro3d.a(renderqueue.o)
                0x00104164                C3Di_RenderQueueEnableVBlank
 .text.C3Di_RenderQueueDisableVBlank
                0x0010419c       0x30 /opt/devkitpro/libctru/lib/libcitro3d.a(renderqueue.o)
                0x0010419c                C3Di_RenderQueueDisableVBlank
 .text.C3Di_RenderQueueInit
                0x001041cc       0x60 /opt/devkitpro/libctru/lib/libcitro3d.a(renderqueue.o)
                0x001041cc                C3Di_RenderQueueInit
 .text.C3Di_RenderQueueExit
                0x0010422c       0xb4 /opt/devkitpro/libctru/lib/libcitro3d.a(renderqueue.o)
                0x0010422c                C3Di_RenderQueueExit
 .text.C3Di_RenderQueueWaitDone
                0x001042e0       0x34 /opt/devkitpro/libctru/lib/libcitro3d.a(renderqueue.o)
                0x001042e0                C3Di_RenderQueueWaitDone
 .text.C3D_FrameBegin
                0x00104314       0xe8 /opt/devkitpro/libctru/lib/libcitro3d.a(renderqueue.o)
                0x00104314                C3D_FrameBegin
 .text.C3D_FrameDrawOn
                0x001043fc       0x48 /opt/devkitpro/libctru/lib/libcitro3d.a(renderqueue.o)
                0x001043fc                C3D_FrameDrawOn
 .text.C3D_FrameSplit
                0x00104444       0x58 /opt/devkitpro/libctru/lib/libcitro3d.a(renderqueue.o)
                0x00104444                C3D_FrameSplit
 .text.C3D_FrameEnd
                0x0010449c      0x1d0 /opt/devkitpro/libctru/lib/libcitro3d.a(renderqueue.o)
                0x0010449c                C3D_FrameEnd
 .text.C3D_FrameEndHook
                0x0010466c       0x1c /opt/devkitpro/libctru/lib/libcitro3d.a(renderqueue.o)
                0x0010466c                C3D_FrameEndHook
 .text.C3D_GetDrawingTime
                0x00104688       0x18 /opt/devkitpro/libctru/lib/libcitro3d.a(renderqueue.o)
                0x00104688                C3D_GetDrawingTime
 .text.C3D_GetProcessingTime
                0x001046a0       0x18 /opt/devkitpro/libctru/lib/libcitro3d.a(renderqueue.o)
                0x001046a0                C3D_GetProcessingTime
 .text.C3D_RenderTargetCreate
                0x001046b8      0x170 /opt/devkitpro/libctru/lib/libcitro3d.a(renderqueue.o)
                0x001046b8                C3D_RenderTargetCreate
 .text.C3D_RenderTargetSetOutput
                0x00104828       0xa8 /opt/devkitpro/libctru/lib/libcitro3d.a(renderqueue.o)
                0x00104828                C3D_RenderTargetSetOutput
 .text.C3D_SyncTextureCopy
                0x001048d0       0xfc /opt/devkitpro/libctru/lib/libcitro3d.a(renderqueue.o)
                0x001048d0                C3D_SyncTextureCopy
 .text.Tex3DSi_ImportCommon
                0x001049cc      0x3d8 /opt/devkitpro/libctru/lib/libcitro3d.a(tex3ds.o)
 .text.Tex3DS_TextureImportStdio
                0x00104da4       0x38 /opt/devkitpro/libctru/lib/libcitro3d.a(tex3ds.o)
                0x00104da4                Tex3DS_TextureImportStdio
 .text.Tex3DS_GetSubTexture
                0x00104ddc       0x1c /opt/devkitpro/libctru/lib/libcitro3d.a(tex3ds.o)
                0x00104ddc                Tex3DS_GetSubTexture
 .text.Tex3DS_TextureFree
                0x00104df8        0x4 /opt/devkitpro/libctru/lib/libcitro3d.a(tex3ds.o)
                0x00104df8                Tex3DS_TextureFree
 .text.C3D_GetTexEnv
                0x00104dfc       0x34 /opt/devkitpro/libctru/lib/libcitro3d.a(texenv.o)
                0x00104dfc                C3D_GetTexEnv
 .text.C3Di_TexEnvBind
                0x00104e30       0x24 /opt/devkitpro/libctru/lib/libcitro3d.a(texenv.o)
                0x00104e30                C3Di_TexEnvBind
 .text.C3D_TexInitWithParams
                0x00104e54      0x290 /opt/devkitpro/libctru/lib/libcitro3d.a(texture.o)
                0x00104e54                C3D_TexInitWithParams
 .text.C3D_TexLoadImage
                0x001050e4       0xc8 /opt/devkitpro/libctru/lib/libcitro3d.a(texture.o)
                0x001050e4                C3D_TexLoadImage
 .text.C3D_TexBind
                0x001051ac       0x44 /opt/devkitpro/libctru/lib/libcitro3d.a(texture.o)
                0x001051ac                C3D_TexBind
 .text.C3D_TexDelete
                0x001051f0       0x74 /opt/devkitpro/libctru/lib/libcitro3d.a(texture.o)
                0x001051f0                C3D_TexDelete
 .text.C3Di_SetTex
                0x00105264      0x14c /opt/devkitpro/libctru/lib/libcitro3d.a(texture.o)
                0x00105264                C3Di_SetTex
 .text.C3D_UpdateUniforms
                0x001053b0      0x290 /opt/devkitpro/libctru/lib/libcitro3d.a(uniforms.o)
                0x001053b0                C3D_UpdateUniforms
 .text.C3Di_DirtyUniforms
                0x00105640       0xc0 /opt/devkitpro/libctru/lib/libcitro3d.a(uniforms.o)
                0x00105640                C3Di_DirtyUniforms
 .text.C3Di_LoadShaderUniforms
                0x00105700       0xd8 /opt/devkitpro/libctru/lib/libcitro3d.a(uniforms.o)
                0x00105700                C3Di_LoadShaderUniforms
 .text.C3Di_ClearShaderUniforms
                0x001057d8       0x28 /opt/devkitpro/libctru/lib/libcitro3d.a(uniforms.o)
                0x001057d8                C3Di_ClearShaderUniforms
 .text.Mtx_Ortho
                0x00105800       0xcc /opt/devkitpro/libctru/lib/libcitro3d.a(mtx_ortho.o)
                0x00105800                Mtx_Ortho
 .text.Mtx_OrthoTilt
                0x001058cc       0xcc /opt/devkitpro/libctru/lib/libcitro3d.a(mtx_orthotilt.o)
                0x001058cc                Mtx_OrthoTilt
 .text._ZL21addrMapNodeComparatorPK11rbtree_nodeS1_
                0x00105998       0x24 /opt/devkitpro/libctru/lib/libctru.a(vram.o)
 .text._ZL21addrMapNodeDestructorP11rbtree_node
                0x001059bc        0x4 /opt/devkitpro/libctru/lib/libctru.a(vram.o)
 .text.vramMemAlignAt
                0x001059c0      0x244 /opt/devkitpro/libctru/lib/libctru.a(vram.o)
                0x001059c0                vramMemAlignAt
 .text.vramAlloc
                0x00105c04        0xc /opt/devkitpro/libctru/lib/libctru.a(vram.o)
                0x00105c04                vramAlloc
 .text.vramAllocAt
                0x00105c10        0xc /opt/devkitpro/libctru/lib/libctru.a(vram.o)
                0x00105c10                vramAllocAt
 .text.vramFree
                0x00105c1c       0x90 /opt/devkitpro/libctru/lib/libctru.a(vram.o)
                0x00105c1c                vramFree
 .text._ZL21addrMapNodeComparatorPK11rbtree_nodeS1_
                0x00105cac       0x24 /opt/devkitpro/libctru/lib/libctru.a(linear.o)
 .text._ZL21addrMapNodeDestructorP11rbtree_node
                0x00105cd0        0x4 /opt/devkitpro/libctru/lib/libctru.a(linear.o)
 .text.linearMemAlign
                0x00105cd4      0x120 /opt/devkitpro/libctru/lib/libctru.a(linear.o)
                0x00105cd4                linearMemAlign
 .text.linearAlloc
                0x00105df4        0x8 /opt/devkitpro/libctru/lib/libctru.a(linear.o)
                0x00105df4                linearAlloc
 .text.linearFree
                0x00105dfc       0x5c /opt/devkitpro/libctru/lib/libctru.a(linear.o)
                0x00105dfc                linearFree
 .text._ZN7MemPool13CoalesceRightEP8MemBlock
                0x00105e58       0x84 /opt/devkitpro/libctru/lib/libctru.a(mem_pool.o)
                0x00105e58                MemPool::CoalesceRight(MemBlock*)
 .text._ZN7MemPool8AllocateER8MemChunkmi
                0x00105edc      0x150 /opt/devkitpro/libctru/lib/libctru.a(mem_pool.o)
                0x00105edc                MemPool::Allocate(MemChunk&, unsigned long, int)
 .text._ZN7MemPool10DeallocateERK8MemChunk
                0x0010602c       0xfc /opt/devkitpro/libctru/lib/libctru.a(mem_pool.o)
                0x0010602c                MemPool::Deallocate(MemChunk const&)
 .text._ZN7MemPool12GetFreeSpaceEv
                0x00106128       0x30 /opt/devkitpro/libctru/lib/libctru.a(mem_pool.o)
                0x00106128                MemPool::GetFreeSpace()
 .text.romfs_close
                0x00106158        0x8 /opt/devkitpro/libctru/lib/libctru.a(romfs_dev.o)
 .text.romfs_seek
                0x00106160       0xc4 /opt/devkitpro/libctru/lib/libctru.a(romfs_dev.o)
 .text.romfs_dirreset
                0x00106224       0x24 /opt/devkitpro/libctru/lib/libctru.a(romfs_dev.o)
 .text.fill_dir
                0x00106248       0xc8 /opt/devkitpro/libctru/lib/libctru.a(romfs_dev.o)
 .text.romfs_dirnext
                0x00106310      0x2a8 /opt/devkitpro/libctru/lib/libctru.a(romfs_dev.o)
 .text.romfs_free
                0x001065b8       0x74 /opt/devkitpro/libctru/lib/libctru.a(romfs_dev.o)
 .text.searchForFile.constprop.0
                0x0010662c       0xd4 /opt/devkitpro/libctru/lib/libctru.a(romfs_dev.o)
 .text.searchForDir.constprop.0
                0x00106700       0xd8 /opt/devkitpro/libctru/lib/libctru.a(romfs_dev.o)
 .text.navigateToDir.constprop.0
                0x001067d8      0x1c0 /opt/devkitpro/libctru/lib/libctru.a(romfs_dev.o)
 .text.romfs_open
                0x00106998      0x10c /opt/devkitpro/libctru/lib/libctru.a(romfs_dev.o)
 .text.romfs_chdir
                0x00106aa4       0x4c /opt/devkitpro/libctru/lib/libctru.a(romfs_dev.o)
 .text.romfs_diropen
                0x00106af0       0x70 /opt/devkitpro/libctru/lib/libctru.a(romfs_dev.o)
 .text.romfs_stat
                0x00106b60      0x174 /opt/devkitpro/libctru/lib/libctru.a(romfs_dev.o)
 .text.romfs_dirclose
                0x00106cd4        0x8 /opt/devkitpro/libctru/lib/libctru.a(romfs_dev.o)
 *fill*         0x00106cdc        0x4 
 .text.romfs_fstat
                0x00106ce0       0x84 /opt/devkitpro/libctru/lib/libctru.a(romfs_dev.o)
 .text.romfs_read
                0x00106d64       0xd0 /opt/devkitpro/libctru/lib/libctru.a(romfs_dev.o)
 .text.romfsMountFromFile
                0x00106e34      0x28c /opt/devkitpro/libctru/lib/libctru.a(romfs_dev.o)
                0x00106e34                romfsMountFromFile
 .text.romfsMountFromCurrentProcess
                0x001070c0       0x98 /opt/devkitpro/libctru/lib/libctru.a(romfs_dev.o)
                0x001070c0                romfsMountFromCurrentProcess
 .text.romfsMountSelf
                0x00107158      0x260 /opt/devkitpro/libctru/lib/libctru.a(romfs_dev.o)
                0x00107158                romfsMountSelf
 .text.romfsUnmount
                0x001073b8       0xa4 /opt/devkitpro/libctru/lib/libctru.a(romfs_dev.o)
                0x001073b8                romfsUnmount
 .text.osConvertVirtToPhys
                0x0010745c       0x74 /opt/devkitpro/libctru/lib/libctru.a(os.o)
                0x0010745c                osConvertVirtToPhys
 .text.osGetTimeRef
                0x001074d0       0x54 /opt/devkitpro/libctru/lib/libctru.a(os.o)
                0x001074d0                osGetTimeRef
 .text.osGetTime
                0x00107524       0xec /opt/devkitpro/libctru/lib/libctru.a(os.o)
                0x00107524                osGetTime
 .text.osTickCounterRead
                0x00107610       0x38 /opt/devkitpro/libctru/lib/libctru.a(os.o)
                0x00107610                osTickCounterRead
 .text.__ctru_speedup_config
                0x00107648       0x34 /opt/devkitpro/libctru/lib/libctru.a(os.o)
                0x00107648                __ctru_speedup_config
 .text.consoleHandleColorEsc
                0x0010767c      0x45c /opt/devkitpro/libctru/lib/libctru.a(console.o)
 .text.consoleColorStateShift
                0x00107ad8       0xb8 /opt/devkitpro/libctru/lib/libctru.a(console.o)
 .text.consoleDrawChar
                0x00107b90      0x1ac /opt/devkitpro/libctru/lib/libctru.a(console.o)
                0x00107b90                consoleDrawChar
 .text.consolePrintChar
                0x00107d3c      0x11c /opt/devkitpro/libctru/lib/libctru.a(console.o)
                0x00107d3c                consolePrintChar
 .text.con_write
                0x00107e58      0x5ec /opt/devkitpro/libctru/lib/libctru.a(console.o)
                0x00107e58                con_write
 .text.newRow   0x00108444      0x124 /opt/devkitpro/libctru/lib/libctru.a(console.o)
 .text.consoleInit
                0x00108568      0x18c /opt/devkitpro/libctru/lib/libctru.a(console.o)
                0x00108568                consoleInit
 .text.gfxPresentFramebuffer
                0x001086f4       0xd0 /opt/devkitpro/libctru/lib/libctru.a(gfx.o)
 .text.gfxIsWide
                0x001087c4       0x1c /opt/devkitpro/libctru/lib/libctru.a(gfx.o)
                0x001087c4                gfxIsWide
 .text.gfxSetScreenFormat
                0x001087e0       0xec /opt/devkitpro/libctru/lib/libctru.a(gfx.o)
                0x001087e0                gfxSetScreenFormat
 .text.gfxSetDoubleBuffering
                0x001088cc       0x10 /opt/devkitpro/libctru/lib/libctru.a(gfx.o)
                0x001088cc                gfxSetDoubleBuffering
 .text.gfxInit  0x001088dc       0xd8 /opt/devkitpro/libctru/lib/libctru.a(gfx.o)
                0x001088dc                gfxInit
 .text.gfxInitDefault
                0x001089b4       0x10 /opt/devkitpro/libctru/lib/libctru.a(gfx.o)
                0x001089b4                gfxInitDefault
 .text.gfxExit  0x001089c4       0xb4 /opt/devkitpro/libctru/lib/libctru.a(gfx.o)
                0x001089c4                gfxExit
 .text.gfxGetFramebuffer
                0x00108a78       0xa0 /opt/devkitpro/libctru/lib/libctru.a(gfx.o)
                0x00108a78                gfxGetFramebuffer
 .text.gfxFlushBuffers
                0x00108b18      0x100 /opt/devkitpro/libctru/lib/libctru.a(gfx.o)
                0x00108b18                gfxFlushBuffers
 .text.gfxScreenSwapBuffers
                0x00108c18       0x30 /opt/devkitpro/libctru/lib/libctru.a(gfx.o)
                0x00108c18                gfxScreenSwapBuffers
 .text.gfxSwapBuffersGpu
                0x00108c48       0x50 /opt/devkitpro/libctru/lib/libctru.a(gfx.o)
                0x00108c48                gfxSwapBuffersGpu
 .text.shaderInstanceInit
                0x00108c98      0x1d0 /opt/devkitpro/libctru/lib/libctru.a(shaderProgram.o)
                0x00108c98                shaderInstanceInit
 .text.shaderInstanceGetUniformLocation
                0x00108e68       0x18 /opt/devkitpro/libctru/lib/libctru.a(shaderProgram.o)
                0x00108e68                shaderInstanceGetUniformLocation
 .text.shaderProgramInit
                0x00108e80       0x1c /opt/devkitpro/libctru/lib/libctru.a(shaderProgram.o)
                0x00108e80                shaderProgramInit
 .text.shaderProgramFree
                0x00108e9c       0x64 /opt/devkitpro/libctru/lib/libctru.a(shaderProgram.o)
                0x00108e9c                shaderProgramFree
 .text.shaderProgramSetVsh
                0x00108f00       0x80 /opt/devkitpro/libctru/lib/libctru.a(shaderProgram.o)
                0x00108f00                shaderProgramSetVsh
 .text.shaderProgramConfigure
                0x00108f80      0x8d0 /opt/devkitpro/libctru/lib/libctru.a(shaderProgram.o)
                0x00108f80                shaderProgramConfigure
 .text.DVLE_GenerateOutmap.part.0
                0x00109850      0x1dc /opt/devkitpro/libctru/lib/libctru.a(shbin.o)
 .text.DVLB_ParseFile
                0x00109a2c      0x1b0 /opt/devkitpro/libctru/lib/libctru.a(shbin.o)
                0x00109a2c                DVLB_ParseFile
 .text.DVLB_Free
                0x00109bdc       0x38 /opt/devkitpro/libctru/lib/libctru.a(shbin.o)
                0x00109bdc                DVLB_Free
 .text.DVLE_GetUniformRegister
                0x00109c14       0x74 /opt/devkitpro/libctru/lib/libctru.a(shbin.o)
                0x00109c14                DVLE_GetUniformRegister
 .text.GX_BindQueue
                0x00109c88       0x10 /opt/devkitpro/libctru/lib/libctru.a(gx.o)
                0x00109c88                GX_BindQueue
 .text.GX_ProcessCommandList
                0x00109c98       0x78 /opt/devkitpro/libctru/lib/libctru.a(gx.o)
                0x00109c98                GX_ProcessCommandList
 .text.GX_MemoryFill
                0x00109d10       0x74 /opt/devkitpro/libctru/lib/libctru.a(gx.o)
                0x00109d10                GX_MemoryFill
 .text.GX_DisplayTransfer
                0x00109d84       0x70 /opt/devkitpro/libctru/lib/libctru.a(gx.o)
                0x00109d84                GX_DisplayTransfer
 .text.GX_TextureCopy
                0x00109df4       0x74 /opt/devkitpro/libctru/lib/libctru.a(gx.o)
                0x00109df4                GX_TextureCopy
 .text.gxCmdQueueDoCommands.part.0
                0x00109e68       0x68 /opt/devkitpro/libctru/lib/libctru.a(gxqueue.o)
 .text.gxCmdQueueInterrupt
                0x00109ed0       0xc8 /opt/devkitpro/libctru/lib/libctru.a(gxqueue.o)
                0x00109ed0                gxCmdQueueInterrupt
 .text.gxCmdQueueClear
                0x00109f98       0x4c /opt/devkitpro/libctru/lib/libctru.a(gxqueue.o)
                0x00109f98                gxCmdQueueClear
 .text.gxCmdQueueAdd
                0x00109fe4       0xf8 /opt/devkitpro/libctru/lib/libctru.a(gxqueue.o)
                0x00109fe4                gxCmdQueueAdd
 .text.gxCmdQueueRun
                0x0010a0dc       0x80 /opt/devkitpro/libctru/lib/libctru.a(gxqueue.o)
                0x0010a0dc                gxCmdQueueRun
 .text.gxCmdQueueStop
                0x0010a15c       0x60 /opt/devkitpro/libctru/lib/libctru.a(gxqueue.o)
                0x0010a15c                gxCmdQueueStop
 .text.gxCmdQueueWait
                0x0010a1bc       0x8c /opt/devkitpro/libctru/lib/libctru.a(gxqueue.o)
                0x0010a1bc                gxCmdQueueWait
 .text.GPUCMD_Add
                0x0010a248      0x13c /opt/devkitpro/libctru/lib/libctru.a(gpu.o)
                0x0010a248                GPUCMD_Add
 .text.GPUCMD_Split
                0x0010a384       0xb0 /opt/devkitpro/libctru/lib/libctru.a(gpu.o)
                0x0010a384                GPUCMD_Split
 .text.f32tof16
                0x0010a434       0x34 /opt/devkitpro/libctru/lib/libctru.a(gpu.o)
                0x0010a434                f32tof16
 .text.f32tof24
                0x0010a468       0x34 /opt/devkitpro/libctru/lib/libctru.a(gpu.o)
                0x0010a468                f32tof24
 .text.f32tof31
                0x0010a49c       0x38 /opt/devkitpro/libctru/lib/libctru.a(gpu.o)
                0x0010a49c                f32tof31
 .text.gspHardwareInit
                0x0010a4d4      0xc70 /opt/devkitpro/libctru/lib/libctru.a(gspgpu.o)
 .text.gspInit  0x0010b144      0x248 /opt/devkitpro/libctru/lib/libctru.a(gspgpu.o)
                0x0010b144                gspInit
 .text.gspExit  0x0010b38c       0xe4 /opt/devkitpro/libctru/lib/libctru.a(gspgpu.o)
                0x0010b38c                gspExit
 .text.gspHasGpuRight
                0x0010b470       0x10 /opt/devkitpro/libctru/lib/libctru.a(gspgpu.o)
                0x0010b470                gspHasGpuRight
 .text.gspPresentBuffer
                0x0010b480       0xa0 /opt/devkitpro/libctru/lib/libctru.a(gspgpu.o)
                0x0010b480                gspPresentBuffer
 .text.gspSetEventCallback
                0x0010b520       0x30 /opt/devkitpro/libctru/lib/libctru.a(gspgpu.o)
                0x0010b520                gspSetEventCallback
 .text.gspWaitForEvent
                0x0010b550       0x44 /opt/devkitpro/libctru/lib/libctru.a(gspgpu.o)
                0x0010b550                gspWaitForEvent
 .text.gspWaitForAnyEvent
                0x0010b594       0x4c /opt/devkitpro/libctru/lib/libctru.a(gspgpu.o)
                0x0010b594                gspWaitForAnyEvent
 .text.gspEventThreadMain
                0x0010b5e0      0x160 /opt/devkitpro/libctru/lib/libctru.a(gspgpu.o)
 .text.gspSubmitGxCommand
                0x0010b740      0x130 /opt/devkitpro/libctru/lib/libctru.a(gspgpu.o)
                0x0010b740                gspSubmitGxCommand
 .text.GSPGPU_FlushDataCache
                0x0010b870       0x50 /opt/devkitpro/libctru/lib/libctru.a(gspgpu.o)
                0x0010b870                GSPGPU_FlushDataCache
 .text.GSPGPU_SetLcdForceBlack
                0x0010b8c0       0x34 /opt/devkitpro/libctru/lib/libctru.a(gspgpu.o)
                0x0010b8c0                GSPGPU_SetLcdForceBlack
 .text.GSPGPU_AcquireRight
                0x0010b8f4       0x68 /opt/devkitpro/libctru/lib/libctru.a(gspgpu.o)
                0x0010b8f4                GSPGPU_AcquireRight
 .text.GSPGPU_ReleaseRight
                0x0010b95c       0x48 /opt/devkitpro/libctru/lib/libctru.a(gspgpu.o)
                0x0010b95c                GSPGPU_ReleaseRight
 .text.GSPGPU_ImportDisplayCaptureInfo
                0x0010b9a4       0x7c /opt/devkitpro/libctru/lib/libctru.a(gspgpu.o)
                0x0010b9a4                GSPGPU_ImportDisplayCaptureInfo
 .text.GSPGPU_SaveVramSysArea
                0x0010ba20       0x2c /opt/devkitpro/libctru/lib/libctru.a(gspgpu.o)
                0x0010ba20                GSPGPU_SaveVramSysArea
 .text.GSPGPU_RestoreVramSysArea
                0x0010ba4c       0x2c /opt/devkitpro/libctru/lib/libctru.a(gspgpu.o)
                0x0010ba4c                GSPGPU_RestoreVramSysArea
 .text.aptConvertScreenForCapture
                0x0010ba78      0x1b0 /opt/devkitpro/libctru/lib/libctru.a(apt.o)
 .text.aptDspSleep
                0x0010bc28        0x8 /opt/devkitpro/libctru/lib/libctru.a(apt.o)
                0x0010bc28                aptDspSleep
 .text.aptDspWakeup
                0x0010bc30        0x4 /opt/devkitpro/libctru/lib/libctru.a(apt.o)
                0x0010bc30                aptDspWakeup
 .text.aptDspCancel
                0x0010bc34        0x4 /opt/devkitpro/libctru/lib/libctru.a(apt.o)
                0x0010bc34                aptDspCancel
 .text.aptSendCommand
                0x0010bc38      0x158 /opt/devkitpro/libctru/lib/libctru.a(apt.o)
                0x0010bc38                aptSendCommand
 .text.aptExitProcess
                0x0010bd90       0x44 /opt/devkitpro/libctru/lib/libctru.a(apt.o)
 .text.aptExit  0x0010bdd4      0x380 /opt/devkitpro/libctru/lib/libctru.a(apt.o)
                0x0010bdd4                aptExit
 .text.aptHandleSleep
                0x0010c154       0xd8 /opt/devkitpro/libctru/lib/libctru.a(apt.o)
                0x0010c154                aptHandleSleep
 .text.aptHook  0x0010c22c       0x30 /opt/devkitpro/libctru/lib/libctru.a(apt.o)
                0x0010c22c                aptHook
 .text.aptUnhook
                0x0010c25c       0x30 /opt/devkitpro/libctru/lib/libctru.a(apt.o)
                0x0010c25c                aptUnhook
 .text.APT_SleepIfShellClosed
                0x0010c28c       0x84 /opt/devkitpro/libctru/lib/libctru.a(apt.o)
                0x0010c28c                APT_SleepIfShellClosed
 .text.aptSetSleepAllowed
                0x0010c310       0x78 /opt/devkitpro/libctru/lib/libctru.a(apt.o)
                0x0010c310                aptSetSleepAllowed
 .text.APT_UnlockTransition
                0x0010c388       0x84 /opt/devkitpro/libctru/lib/libctru.a(apt.o)
                0x0010c388                APT_UnlockTransition
 *fill*         0x0010c40c        0x4 
 .text.aptEventHandler
                0x0010c410      0x478 /opt/devkitpro/libctru/lib/libctru.a(apt.o)
 .text.APT_ReceiveParameter
                0x0010c888       0xb0 /opt/devkitpro/libctru/lib/libctru.a(apt.o)
                0x0010c888                APT_ReceiveParameter
 .text.aptReceiveParameter.constprop.0
                0x0010c938       0xac /opt/devkitpro/libctru/lib/libctru.a(apt.o)
 *fill*         0x0010c9e4        0x4 
 .text.aptScreenTransfer
                0x0010c9e8      0x294 /opt/devkitpro/libctru/lib/libctru.a(apt.o)
 .text.aptWaitForWakeUp.isra.0
                0x0010cc7c      0x2c8 /opt/devkitpro/libctru/lib/libctru.a(apt.o)
 .text.aptJumpToHomeMenu
                0x0010cf44       0xf4 /opt/devkitpro/libctru/lib/libctru.a(apt.o)
                0x0010cf44                aptJumpToHomeMenu
 .text.aptMainLoop
                0x0010d038       0x48 /opt/devkitpro/libctru/lib/libctru.a(apt.o)
                0x0010d038                aptMainLoop
 .text.aptInit  0x0010d080      0x22c /opt/devkitpro/libctru/lib/libctru.a(apt.o)
                0x0010d080                aptInit
 .text.APT_CheckNew3DS
                0x0010d2ac       0x7c /opt/devkitpro/libctru/lib/libctru.a(apt.o)
                0x0010d2ac                APT_CheckNew3DS
 .text.ptmSysmInit
                0x0010d328       0x74 /opt/devkitpro/libctru/lib/libctru.a(ptmsysm.o)
                0x0010d328                ptmSysmInit
 .text.ptmSysmExit
                0x0010d39c       0x3c /opt/devkitpro/libctru/lib/libctru.a(ptmsysm.o)
                0x0010d39c                ptmSysmExit
 .text.PTMSYSM_ConfigureNew3DSCPU
                0x0010d3d8       0x34 /opt/devkitpro/libctru/lib/libctru.a(ptmsysm.o)
                0x0010d3d8                PTMSYSM_ConfigureNew3DSCPU
 .text.fsInit   0x0010d40c       0xd0 /opt/devkitpro/libctru/lib/libctru.a(fs.o)
                0x0010d40c                fsInit
 .text.fsExit   0x0010d4dc       0x3c /opt/devkitpro/libctru/lib/libctru.a(fs.o)
                0x0010d4dc                fsExit
 .text.fsExemptFromSession
                0x0010d518       0x60 /opt/devkitpro/libctru/lib/libctru.a(fs.o)
                0x0010d518                fsExemptFromSession
 .text.fsUnexemptFromSession
                0x0010d578       0x50 /opt/devkitpro/libctru/lib/libctru.a(fs.o)
                0x0010d578                fsUnexemptFromSession
 .text.FSUSER_OpenFile
                0x0010d5c8       0xcc /opt/devkitpro/libctru/lib/libctru.a(fs.o)
                0x0010d5c8                FSUSER_OpenFile
 .text.FSUSER_OpenFileDirectly
                0x0010d694       0xd4 /opt/devkitpro/libctru/lib/libctru.a(fs.o)
                0x0010d694                FSUSER_OpenFileDirectly
 .text.FSUSER_DeleteFile
                0x0010d768       0xbc /opt/devkitpro/libctru/lib/libctru.a(fs.o)
                0x0010d768                FSUSER_DeleteFile
 .text.FSUSER_RenameFile
                0x0010d824       0xf8 /opt/devkitpro/libctru/lib/libctru.a(fs.o)
                0x0010d824                FSUSER_RenameFile
 .text.FSUSER_DeleteDirectory
                0x0010d91c       0xbc /opt/devkitpro/libctru/lib/libctru.a(fs.o)
                0x0010d91c                FSUSER_DeleteDirectory
 .text.FSUSER_CreateFile
                0x0010d9d8       0xd4 /opt/devkitpro/libctru/lib/libctru.a(fs.o)
                0x0010d9d8                FSUSER_CreateFile
 .text.FSUSER_CreateDirectory
                0x0010daac       0xc4 /opt/devkitpro/libctru/lib/libctru.a(fs.o)
                0x0010daac                FSUSER_CreateDirectory
 .text.FSUSER_RenameDirectory
                0x0010db70       0xf8 /opt/devkitpro/libctru/lib/libctru.a(fs.o)
                0x0010db70                FSUSER_RenameDirectory
 .text.FSUSER_OpenDirectory
                0x0010dc68       0xb4 /opt/devkitpro/libctru/lib/libctru.a(fs.o)
                0x0010dc68                FSUSER_OpenDirectory
 .text.FSUSER_OpenArchive
                0x0010dd1c       0x94 /opt/devkitpro/libctru/lib/libctru.a(fs.o)
                0x0010dd1c                FSUSER_OpenArchive
 .text.FSUSER_CloseArchive
                0x0010ddb0       0x8c /opt/devkitpro/libctru/lib/libctru.a(fs.o)
                0x0010ddb0                FSUSER_CloseArchive
 .text.FSUSER_GetSdmcArchiveResource
                0x0010de3c       0x74 /opt/devkitpro/libctru/lib/libctru.a(fs.o)
                0x0010de3c                FSUSER_GetSdmcArchiveResource
 .text.FSUSER_IsSdmcWritable
                0x0010deb0       0x64 /opt/devkitpro/libctru/lib/libctru.a(fs.o)
                0x0010deb0                FSUSER_IsSdmcWritable
 .text.FSFILE_Read
                0x0010df14       0x58 /opt/devkitpro/libctru/lib/libctru.a(fs.o)
                0x0010df14                FSFILE_Read
 .text.FSFILE_Write
                0x0010df6c       0x60 /opt/devkitpro/libctru/lib/libctru.a(fs.o)
                0x0010df6c                FSFILE_Write
 .text.FSFILE_GetSize
                0x0010dfcc       0x38 /opt/devkitpro/libctru/lib/libctru.a(fs.o)
                0x0010dfcc                FSFILE_GetSize
 .text.FSFILE_SetSize
                0x0010e004       0x28 /opt/devkitpro/libctru/lib/libctru.a(fs.o)
                0x0010e004                FSFILE_SetSize
 .text.FSFILE_Close
                0x0010e02c       0x3c /opt/devkitpro/libctru/lib/libctru.a(fs.o)
                0x0010e02c                FSFILE_Close
 .text.FSFILE_Flush
                0x0010e068       0x24 /opt/devkitpro/libctru/lib/libctru.a(fs.o)
                0x0010e068                FSFILE_Flush
 .text.FSDIR_Read
                0x0010e08c       0x50 /opt/devkitpro/libctru/lib/libctru.a(fs.o)
                0x0010e08c                FSDIR_Read
 .text.FSDIR_Close
                0x0010e0dc       0x3c /opt/devkitpro/libctru/lib/libctru.a(fs.o)
                0x0010e0dc                FSDIR_Close
 .text.buffer_read
                0x0010e118       0xe0 /opt/devkitpro/libctru/lib/libctru.a(decompress.o)
 .text.iov_read
                0x0010e1f8       0xcc /opt/devkitpro/libctru/lib/libctru.a(decompress.o)
 .text.iov_memmove
                0x0010e2c4      0x148 /opt/devkitpro/libctru/lib/libctru.a(decompress.o)
 .text.decompress_rle
                0x0010e40c      0x1dc /opt/devkitpro/libctru/lib/libctru.a(decompress.o)
 .text.decompress_lzss
                0x0010e5e8      0x26c /opt/devkitpro/libctru/lib/libctru.a(decompress.o)
 .text.decompress_lz11
                0x0010e854      0x42c /opt/devkitpro/libctru/lib/libctru.a(decompress.o)
 .text.decompress_huff
                0x0010ec80      0x36c /opt/devkitpro/libctru/lib/libctru.a(decompress.o)
 .text.decompressCallback_Stdio
                0x0010efec       0x10 /opt/devkitpro/libctru/lib/libctru.a(decompress.o)
                0x0010efec                decompressCallback_Stdio
 .text.decompressHeader
                0x0010effc       0xe4 /opt/devkitpro/libctru/lib/libctru.a(decompress.o)
                0x0010effc                decompressHeader
 .text.decompressV
                0x0010f0e0      0x200 /opt/devkitpro/libctru/lib/libctru.a(decompress.o)
                0x0010f0e0                decompressV
 .text.rbtree_init
                0x0010f2e0       0x10 /opt/devkitpro/libctru/lib/libctru.a(rbtree_init.o)
                0x0010f2e0                rbtree_init
 .text.do_insert
                0x0010f2f0      0x19c /opt/devkitpro/libctru/lib/libctru.a(rbtree_insert.o)
 .text.rbtree_insert
                0x0010f48c        0x8 /opt/devkitpro/libctru/lib/libctru.a(rbtree_insert.o)
                0x0010f48c                rbtree_insert
 .text.rbtree_rotate
                0x0010f494       0x90 /opt/devkitpro/libctru/lib/libctru.a(rbtree_rotate.o)
                0x0010f494                rbtree_rotate
 .text.rbtree_remove
                0x0010f524      0x310 /opt/devkitpro/libctru/lib/libctru.a(rbtree_remove.o)
                0x0010f524                rbtree_remove
 .text.rbtree_find
                0x0010f834       0x74 /opt/devkitpro/libctru/lib/libctru.a(rbtree_find.o)
                0x0010f834                rbtree_find
 .text.utf16_to_utf8
                0x0010f8a8       0xe8 /opt/devkitpro/libctru/lib/libctru.a(utf16_to_utf8.o)
                0x0010f8a8                utf16_to_utf8
 .text.decode_utf16
                0x0010f990       0x64 /opt/devkitpro/libctru/lib/libctru.a(decode_utf16.o)
                0x0010f990                decode_utf16
 .text.utf8_to_utf16
                0x0010f9f4       0xc0 /opt/devkitpro/libctru/lib/libctru.a(utf8_to_utf16.o)
                0x0010f9f4                utf8_to_utf16
 *fill*         0x0010fab4        0x4 
 .text.__system_allocateHeaps
                0x0010fab8      0x1e0 /opt/devkitpro/libctru/lib/libctru.a(allocateHeaps.o)
                0x0010fab8                __system_allocateHeaps
 .text.__libctru_init
                0x0010fc98       0x38 /opt/devkitpro/libctru/lib/libctru.a(ctru_init.o)
                0x0010fc98                __libctru_init
 .text.__system_initArgv
                0x0010fcd0      0x160 /opt/devkitpro/libctru/lib/libctru.a(initArgv.o)
                0x0010fcd0                __system_initArgv
 .text.svcControlMemory
                0x0010fe30       0x20 /opt/devkitpro/libctru/lib/libctru.a(svc.o)
                0x0010fe30                svcControlMemory
 .text.svcQueryMemory
                0x0010fe50       0x30 /opt/devkitpro/libctru/lib/libctru.a(svc.o)
                0x0010fe50                svcQueryMemory
 .text.svcExitProcess
                0x0010fe80        0x8 /opt/devkitpro/libctru/lib/libctru.a(svc.o)
                0x0010fe80                svcExitProcess
 .text.svcCreateThread
                0x0010fe88       0x20 /opt/devkitpro/libctru/lib/libctru.a(svc.o)
                0x0010fe88                svcCreateThread
 .text.svcExitThread
                0x0010fea8        0x8 /opt/devkitpro/libctru/lib/libctru.a(svc.o)
                0x0010fea8                svcExitThread
 .text.svcSleepThread
                0x0010feb0        0x8 /opt/devkitpro/libctru/lib/libctru.a(svc.o)
                0x0010feb0                svcSleepThread
 .text.svcReleaseMutex
                0x0010feb8        0x8 /opt/devkitpro/libctru/lib/libctru.a(svc.o)
                0x0010feb8                svcReleaseMutex
 .text.svcCreateEvent
                0x0010fec0       0x14 /opt/devkitpro/libctru/lib/libctru.a(svc.o)
                0x0010fec0                svcCreateEvent
 .text.svcSignalEvent
                0x0010fed4        0x8 /opt/devkitpro/libctru/lib/libctru.a(svc.o)
                0x0010fed4                svcSignalEvent
 .text.svcClearEvent
                0x0010fedc        0x8 /opt/devkitpro/libctru/lib/libctru.a(svc.o)
                0x0010fedc                svcClearEvent
 .text.svcMapMemoryBlock
                0x0010fee4        0x8 /opt/devkitpro/libctru/lib/libctru.a(svc.o)
                0x0010fee4                svcMapMemoryBlock
 .text.svcUnmapMemoryBlock
                0x0010feec        0x8 /opt/devkitpro/libctru/lib/libctru.a(svc.o)
                0x0010feec                svcUnmapMemoryBlock
 .text.svcCreateAddressArbiter
                0x0010fef4       0x14 /opt/devkitpro/libctru/lib/libctru.a(svc.o)
                0x0010fef4                svcCreateAddressArbiter
 .text.svcArbitrateAddressNoTimeout
                0x0010ff08        0x8 /opt/devkitpro/libctru/lib/libctru.a(svc.o)
                0x0010ff08                svcArbitrateAddressNoTimeout
 .text.svcCloseHandle
                0x0010ff10        0x8 /opt/devkitpro/libctru/lib/libctru.a(svc.o)
                0x0010ff10                svcCloseHandle
 .text.svcWaitSynchronization
                0x0010ff18        0x8 /opt/devkitpro/libctru/lib/libctru.a(svc.o)
                0x0010ff18                svcWaitSynchronization
 .text.svcWaitSynchronizationN
                0x0010ff20       0x28 /opt/devkitpro/libctru/lib/libctru.a(svc.o)
                0x0010ff20                svcWaitSynchronizationN
 .text.svcDuplicateHandle
                0x0010ff48       0x14 /opt/devkitpro/libctru/lib/libctru.a(svc.o)
                0x0010ff48                svcDuplicateHandle
 .text.svcGetSystemTick
                0x0010ff5c        0x8 /opt/devkitpro/libctru/lib/libctru.a(svc.o)
                0x0010ff5c                svcGetSystemTick
 .text.svcConnectToPort
                0x0010ff64       0x14 /opt/devkitpro/libctru/lib/libctru.a(svc.o)
                0x0010ff64                svcConnectToPort
 .text.svcSendSyncRequest
                0x0010ff78        0x8 /opt/devkitpro/libctru/lib/libctru.a(svc.o)
                0x0010ff78                svcSendSyncRequest
 .text.svcGetResourceLimit
                0x0010ff80       0x14 /opt/devkitpro/libctru/lib/libctru.a(svc.o)
                0x0010ff80                svcGetResourceLimit
 .text.svcGetResourceLimitLimitValues
                0x0010ff94        0x8 /opt/devkitpro/libctru/lib/libctru.a(svc.o)
                0x0010ff94                svcGetResourceLimitLimitValues
 .text.svcGetResourceLimitCurrentValues
                0x0010ff9c        0x8 /opt/devkitpro/libctru/lib/libctru.a(svc.o)
                0x0010ff9c                svcGetResourceLimitCurrentValues
 .text.svcBreak
                0x0010ffa4        0x8 /opt/devkitpro/libctru/lib/libctru.a(svc.o)
                0x0010ffa4                svcBreak
 .text.initSystem
                0x0010ffac       0x50 /opt/devkitpro/libctru/lib/libctru.a(stack_adjust.o)
                0x0010ffac                initSystem
 .text.__ctru_exit
                0x0010fffc       0x14 /opt/devkitpro/libctru/lib/libctru.a(stack_adjust.o)
                0x0010fffc                __ctru_exit
 .text.__aeabi_read_tp
                0x00110010        0xc /opt/devkitpro/libctru/lib/libctru.a(readtp.o)
                0x00110010                __aeabi_read_tp
 .text.__sync_init
                0x0011001c        0xc /opt/devkitpro/libctru/lib/libctru.a(synchronization.o)
                0x0011001c                __sync_init
 .text.__sync_fini
                0x00110028       0x18 /opt/devkitpro/libctru/lib/libctru.a(synchronization.o)
                0x00110028                __sync_fini
 .text.syncArbitrateAddress
                0x00110040       0x2c /opt/devkitpro/libctru/lib/libctru.a(synchronization.o)
                0x00110040                syncArbitrateAddress
 .text.LightLock_Lock
                0x0011006c       0xb0 /opt/devkitpro/libctru/lib/libctru.a(synchronization.o)
                0x0011006c                LightLock_Lock
 .text.LightLock_Unlock
                0x0011011c       0x40 /opt/devkitpro/libctru/lib/libctru.a(synchronization.o)
                0x0011011c                LightLock_Unlock
 .text.RecursiveLock_Lock
                0x0011015c       0x30 /opt/devkitpro/libctru/lib/libctru.a(synchronization.o)
                0x0011015c                RecursiveLock_Lock
 .text.RecursiveLock_Unlock
                0x0011018c       0x54 /opt/devkitpro/libctru/lib/libctru.a(synchronization.o)
                0x0011018c                RecursiveLock_Unlock
 .text.LightEvent_Init
                0x001101e0       0x40 /opt/devkitpro/libctru/lib/libctru.a(synchronization.o)
                0x001101e0                LightEvent_Init
 .text.LightEvent_Clear
                0x00110220       0xa4 /opt/devkitpro/libctru/lib/libctru.a(synchronization.o)
                0x00110220                LightEvent_Clear
 .text.LightEvent_Signal
                0x001102c4       0xc8 /opt/devkitpro/libctru/lib/libctru.a(synchronization.o)
                0x001102c4                LightEvent_Signal
 .text.LightEvent_TryWait
                0x0011038c       0x50 /opt/devkitpro/libctru/lib/libctru.a(synchronization.o)
                0x0011038c                LightEvent_TryWait
 .text.LightEvent_Wait
                0x001103dc       0xa0 /opt/devkitpro/libctru/lib/libctru.a(synchronization.o)
                0x001103dc                LightEvent_Wait
 .text.envGetHandle
                0x0011047c       0x84 /opt/devkitpro/libctru/lib/libctru.a(env.o)
                0x0011047c                envGetHandle
 .text.envDestroyHandles
                0x00110500       0x50 /opt/devkitpro/libctru/lib/libctru.a(env.o)
                0x00110500                envDestroyHandles
 .text.srvInit  0x00110550      0x12c /opt/devkitpro/libctru/lib/libctru.a(srv.o)
                0x00110550                srvInit
 .text.srvExit  0x0011067c       0x58 /opt/devkitpro/libctru/lib/libctru.a(srv.o)
                0x0011067c                srvExit
 .text.srvEnableNotification
                0x001106d4       0x60 /opt/devkitpro/libctru/lib/libctru.a(srv.o)
                0x001106d4                srvEnableNotification
 .text.srvGetServiceHandleDirect
                0x00110734       0xa0 /opt/devkitpro/libctru/lib/libctru.a(srv.o)
                0x00110734                srvGetServiceHandleDirect
 .text.srvGetServiceHandle
                0x001107d4       0x38 /opt/devkitpro/libctru/lib/libctru.a(srv.o)
                0x001107d4                srvGetServiceHandle
 .text.srvSubscribe
                0x0011080c       0x34 /opt/devkitpro/libctru/lib/libctru.a(srv.o)
                0x0011080c                srvSubscribe
 .text.srvReceiveNotification
                0x00110840       0x60 /opt/devkitpro/libctru/lib/libctru.a(srv.o)
                0x00110840                srvReceiveNotification
 .text.srvPublishToSubscriber
                0x001108a0       0x38 /opt/devkitpro/libctru/lib/libctru.a(srv.o)
                0x001108a0                srvPublishToSubscriber
 .text.threadCreate
                0x001108d8      0x1d4 /opt/devkitpro/libctru/lib/libctru.a(thread.o)
                0x001108d8                threadCreate
 .text.threadFree
                0x00110aac       0x2c /opt/devkitpro/libctru/lib/libctru.a(thread.o)
                0x00110aac                threadFree
 .text.threadJoin
                0x00110ad8       0x24 /opt/devkitpro/libctru/lib/libctru.a(thread.o)
                0x00110ad8                threadJoin
 .text.threadGetCurrent
                0x00110afc       0x30 /opt/devkitpro/libctru/lib/libctru.a(thread.o)
                0x00110afc                threadGetCurrent
 .text.threadExit
                0x00110b2c       0x40 /opt/devkitpro/libctru/lib/libctru.a(thread.o)
                0x00110b2c                threadExit
 .text._thread_begin
                0x00110b6c       0x20 /opt/devkitpro/libctru/lib/libctru.a(thread.o)
 .text.mappableFindAddressWithin
                0x00110b8c       0x90 /opt/devkitpro/libctru/lib/libctru.a(mappable.o)
 .text.mappableInit
                0x00110c1c       0x28 /opt/devkitpro/libctru/lib/libctru.a(mappable.o)
                0x00110c1c                mappableInit
 .text.mappableAlloc
                0x00110c44       0x80 /opt/devkitpro/libctru/lib/libctru.a(mappable.o)
                0x00110c44                mappableAlloc
 .text.mappableFree
                0x00110cc4        0x4 /opt/devkitpro/libctru/lib/libctru.a(mappable.o)
                0x00110cc4                mappableFree
 .text.srvPmGetSessionHandle
                0x00110cc8        0xc /opt/devkitpro/libctru/lib/libctru.a(srvpm.o)
                0x00110cc8                srvPmGetSessionHandle
 .text.rbtree_node_next
                0x00110cd4       0x5c /opt/devkitpro/libctru/lib/libctru.a(rbtree_iterator.o)
                0x00110cd4                rbtree_node_next
 .text.encode_utf16
                0x00110d30       0x54 /opt/devkitpro/libctru/lib/libctru.a(encode_utf16.o)
                0x00110d30                encode_utf16
 .text.encode_utf8
                0x00110d84       0xe0 /opt/devkitpro/libctru/lib/libctru.a(encode_utf8.o)
                0x00110d84                encode_utf8
 .text.decode_utf8
                0x00110e64      0x13c /opt/devkitpro/libctru/lib/libctru.a(decode_utf8.o)
                0x00110e64                decode_utf8
 .text.__appInit
                0x00110fa0       0x30 /opt/devkitpro/libctru/lib/libctru.a(appInit.o)
                0x00110fa0                __appInit
 .text.__syscall_getreent
                0x00110fd0       0x30 /opt/devkitpro/libctru/lib/libctru.a(syscalls.o)
                0x00110fd0                __syscall_getreent
 .text.__syscall_gettod_r
                0x00111000       0x64 /opt/devkitpro/libctru/lib/libctru.a(syscalls.o)
                0x00111000                __syscall_gettod_r
 .text.__syscall_lock_acquire
                0x00111064        0x4 /opt/devkitpro/libctru/lib/libctru.a(syscalls.o)
                0x00111064                __syscall_lock_acquire
 .text.__syscall_lock_release
                0x00111068        0x4 /opt/devkitpro/libctru/lib/libctru.a(syscalls.o)
                0x00111068                __syscall_lock_release
 .text.__syscall_lock_acquire_recursive
                0x0011106c        0x4 /opt/devkitpro/libctru/lib/libctru.a(syscalls.o)
                0x0011106c                __syscall_lock_acquire_recursive
 .text.__syscall_lock_release_recursive
                0x00111070        0x4 /opt/devkitpro/libctru/lib/libctru.a(syscalls.o)
                0x00111070                __syscall_lock_release_recursive
 .text.__syscall_exit
                0x00111074        0x4 /opt/devkitpro/libctru/lib/libctru.a(syscalls.o)
                0x00111074                __syscall_exit
 .text.initThreadVars
                0x00111078       0x50 /opt/devkitpro/libctru/lib/libctru.a(syscalls.o)
                0x00111078                initThreadVars
 .text.__system_initSyscalls
                0x001110c8       0x80 /opt/devkitpro/libctru/lib/libctru.a(syscalls.o)
                0x001110c8                __system_initSyscalls
 .text.__appExit
                0x00111148       0x30 /opt/devkitpro/libctru/lib/libctru.a(appExit.o)
                0x00111148                __appExit
 .text.__libctru_exit
                0x00111178       0x90 /opt/devkitpro/libctru/lib/libctru.a(ctru_exit.o)
                0x00111178                __libctru_exit
 .text.archive_link
                0x00111208       0x14 /opt/devkitpro/libctru/lib/libctru.a(archive_dev.o)
 .text.archive_dirreset
                0x0011121c       0x14 /opt/devkitpro/libctru/lib/libctru.a(archive_dev.o)
 .text.archive_chmod
                0x00111230       0x14 /opt/devkitpro/libctru/lib/libctru.a(archive_dev.o)
 .text.error_cmp
                0x00111244       0x24 /opt/devkitpro/libctru/lib/libctru.a(archive_dev.o)
 .text.archive_translate_error
                0x00111268       0x50 /opt/devkitpro/libctru/lib/libctru.a(archive_dev.o)
 .text.archive_seek
                0x001112b8       0xc4 /opt/devkitpro/libctru/lib/libctru.a(archive_dev.o)
 .text._archiveInit.part.0
                0x0011137c       0x78 /opt/devkitpro/libctru/lib/libctru.a(archive_dev.o)
 .text.archiveFindDevice.part.0
                0x001113f4       0xc4 /opt/devkitpro/libctru/lib/libctru.a(archive_dev.o)
 .text.archive_utf16path
                0x001114b8      0x290 /opt/devkitpro/libctru/lib/libctru.a(archive_dev.o)
 .text._archiveUnmountDeviceStruct.part.0
                0x00111748       0x9c /opt/devkitpro/libctru/lib/libctru.a(archive_dev.o)
 .text.archive_statvfs
                0x001117e4       0x14 /opt/devkitpro/libctru/lib/libctru.a(archive_dev.o)
 .text.archive_fchmod
                0x001117f8       0x14 /opt/devkitpro/libctru/lib/libctru.a(archive_dev.o)
 .text._archiveMountDevice
                0x0011180c      0x168 /opt/devkitpro/libctru/lib/libctru.a(archive_dev.o)
 .text.archive_diropen
                0x00111974       0xe8 /opt/devkitpro/libctru/lib/libctru.a(archive_dev.o)
 .text.archive_fstat
                0x00111a5c       0xa4 /opt/devkitpro/libctru/lib/libctru.a(archive_dev.o)
 .text.archive_fsync
                0x00111b00       0x6c /opt/devkitpro/libctru/lib/libctru.a(archive_dev.o)
 .text.archive_close
                0x00111b6c       0x6c /opt/devkitpro/libctru/lib/libctru.a(archive_dev.o)
 .text.archive_dirclose
                0x00111bd8       0x70 /opt/devkitpro/libctru/lib/libctru.a(archive_dev.o)
 .text.sdmc_statvfs
                0x00111c48       0xe4 /opt/devkitpro/libctru/lib/libctru.a(archive_dev.o)
 .text.archive_chdir
                0x00111d2c       0xec /opt/devkitpro/libctru/lib/libctru.a(archive_dev.o)
 .text.archive_ftruncate
                0x00111e18       0x7c /opt/devkitpro/libctru/lib/libctru.a(archive_dev.o)
 .text.archive_read
                0x00111e94       0xac /opt/devkitpro/libctru/lib/libctru.a(archive_dev.o)
 .text.archive_unlink
                0x00111f40       0xa4 /opt/devkitpro/libctru/lib/libctru.a(archive_dev.o)
 .text.archive_rmdir
                0x00111fe4       0xbc /opt/devkitpro/libctru/lib/libctru.a(archive_dev.o)
 .text.archive_mkdir
                0x001120a0       0xdc /opt/devkitpro/libctru/lib/libctru.a(archive_dev.o)
 .text.archive_stat
                0x0011217c      0x194 /opt/devkitpro/libctru/lib/libctru.a(archive_dev.o)
 .text.archive_dirnext
                0x00112310      0x15c /opt/devkitpro/libctru/lib/libctru.a(archive_dev.o)
 .text.archive_write
                0x0011246c      0x124 /opt/devkitpro/libctru/lib/libctru.a(archive_dev.o)
 .text.archive_open
                0x00112590      0x210 /opt/devkitpro/libctru/lib/libctru.a(archive_dev.o)
 .text.archive_rename
                0x001127a0      0x268 /opt/devkitpro/libctru/lib/libctru.a(archive_dev.o)
 .text.archiveMountSdmc
                0x00112a08      0x19c /opt/devkitpro/libctru/lib/libctru.a(archive_dev.o)
                0x00112a08                archiveMountSdmc
 .text.archiveUnmountAll
                0x00112ba4       0x54 /opt/devkitpro/libctru/lib/libctru.a(archive_dev.o)
                0x00112ba4                archiveUnmountAll
 .text.hidShouldUseIrrst
                0x00112bf8       0x24 /opt/devkitpro/libctru/lib/libctru.a(hid.o)
                0x00112bf8                hidShouldUseIrrst
 .text.hidInit  0x00112c1c      0x18c /opt/devkitpro/libctru/lib/libctru.a(hid.o)
                0x00112c1c                hidInit
 .text.hidExit  0x00112da8       0xe8 /opt/devkitpro/libctru/lib/libctru.a(hid.o)
                0x00112da8                hidExit
 .text.irrstInit
                0x00112e90      0x160 /opt/devkitpro/libctru/lib/libctru.a(irrst.o)
                0x00112e90                irrstInit
 .text.irrstExit
                0x00112ff0       0xcc /opt/devkitpro/libctru/lib/libctru.a(irrst.o)
                0x00112ff0                irrstExit
 *fill*         0x001130bc        0x4 
 .text.sinf     0x001130c0      0x25c /opt/devkitpro/devkitARM/bin/../lib/gcc/arm-none-eabi/14.2.0/../../../../arm-none-eabi/lib/armv6k/fpu/libm.a(libm_a-sinf.o)
                0x001130c0                sinf
 .text.with_errnof
                0x0011331c       0x24 /opt/devkitpro/devkitARM/bin/../lib/gcc/arm-none-eabi/14.2.0/../../../../arm-none-eabi/lib/armv6k/fpu/libm.a(libm_a-math_errf.o)
 .text.__math_invalidf
                0x00113340       0x1c /opt/devkitpro/devkitARM/bin/../lib/gcc/arm-none-eabi/14.2.0/../../../../arm-none-eabi/lib/armv6k/fpu/libm.a(libm_a-math_errf.o)
                0x00113340                __math_invalidf
 *fill*         0x0011335c        0x4 
 .text.cosf     0x00113360      0x21c /opt/devkitpro/devkitARM/bin/../lib/gcc/arm-none-eabi/14.2.0/../../../../arm-none-eabi/lib/armv6k/fpu/libm.a(libm_a-cosf.o)
                0x00113360                cosf
 .text.__udivmoddi4
                0x0011357c      0x120 /opt/devkitpro/devkitARM/bin/../lib/gcc/arm-none-eabi/14.2.0/armv6k/fpu/libgcc.a(_udivmoddi4.o)
                0x0011357c                __udivmoddi4
 .text.strncmp  0x0011369c       0xd8 /opt/devkitpro/devkitARM/bin/../lib/gcc/arm-none-eabi/14.2.0/../../../../arm-none-eabi/lib/armv6k/fpu/libg.a(libc_a-strncmp.o)
                0x0011369c                strncmp
 .text.strchr   0x00113774      0x130 /opt/devkitpro/devkitARM/bin/../lib/gcc/arm-none-eabi/14.2.0/../../../../arm-none-eabi/lib/armv6k/fpu/libg.a(libc_a-strchr.o)
                0x00113774                strchr
 .text.srand    0x001138a4       0x1c /opt/devkitpro/devkitARM/bin/../lib/gcc/arm-none-eabi/14.2.0/../../../../arm-none-eabi/lib/armv6k/fpu/libg.a(libc_a-rand.o)
                0x001138a4                srand
 .text.strlen   0x001138c0       0x5c /opt/devkitpro/devkitARM/bin/../lib/gcc/arm-none-eabi/14.2.0/../../../../arm-none-eabi/lib/armv6k/fpu/libg.a(libc_a-strlen-stub.o)
                0x001138c0                strlen
 .text.memcmp   0x0011391c       0xd4 /opt/devkitpro/devkitARM/bin/../lib/gcc/arm-none-eabi/14.2.0/../../../../arm-none-eabi/lib/armv6k/fpu/libg.a(libc_a-memcmp.o)
                0x0011391c                memcmp
 .text._strtoul_l.isra.0
                0x001139f0      0x1e4 /opt/devkitpro/devkitARM/bin/../lib/gcc/arm-none-eabi/14.2.0/../../../../arm-none-eabi/lib/armv6k/fpu/libg.a(libc_a-strtoul.o)
 .text.strtoul  0x00113bd4       0x34 /opt/devkitpro/devkitARM/bin/../lib/gcc/arm-none-eabi/14.2.0/../../../../arm-none-eabi/lib/armv6k/fpu/libg.a(libc_a-strtoul.o)
                0x00113bd4                strtoul
 .text.strncat  0x00113c08       0xe4 /opt/devkitpro/devkitARM/bin/../lib/gcc/arm-none-eabi/14.2.0/../../../../arm-none-eabi/lib/armv6k/fpu/libg.a(libc_a-strncat.o)
                0x00113c08                strncat
 .text.bsearch  0x00113cec       0x78 /opt/devkitpro/devkitARM/bin/../lib/gcc/arm-none-eabi/14.2.0/../../../../arm-none-eabi/lib/armv6k/fpu/libg.a(libc_a-bsearch.o)
                0x00113cec                bsearch
 .text._fread_r
                0x00113d64      0x344 /opt/devkitpro/devkitARM/bin/../lib/gcc/arm-none-eabi/14.2.0/../../../../arm-none-eabi/lib/armv6k/fpu/libg.a(libc_a-fread.o)
                0x00113d64                _fread_r
 .text.fread    0x001140a8       0x38 /opt/devkitpro/devkitARM/bin/../lib/gcc/arm-none-eabi/14.2.0/../../../../arm-none-eabi/lib/armv6k/fpu/libg.a(libc_a-fread.o)
                0x001140a8                fread
 .text.calloc   0x001140e0       0x20 /opt/devkitpro/devkitARM/bin/../lib/gcc/arm-none-eabi/14.2.0/../../../../arm-none-eabi/lib/armv6k/fpu/libg.a(libc_a-calloc.o)
                0x001140e0                calloc
 .text.lflush   0x00114100       0x38 /opt/devkitpro/devkitARM/bin/../lib/gcc/arm-none-eabi/14.2.0/../../../../arm-none-eabi/lib/armv6k/fpu/libg.a(libc_a-refill.o)
 .text.__srefill_r
                0x00114138      0x19c /opt/devkitpro/devkitARM/bin/../lib/gcc/arm-none-eabi/14.2.0/../../../../arm-none-eabi/lib/armv6k/fpu/libg.a(libc_a-refill.o)
                0x00114138                __srefill_r
 .text._fclose_r
                0x001142d4      0x148 /opt/devkitpro/devkitARM/bin/../lib/gcc/arm-none-eabi/14.2.0/../../../../arm-none-eabi/lib/armv6k/fpu/libg.a(libc_a-fclose.o)
                0x001142d4                _fclose_r
 .text.fclose   0x0011441c       0x18 /opt/devkitpro/devkitARM/bin/../lib/gcc/arm-none-eabi/14.2.0/../../../../arm-none-eabi/lib/armv6k/fpu/libg.a(libc_a-fclose.o)
                0x0011441c                fclose
 .text._calloc_r
                0x00114434       0xc0 /opt/devkitpro/devkitARM/bin/../lib/gcc/arm-none-eabi/14.2.0/../../../../arm-none-eabi/lib/armv6k/fpu/libg.a(libc_a-callocr.o)
                0x00114434                _calloc_r
 .text.__smakebuf_r
                0x001144f4      0x144 /opt/devkitpro/devkitARM/bin/../lib/gcc/arm-none-eabi/14.2.0/../../../../arm-none-eabi/lib/armv6k/fpu/libg.a(libc_a-makebuf.o)
                0x001144f4                __smakebuf_r
 .text.__swhatbuf_r
                0x00114638       0x8c /opt/devkitpro/devkitARM/bin/../lib/gcc/arm-none-eabi/14.2.0/../../../../arm-none-eabi/lib/armv6k/fpu/libg.a(libc_a-makebuf.o)
                0x00114638                __swhatbuf_r
 .text.memalign
                0x001146c4       0x20 /opt/devkitpro/devkitARM/bin/../lib/gcc/arm-none-eabi/14.2.0/../../../../arm-none-eabi/lib/armv6k/fpu/libg.a(libc_a-malign.o)
                0x001146c4                memalign
 .text.stdio_exit_handler
                0x001146e4       0x1c /opt/devkitpro/devkitARM/bin/../lib/gcc/arm-none-eabi/14.2.0/../../../../arm-none-eabi/lib/armv6k/fpu/libg.a(libc_a-findfp.o)
 .text.cleanup_stdio
                0x00114700       0x5c /opt/devkitpro/devkitARM/bin/../lib/gcc/arm-none-eabi/14.2.0/../../../../arm-none-eabi/lib/armv6k/fpu/libg.a(libc_a-findfp.o)
 .text.global_stdio_init.part.0
                0x0011475c      0x154 /opt/devkitpro/devkitARM/bin/../lib/gcc/arm-none-eabi/14.2.0/../../../../arm-none-eabi/lib/armv6k/fpu/libg.a(libc_a-findfp.o)
 .text.__sfp    0x001148b0      0x134 /opt/devkitpro/devkitARM/bin/../lib/gcc/arm-none-eabi/14.2.0/../../../../arm-none-eabi/lib/armv6k/fpu/libg.a(libc_a-findfp.o)
                0x001148b0                __sfp
 .text.__sinit  0x001149e4       0x5c /opt/devkitpro/devkitARM/bin/../lib/gcc/arm-none-eabi/14.2.0/../../../../arm-none-eabi/lib/armv6k/fpu/libg.a(libc_a-findfp.o)
                0x001149e4                __sinit
 .text.__sfp_lock_acquire
                0x00114a40        0xc /opt/devkitpro/devkitARM/bin/../lib/gcc/arm-none-eabi/14.2.0/../../../../arm-none-eabi/lib/armv6k/fpu/libg.a(libc_a-findfp.o)
                0x00114a40                __sfp_lock_acquire
 .text.__sfp_lock_release
                0x00114a4c        0xc /opt/devkitpro/devkitARM/bin/../lib/gcc/arm-none-eabi/14.2.0/../../../../arm-none-eabi/lib/armv6k/fpu/libg.a(libc_a-findfp.o)
                0x00114a4c                __sfp_lock_release
 .text._malloc_r
                0x00114a58      0x7e8 /opt/devkitpro/devkitARM/bin/../lib/gcc/arm-none-eabi/14.2.0/../../../../arm-none-eabi/lib/armv6k/fpu/libg.a(libc_a-mallocr.o)
                0x00114a58                _malloc_r
 .text._malloc_trim_r
                0x00115240       0xf8 /opt/devkitpro/devkitARM/bin/../lib/gcc/arm-none-eabi/14.2.0/../../../../arm-none-eabi/lib/armv6k/fpu/libg.a(libc_a-freer.o)
                0x00115240                _malloc_trim_r
 .text._free_r  0x00115338      0x300 /opt/devkitpro/devkitARM/bin/../lib/gcc/arm-none-eabi/14.2.0/../../../../arm-none-eabi/lib/armv6k/fpu/libg.a(libc_a-freer.o)
                0x00115338                _free_r
 .text.setvbuf  0x00115638      0x294 /opt/devkitpro/devkitARM/bin/../lib/gcc/arm-none-eabi/14.2.0/../../../../arm-none-eabi/lib/armv6k/fpu/libg.a(libc_a-setvbuf.o)
                0x00115638                setvbuf
 .text.strnlen  0x001158cc       0x4c /opt/devkitpro/devkitARM/bin/../lib/gcc/arm-none-eabi/14.2.0/../../../../arm-none-eabi/lib/armv6k/fpu/libg.a(libc_a-strnlen.o)
                0x001158cc                strnlen
 .text.__errno  0x00115918        0xc /opt/devkitpro/devkitARM/bin/../lib/gcc/arm-none-eabi/14.2.0/../../../../arm-none-eabi/lib/armv6k/fpu/libg.a(libc_a-errno.o)
                0x00115918                __errno
 .text.malloc   0x00115924       0x34 /opt/devkitpro/devkitARM/bin/../lib/gcc/arm-none-eabi/14.2.0/../../../../arm-none-eabi/lib/armv6k/fpu/libg.a(libc_a-malloc.o)
                0x00115924                malloc
 .text.free     0x00115958       0x18 /opt/devkitpro/devkitARM/bin/../lib/gcc/arm-none-eabi/14.2.0/../../../../arm-none-eabi/lib/armv6k/fpu/libg.a(libc_a-malloc.o)
                0x00115958                free
 .text.memcpy   0x00115970      0x130 /opt/devkitpro/devkitARM/bin/../lib/gcc/arm-none-eabi/14.2.0/../../../../arm-none-eabi/lib/armv6k/fpu/libg.a(libc_a-memcpy-stub.o)
                0x00115970                memcpy
 .text.printf   0x00115aa0       0x34 /opt/devkitpro/devkitARM/bin/../lib/gcc/arm-none-eabi/14.2.0/../../../../arm-none-eabi/lib/armv6k/fpu/libg.a(libc_a-printf.o)
                0x00115aa0                printf
 .text._fopen_r
                0x00115ad4      0x134 /opt/devkitpro/devkitARM/bin/../lib/gcc/arm-none-eabi/14.2.0/../../../../arm-none-eabi/lib/armv6k/fpu/libg.a(libc_a-fopen.o)
                0x00115ad4                _fopen_r
 .text.fopen    0x00115c08       0x20 /opt/devkitpro/devkitARM/bin/../lib/gcc/arm-none-eabi/14.2.0/../../../../arm-none-eabi/lib/armv6k/fpu/libg.a(libc_a-fopen.o)
                0x00115c08                fopen
 .text.time     0x00115c28       0x4c /opt/devkitpro/devkitARM/bin/../lib/gcc/arm-none-eabi/14.2.0/../../../../arm-none-eabi/lib/armv6k/fpu/libg.a(libc_a-time.o)
                0x00115c28                time
 .text.memset   0x00115c74       0xe8 /opt/devkitpro/devkitARM/bin/../lib/gcc/arm-none-eabi/14.2.0/../../../../arm-none-eabi/lib/armv6k/fpu/libg.a(libc_a-memset.o)
                0x00115c74                memset
 .text._fwalk_sglue
                0x00115d5c       0x70 /opt/devkitpro/devkitARM/bin/../lib/gcc/arm-none-eabi/14.2.0/../../../../arm-none-eabi/lib/armv6k/fpu/libg.a(libc_a-fwalk.o)
                0x00115d5c                _fwalk_sglue
 .text.__malloc_lock
                0x00115dcc        0xc /opt/devkitpro/devkitARM/bin/../lib/gcc/arm-none-eabi/14.2.0/../../../../arm-none-eabi/lib/armv6k/fpu/libg.a(libc_a-mlock.o)
                0x00115dcc                __malloc_lock
 .text.__malloc_unlock
                0x00115dd8        0xc /opt/devkitpro/devkitARM/bin/../lib/gcc/arm-none-eabi/14.2.0/../../../../arm-none-eabi/lib/armv6k/fpu/libg.a(libc_a-mlock.o)
                0x00115dd8                __malloc_unlock
 .text.__call_exitprocs
                0x00115de4        0x4 /opt/devkitpro/devkitARM/bin/../lib/gcc/arm-none-eabi/14.2.0/../../../../arm-none-eabi/lib/armv6k/fpu/libg.a(libc_a-exit.o)
                0x00115de4                __call_exitprocs
 .text.exit     0x00115de8       0x30 /opt/devkitpro/devkitARM/bin/../lib/gcc/arm-none-eabi/14.2.0/../../../../arm-none-eabi/lib/armv6k/fpu/libg.a(libc_a-exit.o)
                0x00115de8                exit
 .text._fseek_r
                0x00115e18       0x1c /opt/devkitpro/devkitARM/bin/../lib/gcc/arm-none-eabi/14.2.0/../../../../arm-none-eabi/lib/armv6k/fpu/libg.a(libc_a-fseek.o)
                0x00115e18                _fseek_r
 .text.strncpy  0x00115e34       0xc4 /opt/devkitpro/devkitARM/bin/../lib/gcc/arm-none-eabi/14.2.0/../../../../arm-none-eabi/lib/armv6k/fpu/libg.a(libc_a-strncpy.o)
                0x00115e34                strncpy
 .text.__sflags
                0x00115ef8       0xb4 /opt/devkitpro/devkitARM/bin/../lib/gcc/arm-none-eabi/14.2.0/../../../../arm-none-eabi/lib/armv6k/fpu/libg.a(libc_a-flags.o)
                0x00115ef8                __sflags
 .text.__libc_init_array
                0x00115fac       0x84 /opt/devkitpro/devkitARM/bin/../lib/gcc/arm-none-eabi/14.2.0/../../../../arm-none-eabi/lib/armv6k/fpu/libg.a(libc_a-init.o)
                0x00115fac                __libc_init_array
 .text.__sflush_r
                0x00116030      0x228 /opt/devkitpro/devkitARM/bin/../lib/gcc/arm-none-eabi/14.2.0/../../../../arm-none-eabi/lib/armv6k/fpu/libg.a(libc_a-fflush.o)
                0x00116030                __sflush_r
 .text._fflush_r
                0x00116258       0x94 /opt/devkitpro/devkitARM/bin/../lib/gcc/arm-none-eabi/14.2.0/../../../../arm-none-eabi/lib/armv6k/fpu/libg.a(libc_a-fflush.o)
                0x00116258                _fflush_r
 .text._memalign_r
                0x001162ec      0x150 /opt/devkitpro/devkitARM/bin/../lib/gcc/arm-none-eabi/14.2.0/../../../../arm-none-eabi/lib/armv6k/fpu/libg.a(libc_a-malignr.o)
                0x001162ec                _memalign_r
 .text.__libc_fini_array
                0x0011643c       0x3c /opt/devkitpro/devkitARM/bin/../lib/gcc/arm-none-eabi/14.2.0/../../../../arm-none-eabi/lib/armv6k/fpu/libg.a(libc_a-fini.o)
                0x0011643c                __libc_fini_array
 .text._fseeko_r
                0x00116478      0x58c /opt/devkitpro/devkitARM/bin/../lib/gcc/arm-none-eabi/14.2.0/../../../../arm-none-eabi/lib/armv6k/fpu/libg.a(libc_a-fseeko.o)
                0x00116478                _fseeko_r
 .text.__sread  0x00116a04       0x44 /opt/devkitpro/devkitARM/bin/../lib/gcc/arm-none-eabi/14.2.0/../../../../arm-none-eabi/lib/armv6k/fpu/libg.a(libc_a-stdio.o)
                0x00116a04                __sread
 .text.__swrite
                0x00116a48       0x68 /opt/devkitpro/devkitARM/bin/../lib/gcc/arm-none-eabi/14.2.0/../../../../arm-none-eabi/lib/armv6k/fpu/libg.a(libc_a-stdio.o)
                0x00116a48                __swrite
 .text.__sseek  0x00116ab0       0x40 /opt/devkitpro/devkitARM/bin/../lib/gcc/arm-none-eabi/14.2.0/../../../../arm-none-eabi/lib/armv6k/fpu/libg.a(libc_a-stdio.o)
                0x00116ab0                __sseek
 .text.__sclose
                0x00116af0        0x8 /opt/devkitpro/devkitARM/bin/../lib/gcc/arm-none-eabi/14.2.0/../../../../arm-none-eabi/lib/armv6k/fpu/libg.a(libc_a-stdio.o)
                0x00116af0                __sclose
 .text.get_arg  0x00116af8      0x5e4 /opt/devkitpro/devkitARM/bin/../lib/gcc/arm-none-eabi/14.2.0/../../../../arm-none-eabi/lib/armv6k/fpu/libg.a(libc_a-vfprintf.o)
 *fill*         0x001170dc        0x4 
 .text._vfprintf_r
                0x001170e0     0x342c /opt/devkitpro/devkitARM/bin/../lib/gcc/arm-none-eabi/14.2.0/../../../../arm-none-eabi/lib/armv6k/fpu/libg.a(libc_a-vfprintf.o)
                0x001170e0                _vfprintf_r
 .text.__sbprintf
                0x0011a50c       0xb8 /opt/devkitpro/devkitARM/bin/../lib/gcc/arm-none-eabi/14.2.0/../../../../arm-none-eabi/lib/armv6k/fpu/libg.a(libc_a-vfprintf.o)
 .text.quorem   0x0011a5c4      0x1b4 /opt/devkitpro/devkitARM/bin/../lib/gcc/arm-none-eabi/14.2.0/../../../../arm-none-eabi/lib/armv6k/fpu/libg.a(libc_a-dtoa.o)
 .text._dtoa_r  0x0011a778     0x1370 /opt/devkitpro/devkitARM/bin/../lib/gcc/arm-none-eabi/14.2.0/../../../../arm-none-eabi/lib/armv6k/fpu/libg.a(libc_a-dtoa.o)
                0x0011a778                _dtoa_r
 .text._wcrtomb_r
                0x0011bae8       0xa0 /opt/devkitpro/devkitARM/bin/../lib/gcc/arm-none-eabi/14.2.0/../../../../arm-none-eabi/lib/armv6k/fpu/libg.a(libc_a-wcrtomb.o)
                0x0011bae8                _wcrtomb_r
 .text._wcsrtombs_r
                0x0011bb88       0x28 /opt/devkitpro/devkitARM/bin/../lib/gcc/arm-none-eabi/14.2.0/../../../../arm-none-eabi/lib/armv6k/fpu/libg.a(libc_a-wcsrtombs.o)
                0x0011bb88                _wcsrtombs_r
 .text.__swsetup_r
                0x0011bbb0      0x194 /opt/devkitpro/devkitARM/bin/../lib/gcc/arm-none-eabi/14.2.0/../../../../arm-none-eabi/lib/armv6k/fpu/libg.a(libc_a-wsetup.o)
                0x0011bbb0                __swsetup_r
 *fill*         0x0011bd44        0x4 
 .text.frexp    0x0011bd48       0x88 /opt/devkitpro/devkitARM/bin/../lib/gcc/arm-none-eabi/14.2.0/../../../../arm-none-eabi/lib/armv6k/fpu/libg.a(libm_a-s_frexp.o)
                0x0011bd48                frexp
 .text.__assert_func
                0x0011bdd0       0x5c /opt/devkitpro/devkitARM/bin/../lib/gcc/arm-none-eabi/14.2.0/../../../../arm-none-eabi/lib/armv6k/fpu/libg.a(libc_a-assert.o)
                0x0011bdd0                __assert_func
 .text._Balloc  0x0011be2c       0x88 /opt/devkitpro/devkitARM/bin/../lib/gcc/arm-none-eabi/14.2.0/../../../../arm-none-eabi/lib/armv6k/fpu/libg.a(libc_a-mprec.o)
                0x0011be2c                _Balloc
 .text._Bfree   0x0011beb4       0x1c /opt/devkitpro/devkitARM/bin/../lib/gcc/arm-none-eabi/14.2.0/../../../../arm-none-eabi/lib/armv6k/fpu/libg.a(libc_a-mprec.o)
                0x0011beb4                _Bfree
 .text.__multadd
                0x0011bed0       0xf4 /opt/devkitpro/devkitARM/bin/../lib/gcc/arm-none-eabi/14.2.0/../../../../arm-none-eabi/lib/armv6k/fpu/libg.a(libc_a-mprec.o)
                0x0011bed0                __multadd
 .text.__hi0bits
                0x0011bfc4       0x80 /opt/devkitpro/devkitARM/bin/../lib/gcc/arm-none-eabi/14.2.0/../../../../arm-none-eabi/lib/armv6k/fpu/libg.a(libc_a-mprec.o)
                0x0011bfc4                __hi0bits
 .text.__lo0bits
                0x0011c044       0xf4 /opt/devkitpro/devkitARM/bin/../lib/gcc/arm-none-eabi/14.2.0/../../../../arm-none-eabi/lib/armv6k/fpu/libg.a(libc_a-mprec.o)
                0x0011c044                __lo0bits
 .text.__i2b    0x0011c138       0xa4 /opt/devkitpro/devkitARM/bin/../lib/gcc/arm-none-eabi/14.2.0/../../../../arm-none-eabi/lib/armv6k/fpu/libg.a(libc_a-mprec.o)
                0x0011c138                __i2b
 .text.__multiply
                0x0011c1dc      0x208 /opt/devkitpro/devkitARM/bin/../lib/gcc/arm-none-eabi/14.2.0/../../../../arm-none-eabi/lib/armv6k/fpu/libg.a(libc_a-mprec.o)
                0x0011c1dc                __multiply
 .text.__pow5mult
                0x0011c3e4      0x130 /opt/devkitpro/devkitARM/bin/../lib/gcc/arm-none-eabi/14.2.0/../../../../arm-none-eabi/lib/armv6k/fpu/libg.a(libc_a-mprec.o)
                0x0011c3e4                __pow5mult
 .text.__lshift
                0x0011c514      0x138 /opt/devkitpro/devkitARM/bin/../lib/gcc/arm-none-eabi/14.2.0/../../../../arm-none-eabi/lib/armv6k/fpu/libg.a(libc_a-mprec.o)
                0x0011c514                __lshift
 .text.__mcmp   0x0011c64c       0x58 /opt/devkitpro/devkitARM/bin/../lib/gcc/arm-none-eabi/14.2.0/../../../../arm-none-eabi/lib/armv6k/fpu/libg.a(libc_a-mprec.o)
                0x0011c64c                __mcmp
 .text.__mdiff  0x0011c6a4      0x1f0 /opt/devkitpro/devkitARM/bin/../lib/gcc/arm-none-eabi/14.2.0/../../../../arm-none-eabi/lib/armv6k/fpu/libg.a(libc_a-mprec.o)
                0x0011c6a4                __mdiff
 .text.__d2b    0x0011c894      0x120 /opt/devkitpro/devkitARM/bin/../lib/gcc/arm-none-eabi/14.2.0/../../../../arm-none-eabi/lib/armv6k/fpu/libg.a(libc_a-mprec.o)
                0x0011c894                __d2b
 .text.__locale_mb_cur_max
                0x0011c9b4       0x24 /opt/devkitpro/devkitARM/bin/../lib/gcc/arm-none-eabi/14.2.0/../../../../arm-none-eabi/lib/armv6k/fpu/libg.a(libc_a-locale.o)
                0x0011c9b4                __locale_mb_cur_max
 .text.fiprintf
                0x0011c9d8       0x3c /opt/devkitpro/devkitARM/bin/../lib/gcc/arm-none-eabi/14.2.0/../../../../arm-none-eabi/lib/armv6k/fpu/libg.a(libc_a-fiprintf.o)
                0x0011c9d8                fiprintf
 .text.memchr   0x0011ca14       0xe0 /opt/devkitpro/devkitARM/bin/../lib/gcc/arm-none-eabi/14.2.0/../../../../arm-none-eabi/lib/armv6k/fpu/libg.a(libc_a-memchr-stub.o)
                0x0011ca14                memchr
 .text._wcsnrtombs_l
                0x0011caf4      0x160 /opt/devkitpro/devkitARM/bin/../lib/gcc/arm-none-eabi/14.2.0/../../../../arm-none-eabi/lib/armv6k/fpu/libg.a(libc_a-wcsnrtombs.o)
                0x0011caf4                _wcsnrtombs_l
 .text._wcsnrtombs_r
                0x0011cc54       0x64 /opt/devkitpro/devkitARM/bin/../lib/gcc/arm-none-eabi/14.2.0/../../../../arm-none-eabi/lib/armv6k/fpu/libg.a(libc_a-wcsnrtombs.o)
                0x0011cc54                _wcsnrtombs_r
 .text.__utf8_mbtowc
                0x0011ccb8      0x324 /opt/devkitpro/devkitARM/bin/../lib/gcc/arm-none-eabi/14.2.0/../../../../arm-none-eabi/lib/armv6k/fpu/libg.a(libc_a-mbtowc_r.o)
                0x0011ccb8                __utf8_mbtowc
 .text.__sprint_r
                0x0011cfdc       0x30 /opt/devkitpro/devkitARM/bin/../lib/gcc/arm-none-eabi/14.2.0/../../../../arm-none-eabi/lib/armv6k/fpu/libg.a(libc_a-sprint_r.o)
                0x0011cfdc                __sprint_r
 .text.abort    0x0011d00c       0x14 /opt/devkitpro/devkitARM/bin/../lib/gcc/arm-none-eabi/14.2.0/../../../../arm-none-eabi/lib/armv6k/fpu/libg.a(libc_a-abort.o)
                0x0011d00c                abort
 .text._localeconv_r
                0x0011d020       0x24 /opt/devkitpro/devkitARM/bin/../lib/gcc/arm-none-eabi/14.2.0/../../../../arm-none-eabi/lib/armv6k/fpu/libg.a(libc_a-localeconv.o)
                0x0011d020                _localeconv_r
 .text.__utf8_wctomb
                0x0011d044       0xf0 /opt/devkitpro/devkitARM/bin/../lib/gcc/arm-none-eabi/14.2.0/../../../../arm-none-eabi/lib/armv6k/fpu/libg.a(libc_a-wctomb_r.o)
                0x0011d044                __utf8_wctomb
 .text.memmove  0x0011d134      0x160 /opt/devkitpro/devkitARM/bin/../lib/gcc/arm-none-eabi/14.2.0/../../../../arm-none-eabi/lib/armv6k/fpu/libg.a(libc_a-memmove.o)
                0x0011d134                memmove
 .text._raise_r
                0x0011d294       0x90 /opt/devkitpro/devkitARM/bin/../lib/gcc/arm-none-eabi/14.2.0/../../../../arm-none-eabi/lib/armv6k/fpu/libg.a(libc_a-signal.o)
                0x0011d294                _raise_r
 .text.raise    0x0011d324       0x18 /opt/devkitpro/devkitARM/bin/../lib/gcc/arm-none-eabi/14.2.0/../../../../arm-none-eabi/lib/armv6k/fpu/libg.a(libc_a-signal.o)
                0x0011d324                raise
 .text.__sfvwrite_r
                0x0011d33c      0x480 /opt/devkitpro/devkitARM/bin/../lib/gcc/arm-none-eabi/14.2.0/../../../../arm-none-eabi/lib/armv6k/fpu/libg.a(libc_a-fvwrite.o)
                0x0011d33c                __sfvwrite_r
 .text.get_arg  0x0011d7bc      0x5e4 /opt/devkitpro/devkitARM/bin/../lib/gcc/arm-none-eabi/14.2.0/../../../../arm-none-eabi/lib/armv6k/fpu/libg.a(libc_a-vfiprintf.o)
 .text._vfiprintf_r
                0x0011dda0     0x2264 /opt/devkitpro/devkitARM/bin/../lib/gcc/arm-none-eabi/14.2.0/../../../../arm-none-eabi/lib/armv6k/fpu/libg.a(libc_a-vfiprintf.o)
                0x0011dda0                _vfiprintf_r
 .text.__sbprintf
                0x00120004       0xb8 /opt/devkitpro/devkitARM/bin/../lib/gcc/arm-none-eabi/14.2.0/../../../../arm-none-eabi/lib/armv6k/fpu/libg.a(libc_a-vfiprintf.o)
 .text._realloc_r
                0x001200bc      0x4a4 /opt/devkitpro/devkitARM/bin/../lib/gcc/arm-none-eabi/14.2.0/../../../../arm-none-eabi/lib/armv6k/fpu/libg.a(libc_a-reallocr.o)
                0x001200bc                _realloc_r
 .text._exit    0x00120560       0x20 /opt/devkitpro/devkitARM/bin/../lib/gcc/arm-none-eabi/14.2.0/../../../../arm-none-eabi/lib/armv6k/fpu/libsysbase.a(libsysbase_libsysbase_a-_exit.o)
                0x00120560                _exit
 .text.chdir    0x00120580      0x13c /opt/devkitpro/devkitARM/bin/../lib/gcc/arm-none-eabi/14.2.0/../../../../arm-none-eabi/lib/armv6k/fpu/libsysbase.a(libsysbase_libsysbase_a-chdir.o)
                0x00120580                chdir
 .text._concatenate_path
                0x001206bc      0x1cc /opt/devkitpro/devkitARM/bin/../lib/gcc/arm-none-eabi/14.2.0/../../../../arm-none-eabi/lib/armv6k/fpu/libsysbase.a(libsysbase_libsysbase_a-concatenate.o)
                0x001206bc                _concatenate_path
 .text._fstat_r
                0x00120888       0x88 /opt/devkitpro/devkitARM/bin/../lib/gcc/arm-none-eabi/14.2.0/../../../../arm-none-eabi/lib/armv6k/fpu/libsysbase.a(libsysbase_libsysbase_a-fstat.o)
                0x00120888                _fstat_r
 .text._getpid_r
                0x00120910       0x14 /opt/devkitpro/devkitARM/bin/../lib/gcc/arm-none-eabi/14.2.0/../../../../arm-none-eabi/lib/armv6k/fpu/libsysbase.a(libsysbase_libsysbase_a-getpid.o)
                0x00120910                _getpid_r
 .text.__getreent
                0x00120924       0x2c /opt/devkitpro/devkitARM/bin/../lib/gcc/arm-none-eabi/14.2.0/../../../../arm-none-eabi/lib/armv6k/fpu/libsysbase.a(libsysbase_libsysbase_a-getreent.o)
                0x00120924                __getreent
 .text._gettimeofday_r
                0x00120950       0x30 /opt/devkitpro/devkitARM/bin/../lib/gcc/arm-none-eabi/14.2.0/../../../../arm-none-eabi/lib/armv6k/fpu/libsysbase.a(libsysbase_libsysbase_a-gettod.o)
                0x00120950                _gettimeofday_r
 .text.__release_handle
                0x00120980       0x8c /opt/devkitpro/devkitARM/bin/../lib/gcc/arm-none-eabi/14.2.0/../../../../arm-none-eabi/lib/armv6k/fpu/libsysbase.a(libsysbase_libsysbase_a-handle_manager.o)
                0x00120980                __release_handle
 .text.__alloc_handle
                0x00120a0c       0xb0 /opt/devkitpro/devkitARM/bin/../lib/gcc/arm-none-eabi/14.2.0/../../../../arm-none-eabi/lib/armv6k/fpu/libsysbase.a(libsysbase_libsysbase_a-handle_manager.o)
                0x00120a0c                __alloc_handle
 .text.__get_handle
                0x00120abc       0x3c /opt/devkitpro/devkitARM/bin/../lib/gcc/arm-none-eabi/14.2.0/../../../../arm-none-eabi/lib/armv6k/fpu/libsysbase.a(libsysbase_libsysbase_a-handle_manager.o)
                0x00120abc                __get_handle
 .text._close_r
                0x00120af8       0xf4 /opt/devkitpro/devkitARM/bin/../lib/gcc/arm-none-eabi/14.2.0/../../../../arm-none-eabi/lib/armv6k/fpu/libsysbase.a(libsysbase_libsysbase_a-handle_manager.o)
                0x00120af8                _close_r
 .text.null_write
                0x00120bec        0x8 /opt/devkitpro/devkitARM/bin/../lib/gcc/arm-none-eabi/14.2.0/../../../../arm-none-eabi/lib/armv6k/fpu/libsysbase.a(libsysbase_libsysbase_a-iosupport.o)
 .text.setDefaultDevice
                0x00120bf4       0x18 /opt/devkitpro/devkitARM/bin/../lib/gcc/arm-none-eabi/14.2.0/../../../../arm-none-eabi/lib/armv6k/fpu/libsysbase.a(libsysbase_libsysbase_a-iosupport.o)
                0x00120bf4                setDefaultDevice
 .text.FindDevice
                0x00120c0c       0xc8 /opt/devkitpro/devkitARM/bin/../lib/gcc/arm-none-eabi/14.2.0/../../../../arm-none-eabi/lib/armv6k/fpu/libsysbase.a(libsysbase_libsysbase_a-iosupport.o)
                0x00120c0c                FindDevice
 .text.RemoveDevice
                0x00120cd4       0x28 /opt/devkitpro/devkitARM/bin/../lib/gcc/arm-none-eabi/14.2.0/../../../../arm-none-eabi/lib/armv6k/fpu/libsysbase.a(libsysbase_libsysbase_a-iosupport.o)
                0x00120cd4                RemoveDevice
 .text.AddDevice
                0x00120cfc       0x98 /opt/devkitpro/devkitARM/bin/../lib/gcc/arm-none-eabi/14.2.0/../../../../arm-none-eabi/lib/armv6k/fpu/libsysbase.a(libsysbase_libsysbase_a-iosupport.o)
                0x00120cfc                AddDevice
 .text.GetDeviceOpTab
                0x00120d94       0x20 /opt/devkitpro/devkitARM/bin/../lib/gcc/arm-none-eabi/14.2.0/../../../../arm-none-eabi/lib/armv6k/fpu/libsysbase.a(libsysbase_libsysbase_a-iosupport.o)
                0x00120d94                GetDeviceOpTab
 .text._isatty_r
                0x00120db4        0x8 /opt/devkitpro/devkitARM/bin/../lib/gcc/arm-none-eabi/14.2.0/../../../../arm-none-eabi/lib/armv6k/fpu/libsysbase.a(libsysbase_libsysbase_a-isatty.o)
                0x00120db4                _isatty_r
 .text._kill_r  0x00120dbc       0x14 /opt/devkitpro/devkitARM/bin/../lib/gcc/arm-none-eabi/14.2.0/../../../../arm-none-eabi/lib/armv6k/fpu/libsysbase.a(libsysbase_libsysbase_a-kill.o)
                0x00120dbc                _kill_r
 .text._lseek_r
                0x00120dd0       0x8c /opt/devkitpro/devkitARM/bin/../lib/gcc/arm-none-eabi/14.2.0/../../../../arm-none-eabi/lib/armv6k/fpu/libsysbase.a(libsysbase_libsysbase_a-lseek.o)
                0x00120dd0                _lseek_r
 .text._open_r  0x00120e5c       0xbc /opt/devkitpro/devkitARM/bin/../lib/gcc/arm-none-eabi/14.2.0/../../../../arm-none-eabi/lib/armv6k/fpu/libsysbase.a(libsysbase_libsysbase_a-open.o)
                0x00120e5c                _open_r
 .text._read_r  0x00120f18       0x88 /opt/devkitpro/devkitARM/bin/../lib/gcc/arm-none-eabi/14.2.0/../../../../arm-none-eabi/lib/armv6k/fpu/libsysbase.a(libsysbase_libsysbase_a-read.o)
                0x00120f18                _read_r
 .text._sbrk_r  0x00120fa0       0x78 /opt/devkitpro/devkitARM/bin/../lib/gcc/arm-none-eabi/14.2.0/../../../../arm-none-eabi/lib/armv6k/fpu/libsysbase.a(libsysbase_libsysbase_a-sbrk.o)
                0x00120fa0                _sbrk_r
 .text.__libc_lock_acquire
                0x00121018       0x1c /opt/devkitpro/devkitARM/bin/../lib/gcc/arm-none-eabi/14.2.0/../../../../arm-none-eabi/lib/armv6k/fpu/libsysbase.a(libsysbase_libsysbase_a-syscall_support.o)
                0x00121018                __libc_lock_acquire
 .text.__libc_lock_release